2026-05-18 01:04:32.994543: E external/local_xla/xla/stream_executor/cuda/cuda_dnn.cc:9261] Unable to register cuDNN factory: Attempting to register factory for plugin cuDNN when one has already been registered
2026-05-18 01:04:32.994576: E external/local_xla/xla/stream_executor/cuda/cuda_fft.cc:607] Unable to register cuFFT factory: Attempting to register factory for plugin cuFFT when one has already been registered
2026-05-18 01:04:32.995884: E external/local_xla/xla/stream_executor/cuda/cuda_blas.cc:1515] Unable to register cuBLAS factory: Attempting to register factory for plugin cuBLAS when one has already been registered
2026-05-18 01:04:33.853356: W tensorflow/compiler/tf2tensorrt/utils/py_utils.cc:38] TF-TRT Warning: Could not find TensorRT
2026-05-18 01:04:34.460361: I external/local_xla/xla/stream_executor/cuda/cuda_executor.cc:901] successful NUMA node read from SysFS had negative value (-1), but there must be at least one NUMA node, so returning NUMA node zero. See more at https://github.com/torvalds/linux/blob/v6.0/Documentation/ABI/testing/sysfs-bus-pci#L344-L355
2026-05-18 01:04:34.494773: I external/local_xla/xla/stream_executor/cuda/cuda_executor.cc:901] successful NUMA node read from SysFS had negative value (-1), but there must be at least one NUMA node, so returning NUMA node zero. See more at https://github.com/torvalds/linux/blob/v6.0/Documentation/ABI/testing/sysfs-bus-pci#L344-L355
2026-05-18 01:04:34.495052: I external/local_xla/xla/stream_executor/cuda/cuda_executor.cc:901] successful NUMA node read from SysFS had negative value (-1), but there must be at least one NUMA node, so returning NUMA node zero. See more at https://github.com/torvalds/linux/blob/v6.0/Documentation/ABI/testing/sysfs-bus-pci#L344-L355
2026-05-18 01:04:35.570104: I external/local_xla/xla/stream_executor/cuda/cuda_executor.cc:901] successful NUMA node read from SysFS had negative value (-1), but there must be at least one NUMA node, so returning NUMA node zero. See more at https://github.com/torvalds/linux/blob/v6.0/Documentation/ABI/testing/sysfs-bus-pci#L344-L355
2026-05-18 01:04:35.570299: I external/local_xla/xla/stream_executor/cuda/cuda_executor.cc:901] successful NUMA node read from SysFS had negative value (-1), but there must be at least one NUMA node, so returning NUMA node zero. See more at https://github.com/torvalds/linux/blob/v6.0/Documentation/ABI/testing/sysfs-bus-pci#L344-L355
2026-05-18 01:04:35.570437: I external/local_xla/xla/stream_executor/cuda/cuda_executor.cc:901] successful NUMA node read from SysFS had negative value (-1), but there must be at least one NUMA node, so returning NUMA node zero. See more at https://github.com/torvalds/linux/blob/v6.0/Documentation/ABI/testing/sysfs-bus-pci#L344-L355
2026-05-18 01:04:35.639209: I external/local_xla/xla/stream_executor/cuda/cuda_executor.cc:901] successful NUMA node read from SysFS had negative value (-1), but there must be at least one NUMA node, so returning NUMA node zero. See more at https://github.com/torvalds/linux/blob/v6.0/Documentation/ABI/testing/sysfs-bus-pci#L344-L355
2026-05-18 01:04:35.639429: I external/local_xla/xla/stream_executor/cuda/cuda_executor.cc:901] successful NUMA node read from SysFS had negative value (-1), but there must be at least one NUMA node, so returning NUMA node zero. See more at https://github.com/torvalds/linux/blob/v6.0/Documentation/ABI/testing/sysfs-bus-pci#L344-L355
2026-05-18 01:04:35.639612: I external/local_xla/xla/stream_executor/cuda/cuda_executor.cc:901] successful NUMA node read from SysFS had negative value (-1), but there must be at least one NUMA node, so returning NUMA node zero. See more at https://github.com/torvalds/linux/blob/v6.0/Documentation/ABI/testing/sysfs-bus-pci#L344-L355
2026-05-18 01:04:35.639754: I tensorflow/core/common_runtime/gpu/gpu_device.cc:1929] Created device /job:localhost/replica:0/task:0/device:GPU:0 with 7190 MB memory:  -> device: 0, name: NVIDIA GeForce GTX 1070 Ti, pci bus id: 0000:01:00.0, compute capability: 6.1
2026-05-18 01:04:35.814138: I external/local_tsl/tsl/platform/default/subprocess.cc:304] Start cannot spawn child process: No such file or directory
Epoch 1/150
2026-05-18 01:04:38.484365: I external/local_xla/xla/stream_executor/cuda/cuda_dnn.cc:454] Loaded cuDNN version 8904
2026-05-18 01:04:38.572997: I external/local_tsl/tsl/platform/default/subprocess.cc:304] Start cannot spawn child process: No such file or directory
2026-05-18 01:04:40.617393: I external/local_xla/xla/service/service.cc:168] XLA service 0x7bcefc0ac540 initialized for platform CUDA (this does not guarantee that XLA will be used). Devices:
2026-05-18 01:04:40.617426: I external/local_xla/xla/service/service.cc:176]   StreamExecutor device (0): NVIDIA GeForce GTX 1070 Ti, Compute Capability 6.1
2026-05-18 01:04:40.624352: I tensorflow/compiler/mlir/tensorflow/utils/dump_mlir_util.cc:269] disabling MLIR crash reproducer, set env var `MLIR_CRASH_REPRODUCER_DIRECTORY` to enable.
WARNING: All log messages before absl::InitializeLog() is called are written to STDERR
I0000 00:00:1779041080.744681   16125 device_compiler.h:186] Compiled cluster using XLA!  This line is logged at most once for the lifetime of the process.
322/322 - 9s - loss: 0.5459 - val_loss: 0.4758 - lr: 5.0000e-04 - 9s/epoch - 27ms/step
Epoch 2/150
322/322 - 4s - loss: 0.4352 - val_loss: 0.4673 - lr: 5.0000e-04 - 4s/epoch - 11ms/step
Epoch 3/150
322/322 - 4s - loss: 0.4061 - val_loss: 0.4344 - lr: 5.0000e-04 - 4s/epoch - 11ms/step
Epoch 4/150
322/322 - 4s - loss: 0.3946 - val_loss: 0.4626 - lr: 5.0000e-04 - 4s/epoch - 11ms/step
Epoch 5/150
322/322 - 4s - loss: 0.3837 - val_loss: 0.4546 - lr: 5.0000e-04 - 4s/epoch - 11ms/step
Epoch 6/150
322/322 - 4s - loss: 0.3703 - val_loss: 0.4727 - lr: 5.0000e-04 - 4s/epoch - 11ms/step
Epoch 7/150
322/322 - 4s - loss: 0.3614 - val_loss: 0.4583 - lr: 5.0000e-04 - 4s/epoch - 11ms/step
Epoch 8/150
322/322 - 4s - loss: 0.3591 - val_loss: 0.5295 - lr: 5.0000e-04 - 4s/epoch - 11ms/step
Epoch 9/150
322/322 - 4s - loss: 0.3560 - val_loss: 0.4563 - lr: 5.0000e-04 - 4s/epoch - 11ms/step
Epoch 10/150
322/322 - 4s - loss: 0.3392 - val_loss: 0.4487 - lr: 5.0000e-04 - 4s/epoch - 11ms/step
Epoch 11/150
322/322 - 4s - loss: 0.3380 - val_loss: 0.4602 - lr: 5.0000e-04 - 4s/epoch - 11ms/step
Epoch 12/150
322/322 - 4s - loss: 0.3301 - val_loss: 0.4810 - lr: 5.0000e-04 - 4s/epoch - 11ms/step
Epoch 13/150
322/322 - 4s - loss: 0.3253 - val_loss: 0.4150 - lr: 5.0000e-04 - 4s/epoch - 11ms/step
Epoch 14/150
322/322 - 4s - loss: 0.3202 - val_loss: 0.4782 - lr: 5.0000e-04 - 4s/epoch - 11ms/step
Epoch 15/150
322/322 - 4s - loss: 0.3101 - val_loss: 0.4332 - lr: 5.0000e-04 - 4s/epoch - 11ms/step
Epoch 16/150
322/322 - 4s - loss: 0.3056 - val_loss: 0.4771 - lr: 5.0000e-04 - 4s/epoch - 11ms/step
Epoch 17/150
322/322 - 4s - loss: 0.3000 - val_loss: 0.4676 - lr: 5.0000e-04 - 4s/epoch - 11ms/step
Epoch 18/150
322/322 - 4s - loss: 0.2950 - val_loss: 0.4847 - lr: 5.0000e-04 - 4s/epoch - 11ms/step
Epoch 19/150
322/322 - 4s - loss: 0.2923 - val_loss: 0.4932 - lr: 5.0000e-04 - 4s/epoch - 11ms/step
Epoch 20/150
322/322 - 4s - loss: 0.2845 - val_loss: 0.4772 - lr: 5.0000e-04 - 4s/epoch - 11ms/step
Epoch 21/150
322/322 - 3s - loss: 0.2894 - val_loss: 0.5074 - lr: 5.0000e-04 - 3s/epoch - 11ms/step
Epoch 22/150
322/322 - 4s - loss: 0.2883 - val_loss: 0.4791 - lr: 5.0000e-04 - 4s/epoch - 11ms/step
Epoch 23/150
322/322 - 4s - loss: 0.2794 - val_loss: 0.4853 - lr: 5.0000e-04 - 4s/epoch - 11ms/step
Epoch 24/150
322/322 - 4s - loss: 0.2804 - val_loss: 0.5134 - lr: 5.0000e-04 - 4s/epoch - 11ms/step
Epoch 25/150
322/322 - 4s - loss: 0.2869 - val_loss: 0.4739 - lr: 5.0000e-04 - 4s/epoch - 11ms/step
Epoch 26/150
322/322 - 4s - loss: 0.2584 - val_loss: 0.5067 - lr: 2.5000e-04 - 4s/epoch - 11ms/step
Epoch 27/150
322/322 - 4s - loss: 0.2548 - val_loss: 0.4618 - lr: 2.5000e-04 - 4s/epoch - 11ms/step
Epoch 28/150
322/322 - 4s - loss: 0.2536 - val_loss: 0.5580 - lr: 2.5000e-04 - 4s/epoch - 11ms/step
Epoch 29/150
322/322 - 4s - loss: 0.2548 - val_loss: 0.4999 - lr: 2.5000e-04 - 4s/epoch - 11ms/step
Epoch 30/150
322/322 - 4s - loss: 0.2485 - val_loss: 0.5170 - lr: 2.5000e-04 - 4s/epoch - 11ms/step
Epoch 31/150
322/322 - 4s - loss: 0.2473 - val_loss: 0.5010 - lr: 2.5000e-04 - 4s/epoch - 11ms/step
Epoch 32/150
322/322 - 4s - loss: 0.2482 - val_loss: 0.4901 - lr: 2.5000e-04 - 4s/epoch - 11ms/step
Epoch 33/150
322/322 - 4s - loss: 0.2464 - val_loss: 0.5179 - lr: 2.5000e-04 - 4s/epoch - 11ms/step
Epoch 34/150
322/322 - 4s - loss: 0.2460 - val_loss: 0.5017 - lr: 2.5000e-04 - 4s/epoch - 11ms/step
Epoch 35/150
322/322 - 3s - loss: 0.2450 - val_loss: 0.5078 - lr: 2.5000e-04 - 3s/epoch - 11ms/step
Epoch 36/150
322/322 - 4s - loss: 0.2446 - val_loss: 0.5192 - lr: 2.5000e-04 - 4s/epoch - 11ms/step
Epoch 37/150
322/322 - 4s - loss: 0.2430 - val_loss: 0.5105 - lr: 2.5000e-04 - 4s/epoch - 11ms/step
Epoch 38/150
322/322 - 4s - loss: 0.2341 - val_loss: 0.5080 - lr: 1.2500e-04 - 4s/epoch - 11ms/step
[OK] Done: /home/ai-station/Projects_code/SUT_Rice_Project_2024/BPH_Research/results/out_train_w60_h7_full/cnn_lstm_core
