2026-05-18 01:07:04.736676: E external/local_xla/xla/stream_executor/cuda/cuda_dnn.cc:9261] Unable to register cuDNN factory: Attempting to register factory for plugin cuDNN when one has already been registered
2026-05-18 01:07:04.736712: E external/local_xla/xla/stream_executor/cuda/cuda_fft.cc:607] Unable to register cuFFT factory: Attempting to register factory for plugin cuFFT when one has already been registered
2026-05-18 01:07:04.738128: E external/local_xla/xla/stream_executor/cuda/cuda_blas.cc:1515] Unable to register cuBLAS factory: Attempting to register factory for plugin cuBLAS when one has already been registered
2026-05-18 01:07:05.581433: W tensorflow/compiler/tf2tensorrt/utils/py_utils.cc:38] TF-TRT Warning: Could not find TensorRT
2026-05-18 01:07:06.169439: I external/local_xla/xla/stream_executor/cuda/cuda_executor.cc:901] successful NUMA node read from SysFS had negative value (-1), but there must be at least one NUMA node, so returning NUMA node zero. See more at https://github.com/torvalds/linux/blob/v6.0/Documentation/ABI/testing/sysfs-bus-pci#L344-L355
2026-05-18 01:07:06.203459: I external/local_xla/xla/stream_executor/cuda/cuda_executor.cc:901] successful NUMA node read from SysFS had negative value (-1), but there must be at least one NUMA node, so returning NUMA node zero. See more at https://github.com/torvalds/linux/blob/v6.0/Documentation/ABI/testing/sysfs-bus-pci#L344-L355
2026-05-18 01:07:06.203695: I external/local_xla/xla/stream_executor/cuda/cuda_executor.cc:901] successful NUMA node read from SysFS had negative value (-1), but there must be at least one NUMA node, so returning NUMA node zero. See more at https://github.com/torvalds/linux/blob/v6.0/Documentation/ABI/testing/sysfs-bus-pci#L344-L355
2026-05-18 01:07:07.275604: I external/local_xla/xla/stream_executor/cuda/cuda_executor.cc:901] successful NUMA node read from SysFS had negative value (-1), but there must be at least one NUMA node, so returning NUMA node zero. See more at https://github.com/torvalds/linux/blob/v6.0/Documentation/ABI/testing/sysfs-bus-pci#L344-L355
2026-05-18 01:07:07.275882: I external/local_xla/xla/stream_executor/cuda/cuda_executor.cc:901] successful NUMA node read from SysFS had negative value (-1), but there must be at least one NUMA node, so returning NUMA node zero. See more at https://github.com/torvalds/linux/blob/v6.0/Documentation/ABI/testing/sysfs-bus-pci#L344-L355
2026-05-18 01:07:07.276082: I external/local_xla/xla/stream_executor/cuda/cuda_executor.cc:901] successful NUMA node read from SysFS had negative value (-1), but there must be at least one NUMA node, so returning NUMA node zero. See more at https://github.com/torvalds/linux/blob/v6.0/Documentation/ABI/testing/sysfs-bus-pci#L344-L355
2026-05-18 01:07:07.347620: I external/local_xla/xla/stream_executor/cuda/cuda_executor.cc:901] successful NUMA node read from SysFS had negative value (-1), but there must be at least one NUMA node, so returning NUMA node zero. See more at https://github.com/torvalds/linux/blob/v6.0/Documentation/ABI/testing/sysfs-bus-pci#L344-L355
2026-05-18 01:07:07.347849: I external/local_xla/xla/stream_executor/cuda/cuda_executor.cc:901] successful NUMA node read from SysFS had negative value (-1), but there must be at least one NUMA node, so returning NUMA node zero. See more at https://github.com/torvalds/linux/blob/v6.0/Documentation/ABI/testing/sysfs-bus-pci#L344-L355
2026-05-18 01:07:07.348028: I external/local_xla/xla/stream_executor/cuda/cuda_executor.cc:901] successful NUMA node read from SysFS had negative value (-1), but there must be at least one NUMA node, so returning NUMA node zero. See more at https://github.com/torvalds/linux/blob/v6.0/Documentation/ABI/testing/sysfs-bus-pci#L344-L355
2026-05-18 01:07:07.348155: I tensorflow/core/common_runtime/gpu/gpu_device.cc:1929] Created device /job:localhost/replica:0/task:0/device:GPU:0 with 7190 MB memory:  -> device: 0, name: NVIDIA GeForce GTX 1070 Ti, pci bus id: 0000:01:00.0, compute capability: 6.1
Epoch 1/200
2026-05-18 01:07:12.118791: I external/local_tsl/tsl/platform/default/subprocess.cc:304] Start cannot spawn child process: No such file or directory
2026-05-18 01:07:14.067109: I external/local_xla/xla/service/service.cc:168] XLA service 0x73b414b6d870 initialized for platform CUDA (this does not guarantee that XLA will be used). Devices:
2026-05-18 01:07:14.067142: I external/local_xla/xla/service/service.cc:176]   StreamExecutor device (0): NVIDIA GeForce GTX 1070 Ti, Compute Capability 6.1
2026-05-18 01:07:14.072747: I tensorflow/compiler/mlir/tensorflow/utils/dump_mlir_util.cc:269] disabling MLIR crash reproducer, set env var `MLIR_CRASH_REPRODUCER_DIRECTORY` to enable.
2026-05-18 01:07:14.087740: I external/local_xla/xla/stream_executor/cuda/cuda_dnn.cc:454] Loaded cuDNN version 8904
WARNING: All log messages before absl::InitializeLog() is called are written to STDERR
I0000 00:00:1779041234.174992   17451 device_compiler.h:186] Compiled cluster using XLA!  This line is logged at most once for the lifetime of the process.
322/322 - 19s - loss: 0.5707 - val_loss: 0.5578 - lr: 5.0000e-04 - 19s/epoch - 59ms/step
Epoch 2/200
322/322 - 10s - loss: 0.4581 - val_loss: 0.5229 - lr: 5.0000e-04 - 10s/epoch - 31ms/step
Epoch 3/200
322/322 - 10s - loss: 0.4185 - val_loss: 0.5156 - lr: 5.0000e-04 - 10s/epoch - 32ms/step
Epoch 4/200
322/322 - 10s - loss: 0.4017 - val_loss: 0.4829 - lr: 5.0000e-04 - 10s/epoch - 31ms/step
Epoch 5/200
322/322 - 10s - loss: 0.3880 - val_loss: 0.4621 - lr: 5.0000e-04 - 10s/epoch - 31ms/step
Epoch 6/200
322/322 - 10s - loss: 0.3784 - val_loss: 0.4815 - lr: 5.0000e-04 - 10s/epoch - 31ms/step
Epoch 7/200
322/322 - 10s - loss: 0.3703 - val_loss: 0.4461 - lr: 5.0000e-04 - 10s/epoch - 32ms/step
Epoch 8/200
322/322 - 10s - loss: 0.3644 - val_loss: 0.5239 - lr: 5.0000e-04 - 10s/epoch - 31ms/step
Epoch 9/200
322/322 - 10s - loss: 0.3594 - val_loss: 0.5519 - lr: 5.0000e-04 - 10s/epoch - 31ms/step
Epoch 10/200
322/322 - 10s - loss: 0.3452 - val_loss: 0.4524 - lr: 5.0000e-04 - 10s/epoch - 31ms/step
Epoch 11/200
322/322 - 10s - loss: 0.3430 - val_loss: 0.5110 - lr: 5.0000e-04 - 10s/epoch - 31ms/step
Epoch 12/200
322/322 - 10s - loss: 0.3347 - val_loss: 0.4893 - lr: 5.0000e-04 - 10s/epoch - 30ms/step
Epoch 13/200
322/322 - 10s - loss: 0.3302 - val_loss: 0.5140 - lr: 5.0000e-04 - 10s/epoch - 31ms/step
Epoch 14/200
322/322 - 10s - loss: 0.3202 - val_loss: 0.5059 - lr: 5.0000e-04 - 10s/epoch - 31ms/step
Epoch 15/200
322/322 - 10s - loss: 0.3122 - val_loss: 0.5406 - lr: 5.0000e-04 - 10s/epoch - 30ms/step
Epoch 16/200
322/322 - 10s - loss: 0.3137 - val_loss: 0.4717 - lr: 5.0000e-04 - 10s/epoch - 31ms/step
Epoch 17/200
322/322 - 10s - loss: 0.3091 - val_loss: 0.5391 - lr: 5.0000e-04 - 10s/epoch - 31ms/step
Epoch 18/200
322/322 - 10s - loss: 0.3065 - val_loss: 0.5380 - lr: 5.0000e-04 - 10s/epoch - 30ms/step
Epoch 19/200
322/322 - 10s - loss: 0.2999 - val_loss: 0.5501 - lr: 5.0000e-04 - 10s/epoch - 31ms/step
Epoch 20/200
322/322 - 10s - loss: 0.3002 - val_loss: 0.4976 - lr: 5.0000e-04 - 10s/epoch - 30ms/step
Epoch 21/200
322/322 - 10s - loss: 0.2963 - val_loss: 0.4809 - lr: 5.0000e-04 - 10s/epoch - 31ms/step
Epoch 22/200
322/322 - 10s - loss: 0.2949 - val_loss: 0.4841 - lr: 5.0000e-04 - 10s/epoch - 30ms/step
Epoch 23/200
322/322 - 10s - loss: 0.2789 - val_loss: 0.5224 - lr: 2.5000e-04 - 10s/epoch - 30ms/step
Epoch 24/200
322/322 - 10s - loss: 0.2767 - val_loss: 0.5262 - lr: 2.5000e-04 - 10s/epoch - 31ms/step
Epoch 25/200
322/322 - 10s - loss: 0.2741 - val_loss: 0.5253 - lr: 2.5000e-04 - 10s/epoch - 32ms/step
Epoch 26/200
322/322 - 10s - loss: 0.2773 - val_loss: 0.5340 - lr: 2.5000e-04 - 10s/epoch - 31ms/step
Epoch 27/200
322/322 - 10s - loss: 0.2742 - val_loss: 0.5027 - lr: 2.5000e-04 - 10s/epoch - 31ms/step
Epoch 28/200
322/322 - 10s - loss: 0.2740 - val_loss: 0.5797 - lr: 2.5000e-04 - 10s/epoch - 31ms/step
Epoch 29/200
322/322 - 10s - loss: 0.2706 - val_loss: 0.5312 - lr: 2.5000e-04 - 10s/epoch - 31ms/step
Epoch 30/200
322/322 - 10s - loss: 0.2688 - val_loss: 0.5185 - lr: 2.5000e-04 - 10s/epoch - 31ms/step
Epoch 31/200
322/322 - 10s - loss: 0.2691 - val_loss: 0.5305 - lr: 2.5000e-04 - 10s/epoch - 31ms/step
Epoch 32/200
322/322 - 10s - loss: 0.2673 - val_loss: 0.5431 - lr: 2.5000e-04 - 10s/epoch - 31ms/step
Epoch 33/200
322/322 - 10s - loss: 0.2679 - val_loss: 0.5414 - lr: 2.5000e-04 - 10s/epoch - 32ms/step
Epoch 34/200
322/322 - 10s - loss: 0.2656 - val_loss: 0.5171 - lr: 2.5000e-04 - 10s/epoch - 31ms/step
Epoch 35/200
322/322 - 10s - loss: 0.2653 - val_loss: 0.5081 - lr: 2.5000e-04 - 10s/epoch - 30ms/step
Epoch 36/200
322/322 - 10s - loss: 0.2647 - val_loss: 0.4921 - lr: 2.5000e-04 - 10s/epoch - 31ms/step
Epoch 37/200
322/322 - 10s - loss: 0.2657 - val_loss: 0.5119 - lr: 2.5000e-04 - 10s/epoch - 31ms/step
[OK] Done: /home/ai-station/Projects_code/SUT_Rice_Project_2024/BPH_Research/results/out_train_w60_h7_full/transformer_core
