Traceback (most recent call last):
  File "/home/ai-station/my_project/.tf251p310/lib/python3.10/site-packages/pandas/compat/_optional.py", line 135, in import_optional_dependency
    module = importlib.import_module(name)
  File "/usr/lib/python3.10/importlib/__init__.py", line 126, in import_module
    return _bootstrap._gcd_import(name[level:], package, level)
  File "<frozen importlib._bootstrap>", line 1050, in _gcd_import
  File "<frozen importlib._bootstrap>", line 1027, in _find_and_load
  File "<frozen importlib._bootstrap>", line 1004, in _find_and_load_unlocked
ModuleNotFoundError: No module named 'tabulate'

During handling of the above exception, another exception occurred:

Traceback (most recent call last):
  File "/home/ai-station/Projects_code/SUT_Rice_Project_2024/BPH_Research/scripts/summarize_runs.py", line 86, in <module>
    main()
  File "/home/ai-station/Projects_code/SUT_Rice_Project_2024/BPH_Research/scripts/summarize_runs.py", line 75, in main
    md = df[[
  File "/home/ai-station/my_project/.tf251p310/lib/python3.10/site-packages/pandas/util/_decorators.py", line 333, in wrapper
    return func(*args, **kwargs)
  File "/home/ai-station/my_project/.tf251p310/lib/python3.10/site-packages/pandas/core/frame.py", line 2994, in to_markdown
    tabulate = import_optional_dependency("tabulate")
  File "/home/ai-station/my_project/.tf251p310/lib/python3.10/site-packages/pandas/compat/_optional.py", line 138, in import_optional_dependency
    raise ImportError(msg)
ImportError: Missing optional dependency 'tabulate'.  Use pip or conda to install tabulate.
