2026-05-13 06:16:14.426365: I tensorflow/core/platform/cpu_feature_guard.cc:210] This TensorFlow binary is optimized to use available CPU instructions in performance-critical operations.
To enable the following instructions: AVX2 FMA, in other operations, rebuild TensorFlow with the appropriate compiler flags.
WARNING: All log messages before absl::InitializeLog() is called are written to STDERR
I0000 00:00:1778627776.647251   97841 gpu_device.cc:2020] Created device /job:localhost/replica:0/task:0/device:GPU:0 with 4620 MB memory:  -> device: 0, name: NVIDIA GeForce GTX 1660 Ti, pci bus id: 0000:01:00.0, compute capability: 7.5
Epoch 1/200
2026-05-13 06:16:21.477007: I external/local_xla/xla/service/service.cc:163] XLA service 0x76d4fc003fb0 initialized for platform CUDA (this does not guarantee that XLA will be used). Devices:
2026-05-13 06:16:21.477020: I external/local_xla/xla/service/service.cc:171]   StreamExecutor device (0): NVIDIA GeForce GTX 1660 Ti, Compute Capability 7.5
2026-05-13 06:16:21.626597: I tensorflow/compiler/mlir/tensorflow/utils/dump_mlir_util.cc:269] disabling MLIR crash reproducer, set env var `MLIR_CRASH_REPRODUCER_DIRECTORY` to enable.
2026-05-13 06:16:22.605499: I external/local_xla/xla/stream_executor/cuda/cuda_dnn.cc:473] Loaded cuDNN version 92200
I0000 00:00:1778627787.556511   97916 device_compiler.h:196] Compiled cluster using XLA!  This line is logged at most once for the lifetime of the process.
322/322 - 19s - 58ms/step - loss: 0.7077 - val_loss: 0.7095 - learning_rate: 5.0000e-04
Epoch 2/200
322/322 - 2s - 7ms/step - loss: 0.6747 - val_loss: 0.6981 - learning_rate: 5.0000e-04
Epoch 3/200
322/322 - 2s - 7ms/step - loss: 0.6623 - val_loss: 0.7069 - learning_rate: 5.0000e-04
Epoch 4/200
322/322 - 2s - 7ms/step - loss: 0.6572 - val_loss: 0.7062 - learning_rate: 5.0000e-04
Epoch 5/200
322/322 - 2s - 7ms/step - loss: 0.6520 - val_loss: 0.7012 - learning_rate: 5.0000e-04
Epoch 6/200
322/322 - 2s - 7ms/step - loss: 0.6485 - val_loss: 0.6900 - learning_rate: 5.0000e-04
Epoch 7/200
322/322 - 2s - 7ms/step - loss: 0.6427 - val_loss: 0.6918 - learning_rate: 5.0000e-04
Epoch 8/200
322/322 - 2s - 7ms/step - loss: 0.6367 - val_loss: 0.6790 - learning_rate: 5.0000e-04
Epoch 9/200
322/322 - 2s - 7ms/step - loss: 0.6294 - val_loss: 0.6972 - learning_rate: 5.0000e-04
Epoch 10/200
322/322 - 2s - 7ms/step - loss: 0.6248 - val_loss: 0.6905 - learning_rate: 5.0000e-04
Epoch 11/200
322/322 - 2s - 7ms/step - loss: 0.6193 - val_loss: 0.6909 - learning_rate: 5.0000e-04
Epoch 12/200
322/322 - 2s - 7ms/step - loss: 0.6148 - val_loss: 0.6900 - learning_rate: 5.0000e-04
Epoch 13/200
322/322 - 2s - 7ms/step - loss: 0.6069 - val_loss: 0.7145 - learning_rate: 5.0000e-04
Epoch 14/200
322/322 - 2s - 7ms/step - loss: 0.6004 - val_loss: 0.7106 - learning_rate: 5.0000e-04
Epoch 15/200
322/322 - 2s - 7ms/step - loss: 0.5952 - val_loss: 0.6986 - learning_rate: 5.0000e-04
Epoch 16/200
322/322 - 2s - 7ms/step - loss: 0.5910 - val_loss: 0.8217 - learning_rate: 5.0000e-04
Epoch 17/200
322/322 - 2s - 7ms/step - loss: 0.5873 - val_loss: 0.7401 - learning_rate: 5.0000e-04
Epoch 18/200
322/322 - 2s - 7ms/step - loss: 0.5762 - val_loss: 0.7542 - learning_rate: 5.0000e-04
Epoch 19/200
322/322 - 2s - 7ms/step - loss: 0.5732 - val_loss: 0.8033 - learning_rate: 5.0000e-04
Epoch 20/200
322/322 - 2s - 7ms/step - loss: 0.5686 - val_loss: 0.7130 - learning_rate: 5.0000e-04
Epoch 21/200
322/322 - 2s - 7ms/step - loss: 0.5603 - val_loss: 0.8030 - learning_rate: 5.0000e-04
Epoch 22/200
322/322 - 2s - 7ms/step - loss: 0.5539 - val_loss: 0.8119 - learning_rate: 5.0000e-04
Epoch 23/200
322/322 - 2s - 7ms/step - loss: 0.5520 - val_loss: 0.7160 - learning_rate: 5.0000e-04
Epoch 24/200
322/322 - 2s - 7ms/step - loss: 0.5294 - val_loss: 0.7885 - learning_rate: 2.5000e-04
Epoch 25/200
322/322 - 2s - 7ms/step - loss: 0.5217 - val_loss: 0.7729 - learning_rate: 2.5000e-04
Epoch 26/200
322/322 - 2s - 7ms/step - loss: 0.5178 - val_loss: 0.7719 - learning_rate: 2.5000e-04
Epoch 27/200
322/322 - 2s - 7ms/step - loss: 0.5108 - val_loss: 0.7590 - learning_rate: 2.5000e-04
Epoch 28/200
322/322 - 2s - 7ms/step - loss: 0.5032 - val_loss: 0.8061 - learning_rate: 2.5000e-04
Epoch 29/200
322/322 - 2s - 7ms/step - loss: 0.5028 - val_loss: 0.8250 - learning_rate: 2.5000e-04
Epoch 30/200
322/322 - 2s - 7ms/step - loss: 0.4962 - val_loss: 0.8074 - learning_rate: 2.5000e-04
Epoch 31/200
322/322 - 2s - 7ms/step - loss: 0.4887 - val_loss: 0.8235 - learning_rate: 2.5000e-04
Epoch 32/200
322/322 - 2s - 7ms/step - loss: 0.4849 - val_loss: 0.8070 - learning_rate: 2.5000e-04
Epoch 33/200
322/322 - 2s - 7ms/step - loss: 0.4850 - val_loss: 0.8149 - learning_rate: 2.5000e-04
Epoch 34/200
322/322 - 2s - 7ms/step - loss: 0.4800 - val_loss: 0.8104 - learning_rate: 2.5000e-04
Epoch 35/200
322/322 - 2s - 7ms/step - loss: 0.4766 - val_loss: 0.8263 - learning_rate: 2.5000e-04
Epoch 36/200
322/322 - 2s - 7ms/step - loss: 0.4707 - val_loss: 0.7948 - learning_rate: 2.5000e-04
Epoch 37/200
322/322 - 2s - 7ms/step - loss: 0.4654 - val_loss: 0.8488 - learning_rate: 2.5000e-04
Epoch 38/200
322/322 - 2s - 7ms/step - loss: 0.4614 - val_loss: 0.8092 - learning_rate: 2.5000e-04
[OK] Done: /home/natthawut/My_projects/SUT_Rice_Project_2024/out_train_w60_h7/transformer_core
