2026-05-13 06:14:42.782794: I tensorflow/core/platform/cpu_feature_guard.cc:210] This TensorFlow binary is optimized to use available CPU instructions in performance-critical operations.
To enable the following instructions: AVX2 FMA, in other operations, rebuild TensorFlow with the appropriate compiler flags.
WARNING: All log messages before absl::InitializeLog() is called are written to STDERR
I0000 00:00:1778627685.006346   93877 gpu_device.cc:2020] Created device /job:localhost/replica:0/task:0/device:GPU:0 with 4620 MB memory:  -> device: 0, name: NVIDIA GeForce GTX 1660 Ti, pci bus id: 0000:01:00.0, compute capability: 7.5
Epoch 1/150
2026-05-13 06:14:46.941270: I external/local_xla/xla/stream_executor/cuda/cuda_dnn.cc:473] Loaded cuDNN version 92200
322/322 - 4s - 13ms/step - loss: 0.7070 - val_loss: 0.7175 - learning_rate: 5.0000e-04
Epoch 2/150
322/322 - 2s - 5ms/step - loss: 0.6821 - val_loss: 0.7092 - learning_rate: 5.0000e-04
Epoch 3/150
322/322 - 2s - 5ms/step - loss: 0.6713 - val_loss: 0.6954 - learning_rate: 5.0000e-04
Epoch 4/150
322/322 - 2s - 5ms/step - loss: 0.6654 - val_loss: 0.6888 - learning_rate: 5.0000e-04
Epoch 5/150
322/322 - 2s - 5ms/step - loss: 0.6612 - val_loss: 0.6891 - learning_rate: 5.0000e-04
Epoch 6/150
322/322 - 2s - 5ms/step - loss: 0.6607 - val_loss: 0.6908 - learning_rate: 5.0000e-04
Epoch 7/150
322/322 - 2s - 5ms/step - loss: 0.6582 - val_loss: 0.6972 - learning_rate: 5.0000e-04
Epoch 8/150
322/322 - 2s - 5ms/step - loss: 0.6537 - val_loss: 0.6936 - learning_rate: 5.0000e-04
Epoch 9/150
322/322 - 2s - 5ms/step - loss: 0.6536 - val_loss: 0.6970 - learning_rate: 5.0000e-04
Epoch 10/150
322/322 - 2s - 5ms/step - loss: 0.6509 - val_loss: 0.6949 - learning_rate: 5.0000e-04
Epoch 11/150
322/322 - 2s - 5ms/step - loss: 0.6493 - val_loss: 0.6981 - learning_rate: 5.0000e-04
Epoch 12/150
322/322 - 2s - 5ms/step - loss: 0.6471 - val_loss: 0.7049 - learning_rate: 5.0000e-04
Epoch 13/150
322/322 - 2s - 5ms/step - loss: 0.6421 - val_loss: 0.7071 - learning_rate: 5.0000e-04
Epoch 14/150
322/322 - 2s - 5ms/step - loss: 0.6411 - val_loss: 0.6837 - learning_rate: 5.0000e-04
Epoch 15/150
322/322 - 2s - 5ms/step - loss: 0.6371 - val_loss: 0.6905 - learning_rate: 5.0000e-04
Epoch 16/150
322/322 - 2s - 5ms/step - loss: 0.6351 - val_loss: 0.6864 - learning_rate: 5.0000e-04
Epoch 17/150
322/322 - 2s - 5ms/step - loss: 0.6289 - val_loss: 0.6560 - learning_rate: 5.0000e-04
Epoch 18/150
322/322 - 2s - 5ms/step - loss: 0.6286 - val_loss: 0.6882 - learning_rate: 5.0000e-04
Epoch 19/150
322/322 - 2s - 5ms/step - loss: 0.6276 - val_loss: 0.6545 - learning_rate: 5.0000e-04
Epoch 20/150
322/322 - 2s - 5ms/step - loss: 0.6198 - val_loss: 0.6555 - learning_rate: 5.0000e-04
Epoch 21/150
322/322 - 2s - 5ms/step - loss: 0.6197 - val_loss: 0.6860 - learning_rate: 5.0000e-04
Epoch 22/150
322/322 - 2s - 5ms/step - loss: 0.6179 - val_loss: 0.6527 - learning_rate: 5.0000e-04
Epoch 23/150
322/322 - 2s - 5ms/step - loss: 0.6130 - val_loss: 0.6801 - learning_rate: 5.0000e-04
Epoch 24/150
322/322 - 2s - 5ms/step - loss: 0.6105 - val_loss: 0.7024 - learning_rate: 5.0000e-04
Epoch 25/150
322/322 - 2s - 5ms/step - loss: 0.6079 - val_loss: 0.6948 - learning_rate: 5.0000e-04
Epoch 26/150
322/322 - 2s - 5ms/step - loss: 0.6031 - val_loss: 0.7134 - learning_rate: 5.0000e-04
Epoch 27/150
322/322 - 2s - 5ms/step - loss: 0.6018 - val_loss: 0.6985 - learning_rate: 5.0000e-04
Epoch 28/150
322/322 - 2s - 5ms/step - loss: 0.5984 - val_loss: 0.6333 - learning_rate: 5.0000e-04
Epoch 29/150
322/322 - 2s - 5ms/step - loss: 0.5967 - val_loss: 0.7446 - learning_rate: 5.0000e-04
Epoch 30/150
322/322 - 2s - 5ms/step - loss: 0.5934 - val_loss: 0.7232 - learning_rate: 5.0000e-04
Epoch 31/150
322/322 - 2s - 5ms/step - loss: 0.5953 - val_loss: 0.7073 - learning_rate: 5.0000e-04
Epoch 32/150
322/322 - 2s - 5ms/step - loss: 0.5871 - val_loss: 0.7507 - learning_rate: 5.0000e-04
Epoch 33/150
322/322 - 2s - 5ms/step - loss: 0.5846 - val_loss: 0.7184 - learning_rate: 5.0000e-04
Epoch 34/150
322/322 - 2s - 5ms/step - loss: 0.5801 - val_loss: 0.7114 - learning_rate: 5.0000e-04
Epoch 35/150
322/322 - 2s - 5ms/step - loss: 0.5766 - val_loss: 0.7270 - learning_rate: 5.0000e-04
Epoch 36/150
322/322 - 2s - 5ms/step - loss: 0.5750 - val_loss: 0.7085 - learning_rate: 5.0000e-04
Epoch 37/150
322/322 - 2s - 5ms/step - loss: 0.5746 - val_loss: 0.7594 - learning_rate: 5.0000e-04
Epoch 38/150
322/322 - 2s - 5ms/step - loss: 0.5658 - val_loss: 0.7254 - learning_rate: 5.0000e-04
Epoch 39/150
322/322 - 2s - 5ms/step - loss: 0.5656 - val_loss: 0.8041 - learning_rate: 5.0000e-04
Epoch 40/150
322/322 - 2s - 5ms/step - loss: 0.5576 - val_loss: 0.7403 - learning_rate: 5.0000e-04
Epoch 41/150
322/322 - 2s - 5ms/step - loss: 0.5413 - val_loss: 0.7564 - learning_rate: 2.5000e-04
Epoch 42/150
322/322 - 2s - 5ms/step - loss: 0.5381 - val_loss: 0.7046 - learning_rate: 2.5000e-04
Epoch 43/150
322/322 - 2s - 5ms/step - loss: 0.5333 - val_loss: 0.7070 - learning_rate: 2.5000e-04
Epoch 44/150
322/322 - 2s - 5ms/step - loss: 0.5270 - val_loss: 0.7547 - learning_rate: 2.5000e-04
Epoch 45/150
322/322 - 2s - 5ms/step - loss: 0.5263 - val_loss: 0.7511 - learning_rate: 2.5000e-04
Epoch 46/150
322/322 - 2s - 5ms/step - loss: 0.5239 - val_loss: 0.7079 - learning_rate: 2.5000e-04
Epoch 47/150
322/322 - 2s - 5ms/step - loss: 0.5214 - val_loss: 0.6984 - learning_rate: 2.5000e-04
Epoch 48/150
322/322 - 2s - 5ms/step - loss: 0.5239 - val_loss: 0.6951 - learning_rate: 2.5000e-04
Epoch 49/150
322/322 - 2s - 5ms/step - loss: 0.5138 - val_loss: 0.7472 - learning_rate: 2.5000e-04
Epoch 50/150
322/322 - 2s - 5ms/step - loss: 0.5166 - val_loss: 0.7320 - learning_rate: 2.5000e-04
Epoch 51/150
322/322 - 2s - 5ms/step - loss: 0.5103 - val_loss: 0.7391 - learning_rate: 2.5000e-04
Epoch 52/150
322/322 - 2s - 5ms/step - loss: 0.5103 - val_loss: 0.7352 - learning_rate: 2.5000e-04
Epoch 53/150
322/322 - 2s - 5ms/step - loss: 0.4992 - val_loss: 0.7205 - learning_rate: 1.2500e-04
[OK] Done: /home/natthawut/My_projects/SUT_Rice_Project_2024/out_train_w60_h7/cnn_lstm_core
