2026-05-13 08:44:42.089531: I tensorflow/core/platform/cpu_feature_guard.cc:210] This TensorFlow binary is optimized to use available CPU instructions in performance-critical operations.
To enable the following instructions: AVX2 FMA, in other operations, rebuild TensorFlow with the appropriate compiler flags.
WARNING: All log messages before absl::InitializeLog() is called are written to STDERR
I0000 00:00:1778636684.332288  137222 gpu_device.cc:2020] Created device /job:localhost/replica:0/task:0/device:GPU:0 with 4620 MB memory:  -> device: 0, name: NVIDIA GeForce GTX 1660 Ti, pci bus id: 0000:01:00.0, compute capability: 7.5
Epoch 1/120
2026-05-13 08:44:46.647088: I external/local_xla/xla/stream_executor/cuda/cuda_dnn.cc:473] Loaded cuDNN version 92200
313/313 - 4s - 12ms/step - loss: 0.7144 - val_loss: 0.7403 - learning_rate: 5.0000e-04
Epoch 2/120
313/313 - 2s - 5ms/step - loss: 0.7102 - val_loss: 0.7261 - learning_rate: 5.0000e-04
Epoch 3/120
313/313 - 2s - 5ms/step - loss: 0.7086 - val_loss: 0.7183 - learning_rate: 5.0000e-04
Epoch 4/120
313/313 - 2s - 5ms/step - loss: 0.7062 - val_loss: 0.7103 - learning_rate: 5.0000e-04
Epoch 5/120
313/313 - 2s - 5ms/step - loss: 0.7031 - val_loss: 0.7086 - learning_rate: 5.0000e-04
Epoch 6/120
313/313 - 2s - 5ms/step - loss: 0.7000 - val_loss: 0.6945 - learning_rate: 5.0000e-04
Epoch 7/120
313/313 - 2s - 5ms/step - loss: 0.6944 - val_loss: 0.6936 - learning_rate: 5.0000e-04
Epoch 8/120
313/313 - 2s - 5ms/step - loss: 0.6929 - val_loss: 0.6757 - learning_rate: 5.0000e-04
Epoch 9/120
313/313 - 2s - 5ms/step - loss: 0.6876 - val_loss: 0.6815 - learning_rate: 5.0000e-04
Epoch 10/120
313/313 - 2s - 5ms/step - loss: 0.6863 - val_loss: 0.6759 - learning_rate: 5.0000e-04
Epoch 11/120
313/313 - 2s - 5ms/step - loss: 0.6844 - val_loss: 0.6830 - learning_rate: 5.0000e-04
Epoch 12/120
313/313 - 2s - 5ms/step - loss: 0.6817 - val_loss: 0.6681 - learning_rate: 5.0000e-04
Epoch 13/120
313/313 - 2s - 5ms/step - loss: 0.6800 - val_loss: 0.6599 - learning_rate: 5.0000e-04
Epoch 14/120
313/313 - 2s - 5ms/step - loss: 0.6771 - val_loss: 0.6736 - learning_rate: 5.0000e-04
Epoch 15/120
313/313 - 2s - 5ms/step - loss: 0.6772 - val_loss: 0.6633 - learning_rate: 5.0000e-04
Epoch 16/120
313/313 - 2s - 5ms/step - loss: 0.6757 - val_loss: 0.6566 - learning_rate: 5.0000e-04
Epoch 17/120
313/313 - 2s - 5ms/step - loss: 0.6729 - val_loss: 0.6645 - learning_rate: 5.0000e-04
Epoch 18/120
313/313 - 2s - 5ms/step - loss: 0.6745 - val_loss: 0.6631 - learning_rate: 5.0000e-04
Epoch 19/120
313/313 - 2s - 5ms/step - loss: 0.6696 - val_loss: 0.6731 - learning_rate: 5.0000e-04
Epoch 20/120
313/313 - 2s - 5ms/step - loss: 0.6700 - val_loss: 0.6488 - learning_rate: 5.0000e-04
Epoch 21/120
313/313 - 2s - 5ms/step - loss: 0.6700 - val_loss: 0.6892 - learning_rate: 5.0000e-04
Epoch 22/120
313/313 - 2s - 5ms/step - loss: 0.6720 - val_loss: 0.6773 - learning_rate: 5.0000e-04
Epoch 23/120
313/313 - 2s - 5ms/step - loss: 0.6699 - val_loss: 0.6708 - learning_rate: 5.0000e-04
Epoch 24/120
313/313 - 2s - 5ms/step - loss: 0.6667 - val_loss: 0.6605 - learning_rate: 5.0000e-04
Epoch 25/120
313/313 - 2s - 5ms/step - loss: 0.6658 - val_loss: 0.6647 - learning_rate: 5.0000e-04
Epoch 26/120
313/313 - 2s - 5ms/step - loss: 0.6685 - val_loss: 0.6778 - learning_rate: 5.0000e-04
Epoch 27/120
313/313 - 2s - 5ms/step - loss: 0.6669 - val_loss: 0.6721 - learning_rate: 5.0000e-04
Epoch 28/120
313/313 - 2s - 5ms/step - loss: 0.6630 - val_loss: 0.6970 - learning_rate: 5.0000e-04
Epoch 29/120
313/313 - 2s - 5ms/step - loss: 0.6647 - val_loss: 0.6687 - learning_rate: 5.0000e-04
Epoch 30/120
313/313 - 2s - 5ms/step - loss: 0.6630 - val_loss: 0.6825 - learning_rate: 5.0000e-04
Epoch 31/120
313/313 - 2s - 5ms/step - loss: 0.6571 - val_loss: 0.6808 - learning_rate: 2.5000e-04
Epoch 32/120
313/313 - 2s - 5ms/step - loss: 0.6529 - val_loss: 0.6656 - learning_rate: 2.5000e-04
Epoch 33/120
313/313 - 2s - 5ms/step - loss: 0.6576 - val_loss: 0.6870 - learning_rate: 2.5000e-04
Epoch 34/120
313/313 - 2s - 5ms/step - loss: 0.6538 - val_loss: 0.6770 - learning_rate: 2.5000e-04
Epoch 35/120
313/313 - 2s - 5ms/step - loss: 0.6519 - val_loss: 0.6904 - learning_rate: 2.5000e-04
Epoch 36/120
313/313 - 2s - 5ms/step - loss: 0.6524 - val_loss: 0.6746 - learning_rate: 2.5000e-04
Epoch 37/120
313/313 - 2s - 5ms/step - loss: 0.6507 - val_loss: 0.6755 - learning_rate: 2.5000e-04
Epoch 38/120
313/313 - 2s - 5ms/step - loss: 0.6487 - val_loss: 0.6696 - learning_rate: 2.5000e-04
Epoch 39/120
313/313 - 2s - 5ms/step - loss: 0.6508 - val_loss: 0.6684 - learning_rate: 2.5000e-04
Epoch 40/120
313/313 - 2s - 5ms/step - loss: 0.6497 - val_loss: 0.6562 - learning_rate: 2.5000e-04
[OK] Done: /home/natthawut/My_projects/SUT_Rice_Project_2024/out_train_w90_h14/lstm_core
