2026-05-13 08:45:56.928196: I tensorflow/core/platform/cpu_feature_guard.cc:210] This TensorFlow binary is optimized to use available CPU instructions in performance-critical operations.
To enable the following instructions: AVX2 FMA, in other operations, rebuild TensorFlow with the appropriate compiler flags.
WARNING: All log messages before absl::InitializeLog() is called are written to STDERR
I0000 00:00:1778636759.270087  140409 gpu_device.cc:2020] Created device /job:localhost/replica:0/task:0/device:GPU:0 with 4620 MB memory:  -> device: 0, name: NVIDIA GeForce GTX 1660 Ti, pci bus id: 0000:01:00.0, compute capability: 7.5
Epoch 1/150
2026-05-13 08:46:01.218388: I external/local_xla/xla/stream_executor/cuda/cuda_dnn.cc:473] Loaded cuDNN version 92200
313/313 - 4s - 13ms/step - loss: 0.7060 - val_loss: 0.6824 - learning_rate: 5.0000e-04
Epoch 2/150
313/313 - 2s - 5ms/step - loss: 0.6792 - val_loss: 0.6780 - learning_rate: 5.0000e-04
Epoch 3/150
313/313 - 2s - 5ms/step - loss: 0.6697 - val_loss: 0.6670 - learning_rate: 5.0000e-04
Epoch 4/150
313/313 - 2s - 5ms/step - loss: 0.6645 - val_loss: 0.6739 - learning_rate: 5.0000e-04
Epoch 5/150
313/313 - 2s - 5ms/step - loss: 0.6597 - val_loss: 0.6652 - learning_rate: 5.0000e-04
Epoch 6/150
313/313 - 2s - 5ms/step - loss: 0.6558 - val_loss: 0.6664 - learning_rate: 5.0000e-04
Epoch 7/150
313/313 - 2s - 5ms/step - loss: 0.6521 - val_loss: 0.6399 - learning_rate: 5.0000e-04
Epoch 8/150
313/313 - 2s - 5ms/step - loss: 0.6482 - val_loss: 0.6393 - learning_rate: 5.0000e-04
Epoch 9/150
313/313 - 2s - 5ms/step - loss: 0.6431 - val_loss: 0.6381 - learning_rate: 5.0000e-04
Epoch 10/150
313/313 - 2s - 5ms/step - loss: 0.6425 - val_loss: 0.6425 - learning_rate: 5.0000e-04
Epoch 11/150
313/313 - 2s - 5ms/step - loss: 0.6325 - val_loss: 0.5976 - learning_rate: 5.0000e-04
Epoch 12/150
313/313 - 2s - 5ms/step - loss: 0.6356 - val_loss: 0.6116 - learning_rate: 5.0000e-04
Epoch 13/150
313/313 - 2s - 5ms/step - loss: 0.6251 - val_loss: 0.6452 - learning_rate: 5.0000e-04
Epoch 14/150
313/313 - 2s - 5ms/step - loss: 0.6224 - val_loss: 0.6020 - learning_rate: 5.0000e-04
Epoch 15/150
313/313 - 2s - 5ms/step - loss: 0.6145 - val_loss: 0.6189 - learning_rate: 5.0000e-04
Epoch 16/150
313/313 - 2s - 5ms/step - loss: 0.6083 - val_loss: 0.5977 - learning_rate: 5.0000e-04
Epoch 17/150
313/313 - 2s - 5ms/step - loss: 0.6060 - val_loss: 0.5485 - learning_rate: 5.0000e-04
Epoch 18/150
313/313 - 2s - 5ms/step - loss: 0.6032 - val_loss: 0.6212 - learning_rate: 5.0000e-04
Epoch 19/150
313/313 - 2s - 5ms/step - loss: 0.5963 - val_loss: 0.5819 - learning_rate: 5.0000e-04
Epoch 20/150
313/313 - 2s - 5ms/step - loss: 0.5927 - val_loss: 0.5704 - learning_rate: 5.0000e-04
Epoch 21/150
313/313 - 2s - 5ms/step - loss: 0.5826 - val_loss: 0.5988 - learning_rate: 5.0000e-04
Epoch 22/150
313/313 - 2s - 5ms/step - loss: 0.5751 - val_loss: 0.6297 - learning_rate: 5.0000e-04
Epoch 23/150
313/313 - 2s - 5ms/step - loss: 0.5746 - val_loss: 0.5964 - learning_rate: 5.0000e-04
Epoch 24/150
313/313 - 2s - 5ms/step - loss: 0.5666 - val_loss: 0.5756 - learning_rate: 5.0000e-04
Epoch 25/150
313/313 - 2s - 5ms/step - loss: 0.5559 - val_loss: 0.6037 - learning_rate: 5.0000e-04
Epoch 26/150
313/313 - 2s - 5ms/step - loss: 0.5533 - val_loss: 0.5791 - learning_rate: 5.0000e-04
Epoch 27/150
313/313 - 2s - 5ms/step - loss: 0.5512 - val_loss: 0.5748 - learning_rate: 5.0000e-04
Epoch 28/150
313/313 - 2s - 5ms/step - loss: 0.5402 - val_loss: 0.5886 - learning_rate: 5.0000e-04
Epoch 29/150
313/313 - 2s - 5ms/step - loss: 0.5344 - val_loss: 0.5977 - learning_rate: 5.0000e-04
Epoch 30/150
313/313 - 2s - 5ms/step - loss: 0.5107 - val_loss: 0.6144 - learning_rate: 2.5000e-04
Epoch 31/150
313/313 - 2s - 5ms/step - loss: 0.5050 - val_loss: 0.6349 - learning_rate: 2.5000e-04
Epoch 32/150
313/313 - 2s - 5ms/step - loss: 0.4991 - val_loss: 0.5881 - learning_rate: 2.5000e-04
Epoch 33/150
313/313 - 2s - 5ms/step - loss: 0.4975 - val_loss: 0.6481 - learning_rate: 2.5000e-04
Epoch 34/150
313/313 - 2s - 5ms/step - loss: 0.4904 - val_loss: 0.5784 - learning_rate: 2.5000e-04
Epoch 35/150
313/313 - 2s - 5ms/step - loss: 0.4821 - val_loss: 0.5883 - learning_rate: 2.5000e-04
Epoch 36/150
313/313 - 2s - 5ms/step - loss: 0.4833 - val_loss: 0.5987 - learning_rate: 2.5000e-04
Epoch 37/150
313/313 - 2s - 5ms/step - loss: 0.4802 - val_loss: 0.6391 - learning_rate: 2.5000e-04
Epoch 38/150
313/313 - 2s - 5ms/step - loss: 0.4739 - val_loss: 0.5974 - learning_rate: 2.5000e-04
Epoch 39/150
313/313 - 2s - 5ms/step - loss: 0.4745 - val_loss: 0.6153 - learning_rate: 2.5000e-04
Epoch 40/150
313/313 - 2s - 5ms/step - loss: 0.4692 - val_loss: 0.5966 - learning_rate: 2.5000e-04
Epoch 41/150
313/313 - 2s - 5ms/step - loss: 0.4660 - val_loss: 0.6053 - learning_rate: 2.5000e-04
Epoch 42/150
313/313 - 2s - 5ms/step - loss: 0.4533 - val_loss: 0.6201 - learning_rate: 1.2500e-04
[OK] Done: /home/natthawut/My_projects/SUT_Rice_Project_2024/out_train_w90_h14/cnn_lstm_core
