2026-05-13 08:47:13.597302: I tensorflow/core/platform/cpu_feature_guard.cc:210] This TensorFlow binary is optimized to use available CPU instructions in performance-critical operations.
To enable the following instructions: AVX2 FMA, in other operations, rebuild TensorFlow with the appropriate compiler flags.
WARNING: All log messages before absl::InitializeLog() is called are written to STDERR
I0000 00:00:1778636835.895551  143697 gpu_device.cc:2020] Created device /job:localhost/replica:0/task:0/device:GPU:0 with 4620 MB memory:  -> device: 0, name: NVIDIA GeForce GTX 1660 Ti, pci bus id: 0000:01:00.0, compute capability: 7.5
Epoch 1/200
2026-05-13 08:47:21.194271: I external/local_xla/xla/service/service.cc:163] XLA service 0x7986c400d2b0 initialized for platform CUDA (this does not guarantee that XLA will be used). Devices:
2026-05-13 08:47:21.194298: I external/local_xla/xla/service/service.cc:171]   StreamExecutor device (0): NVIDIA GeForce GTX 1660 Ti, Compute Capability 7.5
2026-05-13 08:47:21.335152: I tensorflow/compiler/mlir/tensorflow/utils/dump_mlir_util.cc:269] disabling MLIR crash reproducer, set env var `MLIR_CRASH_REPRODUCER_DIRECTORY` to enable.
2026-05-13 08:47:22.278606: I external/local_xla/xla/stream_executor/cuda/cuda_dnn.cc:473] Loaded cuDNN version 92200
I0000 00:00:1778636847.122441  143790 device_compiler.h:196] Compiled cluster using XLA!  This line is logged at most once for the lifetime of the process.
313/313 - 19s - 62ms/step - loss: 0.6984 - val_loss: 0.7769 - learning_rate: 5.0000e-04
Epoch 2/200
313/313 - 3s - 10ms/step - loss: 0.6677 - val_loss: 0.7281 - learning_rate: 5.0000e-04
Epoch 3/200
313/313 - 3s - 10ms/step - loss: 0.6584 - val_loss: 0.6964 - learning_rate: 5.0000e-04
Epoch 4/200
313/313 - 3s - 10ms/step - loss: 0.6534 - val_loss: 0.6743 - learning_rate: 5.0000e-04
Epoch 5/200
313/313 - 3s - 10ms/step - loss: 0.6469 - val_loss: 0.6532 - learning_rate: 5.0000e-04
Epoch 6/200
313/313 - 3s - 10ms/step - loss: 0.6368 - val_loss: 0.6452 - learning_rate: 5.0000e-04
Epoch 7/200
313/313 - 3s - 10ms/step - loss: 0.6220 - val_loss: 0.6066 - learning_rate: 5.0000e-04
Epoch 8/200
313/313 - 3s - 9ms/step - loss: 0.6111 - val_loss: 0.6145 - learning_rate: 5.0000e-04
Epoch 9/200
313/313 - 3s - 10ms/step - loss: 0.6011 - val_loss: 0.5928 - learning_rate: 5.0000e-04
Epoch 10/200
313/313 - 3s - 9ms/step - loss: 0.5920 - val_loss: 0.6231 - learning_rate: 5.0000e-04
Epoch 11/200
313/313 - 3s - 9ms/step - loss: 0.5768 - val_loss: 0.6221 - learning_rate: 5.0000e-04
Epoch 12/200
313/313 - 3s - 9ms/step - loss: 0.5707 - val_loss: 0.6055 - learning_rate: 5.0000e-04
Epoch 13/200
313/313 - 3s - 10ms/step - loss: 0.5688 - val_loss: 0.5919 - learning_rate: 5.0000e-04
Epoch 14/200
313/313 - 3s - 10ms/step - loss: 0.5510 - val_loss: 0.6615 - learning_rate: 5.0000e-04
Epoch 15/200
313/313 - 3s - 9ms/step - loss: 0.5436 - val_loss: 0.7178 - learning_rate: 5.0000e-04
Epoch 16/200
313/313 - 3s - 9ms/step - loss: 0.5342 - val_loss: 0.6988 - learning_rate: 5.0000e-04
Epoch 17/200
313/313 - 3s - 10ms/step - loss: 0.5205 - val_loss: 0.7707 - learning_rate: 5.0000e-04
Epoch 18/200
313/313 - 3s - 9ms/step - loss: 0.5148 - val_loss: 0.6879 - learning_rate: 5.0000e-04
Epoch 19/200
313/313 - 3s - 10ms/step - loss: 0.5029 - val_loss: 0.7305 - learning_rate: 5.0000e-04
Epoch 20/200
313/313 - 3s - 10ms/step - loss: 0.4942 - val_loss: 0.7903 - learning_rate: 5.0000e-04
Epoch 21/200
313/313 - 3s - 9ms/step - loss: 0.4823 - val_loss: 0.7642 - learning_rate: 5.0000e-04
Epoch 22/200
313/313 - 3s - 10ms/step - loss: 0.4740 - val_loss: 0.7680 - learning_rate: 5.0000e-04
Epoch 23/200
313/313 - 3s - 9ms/step - loss: 0.4674 - val_loss: 0.6794 - learning_rate: 5.0000e-04
Epoch 24/200
313/313 - 3s - 10ms/step - loss: 0.4623 - val_loss: 0.7755 - learning_rate: 5.0000e-04
Epoch 25/200
313/313 - 3s - 10ms/step - loss: 0.4546 - val_loss: 0.6873 - learning_rate: 5.0000e-04
Epoch 26/200
313/313 - 3s - 9ms/step - loss: 0.4428 - val_loss: 0.7208 - learning_rate: 5.0000e-04
Epoch 27/200
313/313 - 3s - 10ms/step - loss: 0.4373 - val_loss: 0.7288 - learning_rate: 5.0000e-04
Epoch 28/200
313/313 - 3s - 9ms/step - loss: 0.4305 - val_loss: 0.7111 - learning_rate: 5.0000e-04
Epoch 29/200
313/313 - 3s - 9ms/step - loss: 0.4111 - val_loss: 0.6459 - learning_rate: 2.5000e-04
Epoch 30/200
313/313 - 3s - 10ms/step - loss: 0.4003 - val_loss: 0.7086 - learning_rate: 2.5000e-04
Epoch 31/200
313/313 - 3s - 10ms/step - loss: 0.4025 - val_loss: 0.7148 - learning_rate: 2.5000e-04
Epoch 32/200
313/313 - 3s - 9ms/step - loss: 0.3951 - val_loss: 0.6981 - learning_rate: 2.5000e-04
Epoch 33/200
313/313 - 3s - 10ms/step - loss: 0.3925 - val_loss: 0.7128 - learning_rate: 2.5000e-04
Epoch 34/200
313/313 - 3s - 10ms/step - loss: 0.3884 - val_loss: 0.7049 - learning_rate: 2.5000e-04
Epoch 35/200
313/313 - 3s - 10ms/step - loss: 0.3851 - val_loss: 0.7001 - learning_rate: 2.5000e-04
Epoch 36/200
313/313 - 3s - 10ms/step - loss: 0.3814 - val_loss: 0.7275 - learning_rate: 2.5000e-04
Epoch 37/200
313/313 - 3s - 10ms/step - loss: 0.3794 - val_loss: 0.6860 - learning_rate: 2.5000e-04
Epoch 38/200
313/313 - 3s - 10ms/step - loss: 0.3776 - val_loss: 0.7119 - learning_rate: 2.5000e-04
Epoch 39/200
313/313 - 3s - 10ms/step - loss: 0.3733 - val_loss: 0.7518 - learning_rate: 2.5000e-04
Epoch 40/200
313/313 - 3s - 10ms/step - loss: 0.3714 - val_loss: 0.7114 - learning_rate: 2.5000e-04
Epoch 41/200
313/313 - 3s - 10ms/step - loss: 0.3696 - val_loss: 0.6925 - learning_rate: 2.5000e-04
Epoch 42/200
313/313 - 3s - 10ms/step - loss: 0.3651 - val_loss: 0.7193 - learning_rate: 2.5000e-04
Epoch 43/200
313/313 - 3s - 10ms/step - loss: 0.3639 - val_loss: 0.6898 - learning_rate: 2.5000e-04
[OK] Done: /home/natthawut/My_projects/SUT_Rice_Project_2024/out_train_w90_h14/transformer_core
