2026-05-18 00:46:31.413680: E external/local_xla/xla/stream_executor/cuda/cuda_dnn.cc:9261] Unable to register cuDNN factory: Attempting to register factory for plugin cuDNN when one has already been registered
2026-05-18 00:46:31.413813: E external/local_xla/xla/stream_executor/cuda/cuda_fft.cc:607] Unable to register cuFFT factory: Attempting to register factory for plugin cuFFT when one has already been registered
2026-05-18 00:46:31.522002: E external/local_xla/xla/stream_executor/cuda/cuda_blas.cc:1515] Unable to register cuBLAS factory: Attempting to register factory for plugin cuBLAS when one has already been registered
2026-05-18 00:46:33.312530: W tensorflow/compiler/tf2tensorrt/utils/py_utils.cc:38] TF-TRT Warning: Could not find TensorRT
2026-05-18 00:46:34.610312: I external/local_xla/xla/stream_executor/cuda/cuda_executor.cc:901] successful NUMA node read from SysFS had negative value (-1), but there must be at least one NUMA node, so returning NUMA node zero. See more at https://github.com/torvalds/linux/blob/v6.0/Documentation/ABI/testing/sysfs-bus-pci#L344-L355
2026-05-18 00:46:35.082714: I external/local_xla/xla/stream_executor/cuda/cuda_executor.cc:901] successful NUMA node read from SysFS had negative value (-1), but there must be at least one NUMA node, so returning NUMA node zero. See more at https://github.com/torvalds/linux/blob/v6.0/Documentation/ABI/testing/sysfs-bus-pci#L344-L355
2026-05-18 00:46:35.082926: I external/local_xla/xla/stream_executor/cuda/cuda_executor.cc:901] successful NUMA node read from SysFS had negative value (-1), but there must be at least one NUMA node, so returning NUMA node zero. See more at https://github.com/torvalds/linux/blob/v6.0/Documentation/ABI/testing/sysfs-bus-pci#L344-L355
2026-05-18 00:46:35.724778: I external/local_xla/xla/stream_executor/cuda/cuda_executor.cc:901] successful NUMA node read from SysFS had negative value (-1), but there must be at least one NUMA node, so returning NUMA node zero. See more at https://github.com/torvalds/linux/blob/v6.0/Documentation/ABI/testing/sysfs-bus-pci#L344-L355
2026-05-18 00:46:35.725021: I external/local_xla/xla/stream_executor/cuda/cuda_executor.cc:901] successful NUMA node read from SysFS had negative value (-1), but there must be at least one NUMA node, so returning NUMA node zero. See more at https://github.com/torvalds/linux/blob/v6.0/Documentation/ABI/testing/sysfs-bus-pci#L344-L355
2026-05-18 00:46:35.725198: I external/local_xla/xla/stream_executor/cuda/cuda_executor.cc:901] successful NUMA node read from SysFS had negative value (-1), but there must be at least one NUMA node, so returning NUMA node zero. See more at https://github.com/torvalds/linux/blob/v6.0/Documentation/ABI/testing/sysfs-bus-pci#L344-L355
2026-05-18 00:46:35.822919: I external/local_xla/xla/stream_executor/cuda/cuda_executor.cc:901] successful NUMA node read from SysFS had negative value (-1), but there must be at least one NUMA node, so returning NUMA node zero. See more at https://github.com/torvalds/linux/blob/v6.0/Documentation/ABI/testing/sysfs-bus-pci#L344-L355
2026-05-18 00:46:35.823140: I external/local_xla/xla/stream_executor/cuda/cuda_executor.cc:901] successful NUMA node read from SysFS had negative value (-1), but there must be at least one NUMA node, so returning NUMA node zero. See more at https://github.com/torvalds/linux/blob/v6.0/Documentation/ABI/testing/sysfs-bus-pci#L344-L355
2026-05-18 00:46:35.823342: I external/local_xla/xla/stream_executor/cuda/cuda_executor.cc:901] successful NUMA node read from SysFS had negative value (-1), but there must be at least one NUMA node, so returning NUMA node zero. See more at https://github.com/torvalds/linux/blob/v6.0/Documentation/ABI/testing/sysfs-bus-pci#L344-L355
2026-05-18 00:46:35.823455: I tensorflow/core/common_runtime/gpu/gpu_device.cc:1929] Created device /job:localhost/replica:0/task:0/device:GPU:0 with 6966 MB memory:  -> device: 0, name: NVIDIA GeForce GTX 1070 Ti, pci bus id: 0000:01:00.0, compute capability: 6.1
2026-05-18 00:46:36.257290: I external/local_tsl/tsl/platform/default/subprocess.cc:304] Start cannot spawn child process: No such file or directory
Epoch 1/120
2026-05-18 00:46:39.610707: I external/local_xla/xla/stream_executor/cuda/cuda_dnn.cc:454] Loaded cuDNN version 8904
2026-05-18 00:46:40.825159: I external/local_xla/xla/service/service.cc:168] XLA service 0x76e1e5827e90 initialized for platform CUDA (this does not guarantee that XLA will be used). Devices:
2026-05-18 00:46:40.825206: I external/local_xla/xla/service/service.cc:176]   StreamExecutor device (0): NVIDIA GeForce GTX 1070 Ti, Compute Capability 6.1
2026-05-18 00:46:40.855840: I tensorflow/compiler/mlir/tensorflow/utils/dump_mlir_util.cc:269] disabling MLIR crash reproducer, set env var `MLIR_CRASH_REPRODUCER_DIRECTORY` to enable.
WARNING: All log messages before absl::InitializeLog() is called are written to STDERR
I0000 00:00:1779040001.016479    9384 device_compiler.h:186] Compiled cluster using XLA!  This line is logged at most once for the lifetime of the process.
322/322 - 8s - loss: 0.6809 - val_loss: 0.6451 - lr: 5.0000e-04 - 8s/epoch - 26ms/step
Epoch 2/120
322/322 - 4s - loss: 0.6326 - val_loss: 0.5567 - lr: 5.0000e-04 - 4s/epoch - 12ms/step
Epoch 3/120
322/322 - 4s - loss: 0.5978 - val_loss: 0.5677 - lr: 5.0000e-04 - 4s/epoch - 12ms/step
Epoch 4/120
322/322 - 4s - loss: 0.5798 - val_loss: 0.5456 - lr: 5.0000e-04 - 4s/epoch - 12ms/step
Epoch 5/120
322/322 - 4s - loss: 0.5884 - val_loss: 0.5902 - lr: 5.0000e-04 - 4s/epoch - 12ms/step
Epoch 6/120
322/322 - 4s - loss: 0.5668 - val_loss: 0.5402 - lr: 5.0000e-04 - 4s/epoch - 12ms/step
Epoch 7/120
322/322 - 4s - loss: 0.5676 - val_loss: 0.5207 - lr: 5.0000e-04 - 4s/epoch - 12ms/step
Epoch 8/120
322/322 - 4s - loss: 0.5644 - val_loss: 0.5923 - lr: 5.0000e-04 - 4s/epoch - 12ms/step
Epoch 9/120
322/322 - 4s - loss: 0.5512 - val_loss: 0.5796 - lr: 5.0000e-04 - 4s/epoch - 12ms/step
Epoch 10/120
322/322 - 4s - loss: 0.5563 - val_loss: 0.5670 - lr: 5.0000e-04 - 4s/epoch - 12ms/step
Epoch 11/120
322/322 - 4s - loss: 0.5525 - val_loss: 0.5873 - lr: 5.0000e-04 - 4s/epoch - 12ms/step
Epoch 12/120
322/322 - 4s - loss: 0.5463 - val_loss: 0.5567 - lr: 5.0000e-04 - 4s/epoch - 12ms/step
Epoch 13/120
322/322 - 4s - loss: 0.5496 - val_loss: 0.5559 - lr: 5.0000e-04 - 4s/epoch - 12ms/step
Epoch 14/120
322/322 - 4s - loss: 0.5406 - val_loss: 0.5924 - lr: 5.0000e-04 - 4s/epoch - 12ms/step
Epoch 15/120
322/322 - 4s - loss: 0.5348 - val_loss: 0.4855 - lr: 5.0000e-04 - 4s/epoch - 13ms/step
Epoch 16/120
322/322 - 4s - loss: 0.5313 - val_loss: 0.5145 - lr: 5.0000e-04 - 4s/epoch - 12ms/step
Epoch 17/120
322/322 - 4s - loss: 0.5258 - val_loss: 0.5372 - lr: 5.0000e-04 - 4s/epoch - 12ms/step
Epoch 18/120
322/322 - 4s - loss: 0.5250 - val_loss: 0.5384 - lr: 5.0000e-04 - 4s/epoch - 12ms/step
Epoch 19/120
322/322 - 4s - loss: 0.5180 - val_loss: 0.4798 - lr: 5.0000e-04 - 4s/epoch - 12ms/step
Epoch 20/120
322/322 - 4s - loss: 0.5214 - val_loss: 0.5736 - lr: 5.0000e-04 - 4s/epoch - 12ms/step
Epoch 21/120
322/322 - 4s - loss: 0.5158 - val_loss: 0.5240 - lr: 5.0000e-04 - 4s/epoch - 11ms/step
Epoch 22/120
322/322 - 3s - loss: 0.5115 - val_loss: 0.5129 - lr: 5.0000e-04 - 3s/epoch - 11ms/step
Epoch 23/120
322/322 - 4s - loss: 0.5087 - val_loss: 0.4940 - lr: 5.0000e-04 - 4s/epoch - 12ms/step
Epoch 24/120
322/322 - 4s - loss: 0.5008 - val_loss: 0.5170 - lr: 5.0000e-04 - 4s/epoch - 12ms/step
Epoch 25/120
322/322 - 4s - loss: 0.4997 - val_loss: 0.5013 - lr: 5.0000e-04 - 4s/epoch - 12ms/step
Epoch 26/120
322/322 - 4s - loss: 0.4996 - val_loss: 0.4844 - lr: 5.0000e-04 - 4s/epoch - 12ms/step
Epoch 27/120
322/322 - 4s - loss: 0.4934 - val_loss: 0.4804 - lr: 5.0000e-04 - 4s/epoch - 11ms/step
Epoch 28/120
322/322 - 4s - loss: 0.4930 - val_loss: 0.5243 - lr: 5.0000e-04 - 4s/epoch - 12ms/step
Epoch 29/120
322/322 - 4s - loss: 0.4945 - val_loss: 0.5003 - lr: 5.0000e-04 - 4s/epoch - 11ms/step
Epoch 30/120
322/322 - 4s - loss: 0.4789 - val_loss: 0.4976 - lr: 2.5000e-04 - 4s/epoch - 12ms/step
Epoch 31/120
322/322 - 4s - loss: 0.4753 - val_loss: 0.4766 - lr: 2.5000e-04 - 4s/epoch - 12ms/step
Epoch 32/120
322/322 - 4s - loss: 0.4752 - val_loss: 0.4788 - lr: 2.5000e-04 - 4s/epoch - 12ms/step
Epoch 33/120
322/322 - 4s - loss: 0.4706 - val_loss: 0.5058 - lr: 2.5000e-04 - 4s/epoch - 12ms/step
Epoch 34/120
322/322 - 4s - loss: 0.4691 - val_loss: 0.4651 - lr: 2.5000e-04 - 4s/epoch - 12ms/step
Epoch 35/120
322/322 - 4s - loss: 0.4744 - val_loss: 0.4646 - lr: 2.5000e-04 - 4s/epoch - 12ms/step
Epoch 36/120
322/322 - 4s - loss: 0.4684 - val_loss: 0.5007 - lr: 2.5000e-04 - 4s/epoch - 12ms/step
Epoch 37/120
322/322 - 4s - loss: 0.4696 - val_loss: 0.4876 - lr: 2.5000e-04 - 4s/epoch - 12ms/step
Epoch 38/120
322/322 - 4s - loss: 0.4657 - val_loss: 0.4608 - lr: 2.5000e-04 - 4s/epoch - 12ms/step
Epoch 39/120
322/322 - 4s - loss: 0.4659 - val_loss: 0.4708 - lr: 2.5000e-04 - 4s/epoch - 12ms/step
Epoch 40/120
322/322 - 4s - loss: 0.4677 - val_loss: 0.4746 - lr: 2.5000e-04 - 4s/epoch - 12ms/step
Epoch 41/120
322/322 - 4s - loss: 0.4590 - val_loss: 0.4677 - lr: 2.5000e-04 - 4s/epoch - 12ms/step
Epoch 42/120
322/322 - 4s - loss: 0.4583 - val_loss: 0.4798 - lr: 2.5000e-04 - 4s/epoch - 12ms/step
Epoch 43/120
322/322 - 4s - loss: 0.4615 - val_loss: 0.4723 - lr: 2.5000e-04 - 4s/epoch - 12ms/step
Epoch 44/120
322/322 - 4s - loss: 0.4627 - val_loss: 0.4872 - lr: 2.5000e-04 - 4s/epoch - 12ms/step
Epoch 45/120
322/322 - 4s - loss: 0.4615 - val_loss: 0.4545 - lr: 2.5000e-04 - 4s/epoch - 12ms/step
Epoch 46/120
322/322 - 4s - loss: 0.4575 - val_loss: 0.4687 - lr: 2.5000e-04 - 4s/epoch - 12ms/step
Epoch 47/120
322/322 - 4s - loss: 0.4594 - val_loss: 0.4907 - lr: 2.5000e-04 - 4s/epoch - 12ms/step
Epoch 48/120
322/322 - 4s - loss: 0.4575 - val_loss: 0.4734 - lr: 2.5000e-04 - 4s/epoch - 12ms/step
Epoch 49/120
322/322 - 4s - loss: 0.4550 - val_loss: 0.4614 - lr: 2.5000e-04 - 4s/epoch - 12ms/step
Epoch 50/120
322/322 - 4s - loss: 0.4551 - val_loss: 0.4694 - lr: 2.5000e-04 - 4s/epoch - 12ms/step
Epoch 51/120
322/322 - 4s - loss: 0.4536 - val_loss: 0.4828 - lr: 2.5000e-04 - 4s/epoch - 12ms/step
Epoch 52/120
322/322 - 4s - loss: 0.4561 - val_loss: 0.4338 - lr: 2.5000e-04 - 4s/epoch - 12ms/step
Epoch 53/120
322/322 - 4s - loss: 0.4517 - val_loss: 0.4880 - lr: 2.5000e-04 - 4s/epoch - 12ms/step
Epoch 54/120
322/322 - 4s - loss: 0.4473 - val_loss: 0.4504 - lr: 2.5000e-04 - 4s/epoch - 12ms/step
Epoch 55/120
322/322 - 4s - loss: 0.4516 - val_loss: 0.4469 - lr: 2.5000e-04 - 4s/epoch - 12ms/step
Epoch 56/120
322/322 - 4s - loss: 0.4451 - val_loss: 0.4497 - lr: 2.5000e-04 - 4s/epoch - 12ms/step
Epoch 57/120
322/322 - 4s - loss: 0.4473 - val_loss: 0.4675 - lr: 2.5000e-04 - 4s/epoch - 12ms/step
Epoch 58/120
322/322 - 4s - loss: 0.4404 - val_loss: 0.4409 - lr: 2.5000e-04 - 4s/epoch - 12ms/step
Epoch 59/120
322/322 - 4s - loss: 0.4430 - val_loss: 0.5168 - lr: 2.5000e-04 - 4s/epoch - 12ms/step
Epoch 60/120
322/322 - 4s - loss: 0.4431 - val_loss: 0.4650 - lr: 2.5000e-04 - 4s/epoch - 12ms/step
Epoch 61/120
322/322 - 3s - loss: 0.4450 - val_loss: 0.4717 - lr: 2.5000e-04 - 3s/epoch - 10ms/step
Epoch 62/120
322/322 - 3s - loss: 0.4377 - val_loss: 0.4482 - lr: 2.5000e-04 - 3s/epoch - 11ms/step
Epoch 63/120
322/322 - 4s - loss: 0.4304 - val_loss: 0.4618 - lr: 1.2500e-04 - 4s/epoch - 11ms/step
Epoch 64/120
322/322 - 4s - loss: 0.4308 - val_loss: 0.5120 - lr: 1.2500e-04 - 4s/epoch - 11ms/step
Epoch 65/120
322/322 - 4s - loss: 0.4327 - val_loss: 0.4729 - lr: 1.2500e-04 - 4s/epoch - 12ms/step
Epoch 66/120
322/322 - 4s - loss: 0.4279 - val_loss: 0.4417 - lr: 1.2500e-04 - 4s/epoch - 11ms/step
Epoch 67/120
322/322 - 4s - loss: 0.4300 - val_loss: 0.4475 - lr: 1.2500e-04 - 4s/epoch - 12ms/step
Epoch 68/120
322/322 - 4s - loss: 0.4263 - val_loss: 0.4781 - lr: 1.2500e-04 - 4s/epoch - 12ms/step
Epoch 69/120
322/322 - 4s - loss: 0.4276 - val_loss: 0.4657 - lr: 1.2500e-04 - 4s/epoch - 12ms/step
Epoch 70/120
322/322 - 4s - loss: 0.4260 - val_loss: 0.4494 - lr: 1.2500e-04 - 4s/epoch - 12ms/step
Epoch 71/120
322/322 - 4s - loss: 0.4257 - val_loss: 0.4565 - lr: 1.2500e-04 - 4s/epoch - 12ms/step
Epoch 72/120
322/322 - 4s - loss: 0.4219 - val_loss: 0.4548 - lr: 1.2500e-04 - 4s/epoch - 12ms/step
[OK] Done: /home/ai-station/Projects_code/SUT_Rice_Project_2024/BPH_Research/results/out_train_w60_h7_context/lstm_core
