2026-05-18 00:55:01.291775: E external/local_xla/xla/stream_executor/cuda/cuda_dnn.cc:9261] Unable to register cuDNN factory: Attempting to register factory for plugin cuDNN when one has already been registered
2026-05-18 00:55:01.291809: E external/local_xla/xla/stream_executor/cuda/cuda_fft.cc:607] Unable to register cuFFT factory: Attempting to register factory for plugin cuFFT when one has already been registered
2026-05-18 00:55:01.293136: E external/local_xla/xla/stream_executor/cuda/cuda_blas.cc:1515] Unable to register cuBLAS factory: Attempting to register factory for plugin cuBLAS when one has already been registered
2026-05-18 00:55:02.139244: W tensorflow/compiler/tf2tensorrt/utils/py_utils.cc:38] TF-TRT Warning: Could not find TensorRT
2026-05-18 00:55:02.731536: I external/local_xla/xla/stream_executor/cuda/cuda_executor.cc:901] successful NUMA node read from SysFS had negative value (-1), but there must be at least one NUMA node, so returning NUMA node zero. See more at https://github.com/torvalds/linux/blob/v6.0/Documentation/ABI/testing/sysfs-bus-pci#L344-L355
2026-05-18 00:55:02.766416: I external/local_xla/xla/stream_executor/cuda/cuda_executor.cc:901] successful NUMA node read from SysFS had negative value (-1), but there must be at least one NUMA node, so returning NUMA node zero. See more at https://github.com/torvalds/linux/blob/v6.0/Documentation/ABI/testing/sysfs-bus-pci#L344-L355
2026-05-18 00:55:02.766683: I external/local_xla/xla/stream_executor/cuda/cuda_executor.cc:901] successful NUMA node read from SysFS had negative value (-1), but there must be at least one NUMA node, so returning NUMA node zero. See more at https://github.com/torvalds/linux/blob/v6.0/Documentation/ABI/testing/sysfs-bus-pci#L344-L355
2026-05-18 00:55:03.323347: I external/local_xla/xla/stream_executor/cuda/cuda_executor.cc:901] successful NUMA node read from SysFS had negative value (-1), but there must be at least one NUMA node, so returning NUMA node zero. See more at https://github.com/torvalds/linux/blob/v6.0/Documentation/ABI/testing/sysfs-bus-pci#L344-L355
2026-05-18 00:55:03.323560: I external/local_xla/xla/stream_executor/cuda/cuda_executor.cc:901] successful NUMA node read from SysFS had negative value (-1), but there must be at least one NUMA node, so returning NUMA node zero. See more at https://github.com/torvalds/linux/blob/v6.0/Documentation/ABI/testing/sysfs-bus-pci#L344-L355
2026-05-18 00:55:03.323704: I external/local_xla/xla/stream_executor/cuda/cuda_executor.cc:901] successful NUMA node read from SysFS had negative value (-1), but there must be at least one NUMA node, so returning NUMA node zero. See more at https://github.com/torvalds/linux/blob/v6.0/Documentation/ABI/testing/sysfs-bus-pci#L344-L355
2026-05-18 00:55:03.395153: I external/local_xla/xla/stream_executor/cuda/cuda_executor.cc:901] successful NUMA node read from SysFS had negative value (-1), but there must be at least one NUMA node, so returning NUMA node zero. See more at https://github.com/torvalds/linux/blob/v6.0/Documentation/ABI/testing/sysfs-bus-pci#L344-L355
2026-05-18 00:55:03.395472: I external/local_xla/xla/stream_executor/cuda/cuda_executor.cc:901] successful NUMA node read from SysFS had negative value (-1), but there must be at least one NUMA node, so returning NUMA node zero. See more at https://github.com/torvalds/linux/blob/v6.0/Documentation/ABI/testing/sysfs-bus-pci#L344-L355
2026-05-18 00:55:03.395798: I external/local_xla/xla/stream_executor/cuda/cuda_executor.cc:901] successful NUMA node read from SysFS had negative value (-1), but there must be at least one NUMA node, so returning NUMA node zero. See more at https://github.com/torvalds/linux/blob/v6.0/Documentation/ABI/testing/sysfs-bus-pci#L344-L355
2026-05-18 00:55:03.395907: I tensorflow/core/common_runtime/gpu/gpu_device.cc:1929] Created device /job:localhost/replica:0/task:0/device:GPU:0 with 6986 MB memory:  -> device: 0, name: NVIDIA GeForce GTX 1070 Ti, pci bus id: 0000:01:00.0, compute capability: 6.1
Epoch 1/200
2026-05-18 00:55:07.950156: I external/local_tsl/tsl/platform/default/subprocess.cc:304] Start cannot spawn child process: No such file or directory
2026-05-18 00:55:09.766869: I external/local_xla/xla/service/service.cc:168] XLA service 0x7d8af0caa1f0 initialized for platform CUDA (this does not guarantee that XLA will be used). Devices:
2026-05-18 00:55:09.766897: I external/local_xla/xla/service/service.cc:176]   StreamExecutor device (0): NVIDIA GeForce GTX 1070 Ti, Compute Capability 6.1
2026-05-18 00:55:09.772619: I tensorflow/compiler/mlir/tensorflow/utils/dump_mlir_util.cc:269] disabling MLIR crash reproducer, set env var `MLIR_CRASH_REPRODUCER_DIRECTORY` to enable.
2026-05-18 00:55:09.787263: I external/local_xla/xla/stream_executor/cuda/cuda_dnn.cc:454] Loaded cuDNN version 8904
WARNING: All log messages before absl::InitializeLog() is called are written to STDERR
I0000 00:00:1779040509.877648   12510 device_compiler.h:186] Compiled cluster using XLA!  This line is logged at most once for the lifetime of the process.
322/322 - 19s - loss: 0.6681 - val_loss: 0.6393 - lr: 5.0000e-04 - 19s/epoch - 59ms/step
Epoch 2/200
322/322 - 10s - loss: 0.5843 - val_loss: 0.6371 - lr: 5.0000e-04 - 10s/epoch - 32ms/step
Epoch 3/200
322/322 - 10s - loss: 0.5505 - val_loss: 0.6856 - lr: 5.0000e-04 - 10s/epoch - 31ms/step
Epoch 4/200
322/322 - 10s - loss: 0.5139 - val_loss: 0.4902 - lr: 5.0000e-04 - 10s/epoch - 30ms/step
Epoch 5/200
322/322 - 10s - loss: 0.4910 - val_loss: 0.4505 - lr: 5.0000e-04 - 10s/epoch - 31ms/step
Epoch 6/200
322/322 - 10s - loss: 0.4696 - val_loss: 0.5493 - lr: 5.0000e-04 - 10s/epoch - 32ms/step
Epoch 7/200
322/322 - 10s - loss: 0.4620 - val_loss: 0.4856 - lr: 5.0000e-04 - 10s/epoch - 31ms/step
Epoch 8/200
322/322 - 10s - loss: 0.4493 - val_loss: 0.5752 - lr: 5.0000e-04 - 10s/epoch - 31ms/step
Epoch 9/200
322/322 - 10s - loss: 0.4436 - val_loss: 0.5155 - lr: 5.0000e-04 - 10s/epoch - 31ms/step
Epoch 10/200
322/322 - 10s - loss: 0.4258 - val_loss: 0.4644 - lr: 5.0000e-04 - 10s/epoch - 31ms/step
Epoch 11/200
322/322 - 10s - loss: 0.4254 - val_loss: 0.4820 - lr: 5.0000e-04 - 10s/epoch - 31ms/step
Epoch 12/200
322/322 - 10s - loss: 0.4110 - val_loss: 0.4070 - lr: 5.0000e-04 - 10s/epoch - 32ms/step
Epoch 13/200
322/322 - 10s - loss: 0.4071 - val_loss: 0.4464 - lr: 5.0000e-04 - 10s/epoch - 31ms/step
Epoch 14/200
322/322 - 10s - loss: 0.4037 - val_loss: 0.4659 - lr: 5.0000e-04 - 10s/epoch - 30ms/step
Epoch 15/200
322/322 - 10s - loss: 0.3912 - val_loss: 0.4253 - lr: 5.0000e-04 - 10s/epoch - 31ms/step
Epoch 16/200
322/322 - 10s - loss: 0.3892 - val_loss: 0.4271 - lr: 5.0000e-04 - 10s/epoch - 31ms/step
Epoch 17/200
322/322 - 10s - loss: 0.3787 - val_loss: 0.4554 - lr: 5.0000e-04 - 10s/epoch - 31ms/step
Epoch 18/200
322/322 - 10s - loss: 0.3742 - val_loss: 0.4164 - lr: 5.0000e-04 - 10s/epoch - 31ms/step
Epoch 19/200
322/322 - 10s - loss: 0.3754 - val_loss: 0.4498 - lr: 5.0000e-04 - 10s/epoch - 31ms/step
Epoch 20/200
322/322 - 10s - loss: 0.3707 - val_loss: 0.4418 - lr: 5.0000e-04 - 10s/epoch - 31ms/step
Epoch 21/200
322/322 - 10s - loss: 0.3640 - val_loss: 0.4639 - lr: 5.0000e-04 - 10s/epoch - 32ms/step
Epoch 22/200
322/322 - 10s - loss: 0.3605 - val_loss: 0.4323 - lr: 5.0000e-04 - 10s/epoch - 31ms/step
Epoch 23/200
322/322 - 10s - loss: 0.3594 - val_loss: 0.4601 - lr: 5.0000e-04 - 10s/epoch - 31ms/step
Epoch 24/200
322/322 - 10s - loss: 0.3587 - val_loss: 0.4705 - lr: 5.0000e-04 - 10s/epoch - 31ms/step
Epoch 25/200
322/322 - 10s - loss: 0.3458 - val_loss: 0.4366 - lr: 5.0000e-04 - 10s/epoch - 32ms/step
Epoch 26/200
322/322 - 10s - loss: 0.3477 - val_loss: 0.4541 - lr: 5.0000e-04 - 10s/epoch - 30ms/step
Epoch 27/200
322/322 - 10s - loss: 0.3431 - val_loss: 0.4295 - lr: 5.0000e-04 - 10s/epoch - 31ms/step
Epoch 28/200
322/322 - 10s - loss: 0.3263 - val_loss: 0.4537 - lr: 2.5000e-04 - 10s/epoch - 32ms/step
Epoch 29/200
322/322 - 10s - loss: 0.3215 - val_loss: 0.4831 - lr: 2.5000e-04 - 10s/epoch - 31ms/step
Epoch 30/200
322/322 - 10s - loss: 0.3178 - val_loss: 0.4452 - lr: 2.5000e-04 - 10s/epoch - 31ms/step
Epoch 31/200
322/322 - 10s - loss: 0.3182 - val_loss: 0.4988 - lr: 2.5000e-04 - 10s/epoch - 31ms/step
Epoch 32/200
322/322 - 10s - loss: 0.3186 - val_loss: 0.4619 - lr: 2.5000e-04 - 10s/epoch - 31ms/step
Epoch 33/200
322/322 - 10s - loss: 0.3161 - val_loss: 0.4410 - lr: 2.5000e-04 - 10s/epoch - 31ms/step
Epoch 34/200
322/322 - 10s - loss: 0.3133 - val_loss: 0.4640 - lr: 2.5000e-04 - 10s/epoch - 31ms/step
Epoch 35/200
322/322 - 10s - loss: 0.3134 - val_loss: 0.4370 - lr: 2.5000e-04 - 10s/epoch - 31ms/step
Epoch 36/200
322/322 - 10s - loss: 0.3097 - val_loss: 0.4565 - lr: 2.5000e-04 - 10s/epoch - 31ms/step
Epoch 37/200
322/322 - 10s - loss: 0.3084 - val_loss: 0.4457 - lr: 2.5000e-04 - 10s/epoch - 31ms/step
Epoch 38/200
322/322 - 10s - loss: 0.3105 - val_loss: 0.4918 - lr: 2.5000e-04 - 10s/epoch - 31ms/step
Epoch 39/200
322/322 - 10s - loss: 0.3037 - val_loss: 0.4249 - lr: 2.5000e-04 - 10s/epoch - 31ms/step
Epoch 40/200
322/322 - 10s - loss: 0.3036 - val_loss: 0.4517 - lr: 2.5000e-04 - 10s/epoch - 31ms/step
Epoch 41/200
322/322 - 10s - loss: 0.3002 - val_loss: 0.4488 - lr: 2.5000e-04 - 10s/epoch - 31ms/step
Epoch 42/200
322/322 - 10s - loss: 0.3012 - val_loss: 0.4404 - lr: 2.5000e-04 - 10s/epoch - 32ms/step
[OK] Done: /home/ai-station/Projects_code/SUT_Rice_Project_2024/BPH_Research/results/out_train_w60_h7_context/transformer_core
