2026-05-13 15:09:55.326698: I tensorflow/core/platform/cpu_feature_guard.cc:210] This TensorFlow binary is optimized to use available CPU instructions in performance-critical operations.
To enable the following instructions: AVX2 FMA, in other operations, rebuild TensorFlow with the appropriate compiler flags.
WARNING: All log messages before absl::InitializeLog() is called are written to STDERR
I0000 00:00:1778659799.537246    3154 gpu_device.cc:2020] Created device /job:localhost/replica:0/task:0/device:GPU:0 with 4620 MB memory:  -> device: 0, name: NVIDIA GeForce GTX 1660 Ti, pci bus id: 0000:01:00.0, compute capability: 7.5
Epoch 1/120
2026-05-13 15:10:02.323106: I external/local_xla/xla/stream_executor/cuda/cuda_dnn.cc:473] Loaded cuDNN version 92200
332/332 - 4s - 11ms/step - loss: 0.7058 - val_loss: 0.7727 - learning_rate: 5.0000e-04
Epoch 2/120
332/332 - 1s - 4ms/step - loss: 0.6971 - val_loss: 0.7548 - learning_rate: 5.0000e-04
Epoch 3/120
332/332 - 1s - 4ms/step - loss: 0.6859 - val_loss: 0.7023 - learning_rate: 5.0000e-04
Epoch 4/120
332/332 - 1s - 4ms/step - loss: 0.6754 - val_loss: 0.7168 - learning_rate: 5.0000e-04
Epoch 5/120
332/332 - 1s - 4ms/step - loss: 0.6623 - val_loss: 0.7014 - learning_rate: 5.0000e-04
Epoch 6/120
332/332 - 1s - 4ms/step - loss: 0.6513 - val_loss: 0.6974 - learning_rate: 5.0000e-04
Epoch 7/120
332/332 - 1s - 4ms/step - loss: 0.6475 - val_loss: 0.7109 - learning_rate: 5.0000e-04
Epoch 8/120
332/332 - 1s - 4ms/step - loss: 0.6359 - val_loss: 0.6959 - learning_rate: 5.0000e-04
Epoch 9/120
332/332 - 1s - 4ms/step - loss: 0.6351 - val_loss: 0.6496 - learning_rate: 5.0000e-04
Epoch 10/120
332/332 - 1s - 4ms/step - loss: 0.6334 - val_loss: 0.6279 - learning_rate: 5.0000e-04
Epoch 11/120
332/332 - 1s - 4ms/step - loss: 0.6313 - val_loss: 0.6670 - learning_rate: 5.0000e-04
Epoch 12/120
332/332 - 1s - 4ms/step - loss: 0.6309 - val_loss: 0.6006 - learning_rate: 5.0000e-04
Epoch 13/120
332/332 - 1s - 4ms/step - loss: 0.6283 - val_loss: 0.6496 - learning_rate: 5.0000e-04
Epoch 14/120
332/332 - 1s - 4ms/step - loss: 0.6225 - val_loss: 0.6295 - learning_rate: 5.0000e-04
Epoch 15/120
332/332 - 1s - 4ms/step - loss: 0.6240 - val_loss: 0.6172 - learning_rate: 5.0000e-04
Epoch 16/120
332/332 - 1s - 4ms/step - loss: 0.6155 - val_loss: 0.6148 - learning_rate: 5.0000e-04
Epoch 17/120
332/332 - 1s - 4ms/step - loss: 0.6184 - val_loss: 0.5870 - learning_rate: 5.0000e-04
Epoch 18/120
332/332 - 1s - 4ms/step - loss: 0.6077 - val_loss: 0.5861 - learning_rate: 5.0000e-04
Epoch 19/120
332/332 - 1s - 4ms/step - loss: 0.6072 - val_loss: 0.5813 - learning_rate: 5.0000e-04
Epoch 20/120
332/332 - 1s - 4ms/step - loss: 0.5893 - val_loss: 0.6966 - learning_rate: 5.0000e-04
Epoch 21/120
332/332 - 1s - 4ms/step - loss: 0.5816 - val_loss: 0.6093 - learning_rate: 5.0000e-04
Epoch 22/120
332/332 - 1s - 4ms/step - loss: 0.5761 - val_loss: 0.6599 - learning_rate: 5.0000e-04
Epoch 23/120
332/332 - 1s - 4ms/step - loss: 0.5797 - val_loss: 0.6673 - learning_rate: 5.0000e-04
Epoch 24/120
332/332 - 1s - 4ms/step - loss: 0.5639 - val_loss: 0.7123 - learning_rate: 5.0000e-04
Epoch 25/120
332/332 - 1s - 4ms/step - loss: 0.5639 - val_loss: 0.7343 - learning_rate: 5.0000e-04
Epoch 26/120
332/332 - 1s - 4ms/step - loss: 0.5683 - val_loss: 0.7494 - learning_rate: 5.0000e-04
Epoch 27/120
332/332 - 1s - 4ms/step - loss: 0.5609 - val_loss: 0.7667 - learning_rate: 5.0000e-04
Epoch 28/120
332/332 - 1s - 4ms/step - loss: 0.5550 - val_loss: 0.7600 - learning_rate: 5.0000e-04
Epoch 29/120
332/332 - 1s - 4ms/step - loss: 0.5506 - val_loss: 0.7107 - learning_rate: 5.0000e-04
Epoch 30/120
332/332 - 1s - 4ms/step - loss: 0.5305 - val_loss: 0.7708 - learning_rate: 2.5000e-04
Epoch 31/120
332/332 - 1s - 4ms/step - loss: 0.5162 - val_loss: 0.7358 - learning_rate: 2.5000e-04
Epoch 32/120
332/332 - 1s - 4ms/step - loss: 0.5144 - val_loss: 0.7848 - learning_rate: 2.5000e-04
Epoch 33/120
332/332 - 1s - 4ms/step - loss: 0.5192 - val_loss: 0.7467 - learning_rate: 2.5000e-04
Epoch 34/120
332/332 - 1s - 4ms/step - loss: 0.5188 - val_loss: 0.7854 - learning_rate: 2.5000e-04
Epoch 35/120
332/332 - 1s - 4ms/step - loss: 0.5100 - val_loss: 0.7658 - learning_rate: 2.5000e-04
Epoch 36/120
332/332 - 1s - 4ms/step - loss: 0.5143 - val_loss: 0.7480 - learning_rate: 2.5000e-04
Epoch 37/120
332/332 - 1s - 4ms/step - loss: 0.5058 - val_loss: 0.7752 - learning_rate: 2.5000e-04
Epoch 38/120
332/332 - 1s - 4ms/step - loss: 0.5002 - val_loss: 0.7925 - learning_rate: 2.5000e-04
Epoch 39/120
332/332 - 1s - 4ms/step - loss: 0.4968 - val_loss: 0.8140 - learning_rate: 2.5000e-04
[OK] Done: /home/natthawut/My_projects/SUT_Rice_Project_2024/out_train_w30_h1_context/lstm_core
