2026-05-13 15:10:54.556095: I tensorflow/core/platform/cpu_feature_guard.cc:210] This TensorFlow binary is optimized to use available CPU instructions in performance-critical operations.
To enable the following instructions: AVX2 FMA, in other operations, rebuild TensorFlow with the appropriate compiler flags.
WARNING: All log messages before absl::InitializeLog() is called are written to STDERR
I0000 00:00:1778659856.514090    5791 gpu_device.cc:2020] Created device /job:localhost/replica:0/task:0/device:GPU:0 with 4620 MB memory:  -> device: 0, name: NVIDIA GeForce GTX 1660 Ti, pci bus id: 0000:01:00.0, compute capability: 7.5
Epoch 1/150
2026-05-13 15:10:58.243647: I external/local_xla/xla/stream_executor/cuda/cuda_dnn.cc:473] Loaded cuDNN version 92200
332/332 - 4s - 12ms/step - loss: 0.6897 - val_loss: 0.7266 - learning_rate: 5.0000e-04
Epoch 2/150
332/332 - 1s - 4ms/step - loss: 0.6310 - val_loss: 0.6829 - learning_rate: 5.0000e-04
Epoch 3/150
332/332 - 1s - 4ms/step - loss: 0.5985 - val_loss: 0.6286 - learning_rate: 5.0000e-04
Epoch 4/150
332/332 - 1s - 4ms/step - loss: 0.5790 - val_loss: 0.6022 - learning_rate: 5.0000e-04
Epoch 5/150
332/332 - 1s - 4ms/step - loss: 0.5612 - val_loss: 0.5705 - learning_rate: 5.0000e-04
Epoch 6/150
332/332 - 1s - 4ms/step - loss: 0.5468 - val_loss: 0.5582 - learning_rate: 5.0000e-04
Epoch 7/150
332/332 - 1s - 4ms/step - loss: 0.5393 - val_loss: 0.5414 - learning_rate: 5.0000e-04
Epoch 8/150
332/332 - 1s - 4ms/step - loss: 0.5318 - val_loss: 0.5480 - learning_rate: 5.0000e-04
Epoch 9/150
332/332 - 1s - 4ms/step - loss: 0.5210 - val_loss: 0.5385 - learning_rate: 5.0000e-04
Epoch 10/150
332/332 - 1s - 4ms/step - loss: 0.5191 - val_loss: 0.5156 - learning_rate: 5.0000e-04
Epoch 11/150
332/332 - 1s - 4ms/step - loss: 0.5065 - val_loss: 0.5009 - learning_rate: 5.0000e-04
Epoch 12/150
332/332 - 1s - 4ms/step - loss: 0.4966 - val_loss: 0.4943 - learning_rate: 5.0000e-04
Epoch 13/150
332/332 - 1s - 4ms/step - loss: 0.5004 - val_loss: 0.5176 - learning_rate: 5.0000e-04
Epoch 14/150
332/332 - 1s - 4ms/step - loss: 0.4911 - val_loss: 0.4981 - learning_rate: 5.0000e-04
Epoch 15/150
332/332 - 1s - 4ms/step - loss: 0.4845 - val_loss: 0.4950 - learning_rate: 5.0000e-04
Epoch 16/150
332/332 - 1s - 4ms/step - loss: 0.4848 - val_loss: 0.5144 - learning_rate: 5.0000e-04
Epoch 17/150
332/332 - 1s - 4ms/step - loss: 0.4827 - val_loss: 0.4863 - learning_rate: 5.0000e-04
Epoch 18/150
332/332 - 1s - 4ms/step - loss: 0.4710 - val_loss: 0.4870 - learning_rate: 5.0000e-04
Epoch 19/150
332/332 - 1s - 4ms/step - loss: 0.4680 - val_loss: 0.4790 - learning_rate: 5.0000e-04
Epoch 20/150
332/332 - 1s - 4ms/step - loss: 0.4715 - val_loss: 0.5088 - learning_rate: 5.0000e-04
Epoch 21/150
332/332 - 1s - 4ms/step - loss: 0.4735 - val_loss: 0.5169 - learning_rate: 5.0000e-04
Epoch 22/150
332/332 - 1s - 4ms/step - loss: 0.4634 - val_loss: 0.5040 - learning_rate: 5.0000e-04
Epoch 23/150
332/332 - 1s - 4ms/step - loss: 0.4678 - val_loss: 0.5388 - learning_rate: 5.0000e-04
Epoch 24/150
332/332 - 1s - 4ms/step - loss: 0.4601 - val_loss: 0.5002 - learning_rate: 5.0000e-04
Epoch 25/150
332/332 - 1s - 4ms/step - loss: 0.4535 - val_loss: 0.5031 - learning_rate: 5.0000e-04
Epoch 26/150
332/332 - 1s - 4ms/step - loss: 0.4556 - val_loss: 0.4679 - learning_rate: 5.0000e-04
Epoch 27/150
332/332 - 1s - 4ms/step - loss: 0.4550 - val_loss: 0.4834 - learning_rate: 5.0000e-04
Epoch 28/150
332/332 - 1s - 4ms/step - loss: 0.4518 - val_loss: 0.5051 - learning_rate: 5.0000e-04
Epoch 29/150
332/332 - 1s - 4ms/step - loss: 0.4462 - val_loss: 0.4775 - learning_rate: 5.0000e-04
Epoch 30/150
332/332 - 1s - 4ms/step - loss: 0.4406 - val_loss: 0.4838 - learning_rate: 5.0000e-04
Epoch 31/150
332/332 - 1s - 4ms/step - loss: 0.4394 - val_loss: 0.4698 - learning_rate: 5.0000e-04
Epoch 32/150
332/332 - 1s - 4ms/step - loss: 0.4400 - val_loss: 0.4873 - learning_rate: 5.0000e-04
Epoch 33/150
332/332 - 1s - 4ms/step - loss: 0.4351 - val_loss: 0.4582 - learning_rate: 5.0000e-04
Epoch 34/150
332/332 - 1s - 4ms/step - loss: 0.4312 - val_loss: 0.4626 - learning_rate: 5.0000e-04
Epoch 35/150
332/332 - 1s - 4ms/step - loss: 0.4311 - val_loss: 0.4894 - learning_rate: 5.0000e-04
Epoch 36/150
332/332 - 1s - 4ms/step - loss: 0.4346 - val_loss: 0.4888 - learning_rate: 5.0000e-04
Epoch 37/150
332/332 - 1s - 4ms/step - loss: 0.4333 - val_loss: 0.4938 - learning_rate: 5.0000e-04
Epoch 38/150
332/332 - 1s - 4ms/step - loss: 0.4325 - val_loss: 0.4639 - learning_rate: 5.0000e-04
Epoch 39/150
332/332 - 1s - 4ms/step - loss: 0.4249 - val_loss: 0.4481 - learning_rate: 5.0000e-04
Epoch 40/150
332/332 - 1s - 4ms/step - loss: 0.4240 - val_loss: 0.4510 - learning_rate: 5.0000e-04
Epoch 41/150
332/332 - 1s - 4ms/step - loss: 0.4203 - val_loss: 0.5195 - learning_rate: 5.0000e-04
Epoch 42/150
332/332 - 1s - 4ms/step - loss: 0.4227 - val_loss: 0.4768 - learning_rate: 5.0000e-04
Epoch 43/150
332/332 - 1s - 4ms/step - loss: 0.4233 - val_loss: 0.4752 - learning_rate: 5.0000e-04
Epoch 44/150
332/332 - 1s - 4ms/step - loss: 0.4245 - val_loss: 0.4418 - learning_rate: 5.0000e-04
Epoch 45/150
332/332 - 1s - 4ms/step - loss: 0.4170 - val_loss: 0.4851 - learning_rate: 5.0000e-04
Epoch 46/150
332/332 - 1s - 4ms/step - loss: 0.4181 - val_loss: 0.4632 - learning_rate: 5.0000e-04
Epoch 47/150
332/332 - 1s - 4ms/step - loss: 0.4108 - val_loss: 0.4642 - learning_rate: 5.0000e-04
Epoch 48/150
332/332 - 1s - 4ms/step - loss: 0.4030 - val_loss: 0.4498 - learning_rate: 5.0000e-04
Epoch 49/150
332/332 - 1s - 4ms/step - loss: 0.4132 - val_loss: 0.4988 - learning_rate: 5.0000e-04
Epoch 50/150
332/332 - 1s - 4ms/step - loss: 0.4134 - val_loss: 0.4403 - learning_rate: 5.0000e-04
Epoch 51/150
332/332 - 1s - 4ms/step - loss: 0.4046 - val_loss: 0.4394 - learning_rate: 5.0000e-04
Epoch 52/150
332/332 - 1s - 4ms/step - loss: 0.4089 - val_loss: 0.4743 - learning_rate: 5.0000e-04
Epoch 53/150
332/332 - 1s - 4ms/step - loss: 0.4022 - val_loss: 0.4645 - learning_rate: 5.0000e-04
Epoch 54/150
332/332 - 1s - 4ms/step - loss: 0.3973 - val_loss: 0.4459 - learning_rate: 5.0000e-04
Epoch 55/150
332/332 - 1s - 4ms/step - loss: 0.3970 - val_loss: 0.4300 - learning_rate: 5.0000e-04
Epoch 56/150
332/332 - 1s - 4ms/step - loss: 0.3967 - val_loss: 0.4398 - learning_rate: 5.0000e-04
Epoch 57/150
332/332 - 1s - 4ms/step - loss: 0.3953 - val_loss: 0.4478 - learning_rate: 5.0000e-04
Epoch 58/150
332/332 - 1s - 4ms/step - loss: 0.3983 - val_loss: 0.4836 - learning_rate: 5.0000e-04
Epoch 59/150
332/332 - 1s - 4ms/step - loss: 0.4017 - val_loss: 0.4342 - learning_rate: 5.0000e-04
Epoch 60/150
332/332 - 1s - 4ms/step - loss: 0.3925 - val_loss: 0.4538 - learning_rate: 5.0000e-04
Epoch 61/150
332/332 - 1s - 4ms/step - loss: 0.3938 - val_loss: 0.4303 - learning_rate: 5.0000e-04
Epoch 62/150
332/332 - 1s - 4ms/step - loss: 0.3902 - val_loss: 0.4500 - learning_rate: 5.0000e-04
Epoch 63/150
332/332 - 1s - 4ms/step - loss: 0.3964 - val_loss: 0.4414 - learning_rate: 5.0000e-04
Epoch 64/150
332/332 - 1s - 4ms/step - loss: 0.3900 - val_loss: 0.4469 - learning_rate: 5.0000e-04
Epoch 65/150
332/332 - 1s - 4ms/step - loss: 0.3828 - val_loss: 0.4383 - learning_rate: 5.0000e-04
Epoch 66/150
332/332 - 1s - 4ms/step - loss: 0.3813 - val_loss: 0.4683 - learning_rate: 5.0000e-04
Epoch 67/150
332/332 - 1s - 4ms/step - loss: 0.3803 - val_loss: 0.4218 - learning_rate: 5.0000e-04
Epoch 68/150
332/332 - 1s - 4ms/step - loss: 0.3823 - val_loss: 0.4372 - learning_rate: 5.0000e-04
Epoch 69/150
332/332 - 1s - 4ms/step - loss: 0.3726 - val_loss: 0.3880 - learning_rate: 5.0000e-04
Epoch 70/150
332/332 - 1s - 4ms/step - loss: 0.3795 - val_loss: 0.4386 - learning_rate: 5.0000e-04
Epoch 71/150
332/332 - 1s - 4ms/step - loss: 0.3753 - val_loss: 0.4799 - learning_rate: 5.0000e-04
Epoch 72/150
332/332 - 1s - 4ms/step - loss: 0.3773 - val_loss: 0.4488 - learning_rate: 5.0000e-04
Epoch 73/150
332/332 - 1s - 4ms/step - loss: 0.3760 - val_loss: 0.4565 - learning_rate: 5.0000e-04
Epoch 74/150
332/332 - 1s - 4ms/step - loss: 0.3772 - val_loss: 0.4269 - learning_rate: 5.0000e-04
Epoch 75/150
332/332 - 1s - 4ms/step - loss: 0.3673 - val_loss: 0.4252 - learning_rate: 5.0000e-04
Epoch 76/150
332/332 - 1s - 4ms/step - loss: 0.3733 - val_loss: 0.4417 - learning_rate: 5.0000e-04
Epoch 77/150
332/332 - 1s - 4ms/step - loss: 0.3664 - val_loss: 0.4234 - learning_rate: 5.0000e-04
Epoch 78/150
332/332 - 1s - 4ms/step - loss: 0.3733 - val_loss: 0.4296 - learning_rate: 5.0000e-04
Epoch 79/150
332/332 - 1s - 4ms/step - loss: 0.3720 - val_loss: 0.4037 - learning_rate: 5.0000e-04
Epoch 80/150
332/332 - 1s - 4ms/step - loss: 0.3640 - val_loss: 0.4575 - learning_rate: 5.0000e-04
Epoch 81/150
332/332 - 1s - 4ms/step - loss: 0.3614 - val_loss: 0.4166 - learning_rate: 5.0000e-04
Epoch 82/150
332/332 - 1s - 4ms/step - loss: 0.3460 - val_loss: 0.4166 - learning_rate: 2.5000e-04
Epoch 83/150
332/332 - 1s - 4ms/step - loss: 0.3437 - val_loss: 0.4282 - learning_rate: 2.5000e-04
Epoch 84/150
332/332 - 1s - 4ms/step - loss: 0.3410 - val_loss: 0.4165 - learning_rate: 2.5000e-04
Epoch 85/150
332/332 - 1s - 4ms/step - loss: 0.3402 - val_loss: 0.4149 - learning_rate: 2.5000e-04
Epoch 86/150
332/332 - 1s - 4ms/step - loss: 0.3384 - val_loss: 0.4203 - learning_rate: 2.5000e-04
Epoch 87/150
332/332 - 1s - 4ms/step - loss: 0.3356 - val_loss: 0.4177 - learning_rate: 2.5000e-04
Epoch 88/150
332/332 - 1s - 4ms/step - loss: 0.3373 - val_loss: 0.3998 - learning_rate: 2.5000e-04
Epoch 89/150
332/332 - 1s - 4ms/step - loss: 0.3350 - val_loss: 0.4001 - learning_rate: 2.5000e-04
Epoch 90/150
332/332 - 1s - 4ms/step - loss: 0.3307 - val_loss: 0.3839 - learning_rate: 2.5000e-04
Epoch 91/150
332/332 - 1s - 4ms/step - loss: 0.3337 - val_loss: 0.4110 - learning_rate: 2.5000e-04
Epoch 92/150
332/332 - 1s - 4ms/step - loss: 0.3315 - val_loss: 0.4062 - learning_rate: 2.5000e-04
Epoch 93/150
332/332 - 1s - 4ms/step - loss: 0.3328 - val_loss: 0.4086 - learning_rate: 2.5000e-04
Epoch 94/150
332/332 - 1s - 4ms/step - loss: 0.3328 - val_loss: 0.4089 - learning_rate: 2.5000e-04
Epoch 95/150
332/332 - 1s - 4ms/step - loss: 0.3335 - val_loss: 0.4107 - learning_rate: 2.5000e-04
Epoch 96/150
332/332 - 1s - 4ms/step - loss: 0.3325 - val_loss: 0.4214 - learning_rate: 2.5000e-04
Epoch 97/150
332/332 - 1s - 4ms/step - loss: 0.3335 - val_loss: 0.4124 - learning_rate: 2.5000e-04
Epoch 98/150
332/332 - 1s - 4ms/step - loss: 0.3292 - val_loss: 0.4258 - learning_rate: 2.5000e-04
Epoch 99/150
332/332 - 1s - 4ms/step - loss: 0.3306 - val_loss: 0.4188 - learning_rate: 2.5000e-04
Epoch 100/150
332/332 - 1s - 4ms/step - loss: 0.3310 - val_loss: 0.4324 - learning_rate: 2.5000e-04
Epoch 101/150
332/332 - 1s - 4ms/step - loss: 0.3287 - val_loss: 0.4125 - learning_rate: 2.5000e-04
Epoch 102/150
332/332 - 1s - 4ms/step - loss: 0.3298 - val_loss: 0.4114 - learning_rate: 2.5000e-04
Epoch 103/150
332/332 - 1s - 4ms/step - loss: 0.3192 - val_loss: 0.4075 - learning_rate: 1.2500e-04
Epoch 104/150
332/332 - 1s - 4ms/step - loss: 0.3183 - val_loss: 0.4094 - learning_rate: 1.2500e-04
Epoch 105/150
332/332 - 1s - 4ms/step - loss: 0.3193 - val_loss: 0.4074 - learning_rate: 1.2500e-04
Epoch 106/150
332/332 - 1s - 4ms/step - loss: 0.3170 - val_loss: 0.4040 - learning_rate: 1.2500e-04
Epoch 107/150
332/332 - 1s - 4ms/step - loss: 0.3163 - val_loss: 0.3994 - learning_rate: 1.2500e-04
Epoch 108/150
332/332 - 1s - 4ms/step - loss: 0.3174 - val_loss: 0.4064 - learning_rate: 1.2500e-04
Epoch 109/150
332/332 - 1s - 4ms/step - loss: 0.3150 - val_loss: 0.3991 - learning_rate: 1.2500e-04
Epoch 110/150
332/332 - 1s - 4ms/step - loss: 0.3147 - val_loss: 0.4095 - learning_rate: 1.2500e-04
Epoch 111/150
332/332 - 1s - 4ms/step - loss: 0.3141 - val_loss: 0.3998 - learning_rate: 1.2500e-04
Epoch 112/150
332/332 - 1s - 4ms/step - loss: 0.3144 - val_loss: 0.4065 - learning_rate: 1.2500e-04
Epoch 113/150
332/332 - 1s - 4ms/step - loss: 0.3134 - val_loss: 0.4074 - learning_rate: 1.2500e-04
Epoch 114/150
332/332 - 1s - 4ms/step - loss: 0.3135 - val_loss: 0.4054 - learning_rate: 1.2500e-04
Epoch 115/150
332/332 - 1s - 4ms/step - loss: 0.3095 - val_loss: 0.4079 - learning_rate: 6.2500e-05
[OK] Done: /home/natthawut/My_projects/SUT_Rice_Project_2024/out_train_w30_h1_context/cnn_lstm_core
