2026-05-13 15:13:38.541706: I tensorflow/core/platform/cpu_feature_guard.cc:210] This TensorFlow binary is optimized to use available CPU instructions in performance-critical operations.
To enable the following instructions: AVX2 FMA, in other operations, rebuild TensorFlow with the appropriate compiler flags.
WARNING: All log messages before absl::InitializeLog() is called are written to STDERR
I0000 00:00:1778660020.546120   13157 gpu_device.cc:2020] Created device /job:localhost/replica:0/task:0/device:GPU:0 with 4620 MB memory:  -> device: 0, name: NVIDIA GeForce GTX 1660 Ti, pci bus id: 0000:01:00.0, compute capability: 7.5
Epoch 1/200
2026-05-13 15:13:45.058327: I external/local_xla/xla/service/service.cc:163] XLA service 0x7d90bc001b50 initialized for platform CUDA (this does not guarantee that XLA will be used). Devices:
2026-05-13 15:13:45.058340: I external/local_xla/xla/service/service.cc:171]   StreamExecutor device (0): NVIDIA GeForce GTX 1660 Ti, Compute Capability 7.5
2026-05-13 15:13:45.200088: I tensorflow/compiler/mlir/tensorflow/utils/dump_mlir_util.cc:269] disabling MLIR crash reproducer, set env var `MLIR_CRASH_REPRODUCER_DIRECTORY` to enable.
2026-05-13 15:13:46.133037: I external/local_xla/xla/stream_executor/cuda/cuda_dnn.cc:473] Loaded cuDNN version 92200
I0000 00:00:1778660030.915974   13221 device_compiler.h:196] Compiled cluster using XLA!  This line is logged at most once for the lifetime of the process.
332/332 - 18s - 53ms/step - loss: 0.6809 - val_loss: 0.6640 - learning_rate: 5.0000e-04
Epoch 2/200
332/332 - 2s - 5ms/step - loss: 0.5925 - val_loss: 0.6216 - learning_rate: 5.0000e-04
Epoch 3/200
332/332 - 2s - 5ms/step - loss: 0.5573 - val_loss: 0.6852 - learning_rate: 5.0000e-04
Epoch 4/200
332/332 - 2s - 5ms/step - loss: 0.5299 - val_loss: 0.6262 - learning_rate: 5.0000e-04
Epoch 5/200
332/332 - 2s - 5ms/step - loss: 0.5162 - val_loss: 0.6551 - learning_rate: 5.0000e-04
Epoch 6/200
332/332 - 2s - 5ms/step - loss: 0.4987 - val_loss: 0.6172 - learning_rate: 5.0000e-04
Epoch 7/200
332/332 - 2s - 5ms/step - loss: 0.4830 - val_loss: 0.5501 - learning_rate: 5.0000e-04
Epoch 8/200
332/332 - 2s - 5ms/step - loss: 0.4713 - val_loss: 0.5257 - learning_rate: 5.0000e-04
Epoch 9/200
332/332 - 2s - 5ms/step - loss: 0.4611 - val_loss: 0.5039 - learning_rate: 5.0000e-04
Epoch 10/200
332/332 - 2s - 5ms/step - loss: 0.4513 - val_loss: 0.4731 - learning_rate: 5.0000e-04
Epoch 11/200
332/332 - 2s - 5ms/step - loss: 0.4431 - val_loss: 0.4785 - learning_rate: 5.0000e-04
Epoch 12/200
332/332 - 2s - 5ms/step - loss: 0.4401 - val_loss: 0.4745 - learning_rate: 5.0000e-04
Epoch 13/200
332/332 - 2s - 5ms/step - loss: 0.4245 - val_loss: 0.4585 - learning_rate: 5.0000e-04
Epoch 14/200
332/332 - 2s - 5ms/step - loss: 0.4250 - val_loss: 0.4506 - learning_rate: 5.0000e-04
Epoch 15/200
332/332 - 2s - 5ms/step - loss: 0.4136 - val_loss: 0.4298 - learning_rate: 5.0000e-04
Epoch 16/200
332/332 - 2s - 5ms/step - loss: 0.4053 - val_loss: 0.4390 - learning_rate: 5.0000e-04
Epoch 17/200
332/332 - 2s - 5ms/step - loss: 0.4056 - val_loss: 0.4340 - learning_rate: 5.0000e-04
Epoch 18/200
332/332 - 2s - 5ms/step - loss: 0.3991 - val_loss: 0.4292 - learning_rate: 5.0000e-04
Epoch 19/200
332/332 - 2s - 5ms/step - loss: 0.3990 - val_loss: 0.4421 - learning_rate: 5.0000e-04
Epoch 20/200
332/332 - 2s - 5ms/step - loss: 0.3914 - val_loss: 0.4303 - learning_rate: 5.0000e-04
Epoch 21/200
332/332 - 2s - 5ms/step - loss: 0.3897 - val_loss: 0.4498 - learning_rate: 5.0000e-04
Epoch 22/200
332/332 - 2s - 5ms/step - loss: 0.3870 - val_loss: 0.4294 - learning_rate: 5.0000e-04
Epoch 23/200
332/332 - 2s - 5ms/step - loss: 0.3786 - val_loss: 0.4340 - learning_rate: 5.0000e-04
Epoch 24/200
332/332 - 2s - 5ms/step - loss: 0.3823 - val_loss: 0.4343 - learning_rate: 5.0000e-04
Epoch 25/200
332/332 - 2s - 5ms/step - loss: 0.3748 - val_loss: 0.4860 - learning_rate: 5.0000e-04
Epoch 26/200
332/332 - 2s - 5ms/step - loss: 0.3735 - val_loss: 0.4608 - learning_rate: 5.0000e-04
Epoch 27/200
332/332 - 2s - 5ms/step - loss: 0.3704 - val_loss: 0.4535 - learning_rate: 5.0000e-04
Epoch 28/200
332/332 - 2s - 5ms/step - loss: 0.3686 - val_loss: 0.4849 - learning_rate: 5.0000e-04
Epoch 29/200
332/332 - 2s - 5ms/step - loss: 0.3621 - val_loss: 0.4948 - learning_rate: 5.0000e-04
Epoch 30/200
332/332 - 2s - 5ms/step - loss: 0.3648 - val_loss: 0.4583 - learning_rate: 5.0000e-04
Epoch 31/200
332/332 - 2s - 5ms/step - loss: 0.3663 - val_loss: 0.4832 - learning_rate: 5.0000e-04
Epoch 32/200
332/332 - 2s - 5ms/step - loss: 0.3576 - val_loss: 0.4487 - learning_rate: 5.0000e-04
Epoch 33/200
332/332 - 2s - 5ms/step - loss: 0.3555 - val_loss: 0.4413 - learning_rate: 5.0000e-04
Epoch 34/200
332/332 - 2s - 5ms/step - loss: 0.3394 - val_loss: 0.4600 - learning_rate: 2.5000e-04
Epoch 35/200
332/332 - 2s - 5ms/step - loss: 0.3316 - val_loss: 0.4777 - learning_rate: 2.5000e-04
Epoch 36/200
332/332 - 2s - 5ms/step - loss: 0.3339 - val_loss: 0.4663 - learning_rate: 2.5000e-04
Epoch 37/200
332/332 - 2s - 5ms/step - loss: 0.3315 - val_loss: 0.4645 - learning_rate: 2.5000e-04
Epoch 38/200
332/332 - 2s - 5ms/step - loss: 0.3295 - val_loss: 0.4762 - learning_rate: 2.5000e-04
Epoch 39/200
332/332 - 2s - 5ms/step - loss: 0.3336 - val_loss: 0.4521 - learning_rate: 2.5000e-04
Epoch 40/200
332/332 - 2s - 5ms/step - loss: 0.3265 - val_loss: 0.4533 - learning_rate: 2.5000e-04
Epoch 41/200
332/332 - 2s - 5ms/step - loss: 0.3230 - val_loss: 0.4750 - learning_rate: 2.5000e-04
Epoch 42/200
332/332 - 2s - 5ms/step - loss: 0.3239 - val_loss: 0.4848 - learning_rate: 2.5000e-04
Epoch 43/200
332/332 - 2s - 5ms/step - loss: 0.3211 - val_loss: 0.4666 - learning_rate: 2.5000e-04
Epoch 44/200
332/332 - 2s - 5ms/step - loss: 0.3191 - val_loss: 0.4613 - learning_rate: 2.5000e-04
Epoch 45/200
332/332 - 2s - 5ms/step - loss: 0.3200 - val_loss: 0.4714 - learning_rate: 2.5000e-04
Epoch 46/200
332/332 - 2s - 5ms/step - loss: 0.3205 - val_loss: 0.4565 - learning_rate: 2.5000e-04
Epoch 47/200
332/332 - 2s - 5ms/step - loss: 0.3124 - val_loss: 0.4719 - learning_rate: 2.5000e-04
Epoch 48/200
332/332 - 2s - 5ms/step - loss: 0.3148 - val_loss: 0.4643 - learning_rate: 2.5000e-04
[OK] Done: /home/natthawut/My_projects/SUT_Rice_Project_2024/out_train_w30_h1_context/transformer_core
