=== START context ===
======================================
Start Training
NPZ      : results/out_feature_sets_w60_h7/context/sequences_window60_h7.npz
OUT ROOT : results/out_train_w60_h7_context
======================================

======================================
1) Train LSTM
======================================
2026-05-18 00:46:31.413680: E external/local_xla/xla/stream_executor/cuda/cuda_dnn.cc:9261] Unable to register cuDNN factory: Attempting to register factory for plugin cuDNN when one has already been registered
2026-05-18 00:46:31.413813: E external/local_xla/xla/stream_executor/cuda/cuda_fft.cc:607] Unable to register cuFFT factory: Attempting to register factory for plugin cuFFT when one has already been registered
2026-05-18 00:46:31.522002: E external/local_xla/xla/stream_executor/cuda/cuda_blas.cc:1515] Unable to register cuBLAS factory: Attempting to register factory for plugin cuBLAS when one has already been registered
2026-05-18 00:46:33.312530: W tensorflow/compiler/tf2tensorrt/utils/py_utils.cc:38] TF-TRT Warning: Could not find TensorRT
2026-05-18 00:46:34.610312: I external/local_xla/xla/stream_executor/cuda/cuda_executor.cc:901] successful NUMA node read from SysFS had negative value (-1), but there must be at least one NUMA node, so returning NUMA node zero. See more at https://github.com/torvalds/linux/blob/v6.0/Documentation/ABI/testing/sysfs-bus-pci#L344-L355
2026-05-18 00:46:35.082714: I external/local_xla/xla/stream_executor/cuda/cuda_executor.cc:901] successful NUMA node read from SysFS had negative value (-1), but there must be at least one NUMA node, so returning NUMA node zero. See more at https://github.com/torvalds/linux/blob/v6.0/Documentation/ABI/testing/sysfs-bus-pci#L344-L355
2026-05-18 00:46:35.082926: I external/local_xla/xla/stream_executor/cuda/cuda_executor.cc:901] successful NUMA node read from SysFS had negative value (-1), but there must be at least one NUMA node, so returning NUMA node zero. See more at https://github.com/torvalds/linux/blob/v6.0/Documentation/ABI/testing/sysfs-bus-pci#L344-L355
2026-05-18 00:46:35.724778: I external/local_xla/xla/stream_executor/cuda/cuda_executor.cc:901] successful NUMA node read from SysFS had negative value (-1), but there must be at least one NUMA node, so returning NUMA node zero. See more at https://github.com/torvalds/linux/blob/v6.0/Documentation/ABI/testing/sysfs-bus-pci#L344-L355
2026-05-18 00:46:35.725021: I external/local_xla/xla/stream_executor/cuda/cuda_executor.cc:901] successful NUMA node read from SysFS had negative value (-1), but there must be at least one NUMA node, so returning NUMA node zero. See more at https://github.com/torvalds/linux/blob/v6.0/Documentation/ABI/testing/sysfs-bus-pci#L344-L355
2026-05-18 00:46:35.725198: I external/local_xla/xla/stream_executor/cuda/cuda_executor.cc:901] successful NUMA node read from SysFS had negative value (-1), but there must be at least one NUMA node, so returning NUMA node zero. See more at https://github.com/torvalds/linux/blob/v6.0/Documentation/ABI/testing/sysfs-bus-pci#L344-L355
2026-05-18 00:46:35.822919: I external/local_xla/xla/stream_executor/cuda/cuda_executor.cc:901] successful NUMA node read from SysFS had negative value (-1), but there must be at least one NUMA node, so returning NUMA node zero. See more at https://github.com/torvalds/linux/blob/v6.0/Documentation/ABI/testing/sysfs-bus-pci#L344-L355
2026-05-18 00:46:35.823140: I external/local_xla/xla/stream_executor/cuda/cuda_executor.cc:901] successful NUMA node read from SysFS had negative value (-1), but there must be at least one NUMA node, so returning NUMA node zero. See more at https://github.com/torvalds/linux/blob/v6.0/Documentation/ABI/testing/sysfs-bus-pci#L344-L355
2026-05-18 00:46:35.823342: I external/local_xla/xla/stream_executor/cuda/cuda_executor.cc:901] successful NUMA node read from SysFS had negative value (-1), but there must be at least one NUMA node, so returning NUMA node zero. See more at https://github.com/torvalds/linux/blob/v6.0/Documentation/ABI/testing/sysfs-bus-pci#L344-L355
2026-05-18 00:46:35.823455: I tensorflow/core/common_runtime/gpu/gpu_device.cc:1929] Created device /job:localhost/replica:0/task:0/device:GPU:0 with 6966 MB memory:  -> device: 0, name: NVIDIA GeForce GTX 1070 Ti, pci bus id: 0000:01:00.0, compute capability: 6.1
2026-05-18 00:46:36.257290: I external/local_tsl/tsl/platform/default/subprocess.cc:304] Start cannot spawn child process: No such file or directory
Epoch 1/120
2026-05-18 00:46:39.610707: I external/local_xla/xla/stream_executor/cuda/cuda_dnn.cc:454] Loaded cuDNN version 8904
2026-05-18 00:46:40.825159: I external/local_xla/xla/service/service.cc:168] XLA service 0x76e1e5827e90 initialized for platform CUDA (this does not guarantee that XLA will be used). Devices:
2026-05-18 00:46:40.825206: I external/local_xla/xla/service/service.cc:176]   StreamExecutor device (0): NVIDIA GeForce GTX 1070 Ti, Compute Capability 6.1
2026-05-18 00:46:40.855840: I tensorflow/compiler/mlir/tensorflow/utils/dump_mlir_util.cc:269] disabling MLIR crash reproducer, set env var `MLIR_CRASH_REPRODUCER_DIRECTORY` to enable.
WARNING: All log messages before absl::InitializeLog() is called are written to STDERR
I0000 00:00:1779040001.016479    9384 device_compiler.h:186] Compiled cluster using XLA!  This line is logged at most once for the lifetime of the process.
322/322 - 8s - loss: 0.6809 - val_loss: 0.6451 - lr: 5.0000e-04 - 8s/epoch - 26ms/step
Epoch 2/120
322/322 - 4s - loss: 0.6326 - val_loss: 0.5567 - lr: 5.0000e-04 - 4s/epoch - 12ms/step
Epoch 3/120
322/322 - 4s - loss: 0.5978 - val_loss: 0.5677 - lr: 5.0000e-04 - 4s/epoch - 12ms/step
Epoch 4/120
322/322 - 4s - loss: 0.5798 - val_loss: 0.5456 - lr: 5.0000e-04 - 4s/epoch - 12ms/step
Epoch 5/120
322/322 - 4s - loss: 0.5884 - val_loss: 0.5902 - lr: 5.0000e-04 - 4s/epoch - 12ms/step
Epoch 6/120
322/322 - 4s - loss: 0.5668 - val_loss: 0.5402 - lr: 5.0000e-04 - 4s/epoch - 12ms/step
Epoch 7/120
322/322 - 4s - loss: 0.5676 - val_loss: 0.5207 - lr: 5.0000e-04 - 4s/epoch - 12ms/step
Epoch 8/120
322/322 - 4s - loss: 0.5644 - val_loss: 0.5923 - lr: 5.0000e-04 - 4s/epoch - 12ms/step
Epoch 9/120
322/322 - 4s - loss: 0.5512 - val_loss: 0.5796 - lr: 5.0000e-04 - 4s/epoch - 12ms/step
Epoch 10/120
322/322 - 4s - loss: 0.5563 - val_loss: 0.5670 - lr: 5.0000e-04 - 4s/epoch - 12ms/step
Epoch 11/120
322/322 - 4s - loss: 0.5525 - val_loss: 0.5873 - lr: 5.0000e-04 - 4s/epoch - 12ms/step
Epoch 12/120
322/322 - 4s - loss: 0.5463 - val_loss: 0.5567 - lr: 5.0000e-04 - 4s/epoch - 12ms/step
Epoch 13/120
322/322 - 4s - loss: 0.5496 - val_loss: 0.5559 - lr: 5.0000e-04 - 4s/epoch - 12ms/step
Epoch 14/120
322/322 - 4s - loss: 0.5406 - val_loss: 0.5924 - lr: 5.0000e-04 - 4s/epoch - 12ms/step
Epoch 15/120
322/322 - 4s - loss: 0.5348 - val_loss: 0.4855 - lr: 5.0000e-04 - 4s/epoch - 13ms/step
Epoch 16/120
322/322 - 4s - loss: 0.5313 - val_loss: 0.5145 - lr: 5.0000e-04 - 4s/epoch - 12ms/step
Epoch 17/120
322/322 - 4s - loss: 0.5258 - val_loss: 0.5372 - lr: 5.0000e-04 - 4s/epoch - 12ms/step
Epoch 18/120
322/322 - 4s - loss: 0.5250 - val_loss: 0.5384 - lr: 5.0000e-04 - 4s/epoch - 12ms/step
Epoch 19/120
322/322 - 4s - loss: 0.5180 - val_loss: 0.4798 - lr: 5.0000e-04 - 4s/epoch - 12ms/step
Epoch 20/120
322/322 - 4s - loss: 0.5214 - val_loss: 0.5736 - lr: 5.0000e-04 - 4s/epoch - 12ms/step
Epoch 21/120
322/322 - 4s - loss: 0.5158 - val_loss: 0.5240 - lr: 5.0000e-04 - 4s/epoch - 11ms/step
Epoch 22/120
322/322 - 3s - loss: 0.5115 - val_loss: 0.5129 - lr: 5.0000e-04 - 3s/epoch - 11ms/step
Epoch 23/120
322/322 - 4s - loss: 0.5087 - val_loss: 0.4940 - lr: 5.0000e-04 - 4s/epoch - 12ms/step
Epoch 24/120
322/322 - 4s - loss: 0.5008 - val_loss: 0.5170 - lr: 5.0000e-04 - 4s/epoch - 12ms/step
Epoch 25/120
322/322 - 4s - loss: 0.4997 - val_loss: 0.5013 - lr: 5.0000e-04 - 4s/epoch - 12ms/step
Epoch 26/120
322/322 - 4s - loss: 0.4996 - val_loss: 0.4844 - lr: 5.0000e-04 - 4s/epoch - 12ms/step
Epoch 27/120
322/322 - 4s - loss: 0.4934 - val_loss: 0.4804 - lr: 5.0000e-04 - 4s/epoch - 11ms/step
Epoch 28/120
322/322 - 4s - loss: 0.4930 - val_loss: 0.5243 - lr: 5.0000e-04 - 4s/epoch - 12ms/step
Epoch 29/120
322/322 - 4s - loss: 0.4945 - val_loss: 0.5003 - lr: 5.0000e-04 - 4s/epoch - 11ms/step
Epoch 30/120
322/322 - 4s - loss: 0.4789 - val_loss: 0.4976 - lr: 2.5000e-04 - 4s/epoch - 12ms/step
Epoch 31/120
322/322 - 4s - loss: 0.4753 - val_loss: 0.4766 - lr: 2.5000e-04 - 4s/epoch - 12ms/step
Epoch 32/120
322/322 - 4s - loss: 0.4752 - val_loss: 0.4788 - lr: 2.5000e-04 - 4s/epoch - 12ms/step
Epoch 33/120
322/322 - 4s - loss: 0.4706 - val_loss: 0.5058 - lr: 2.5000e-04 - 4s/epoch - 12ms/step
Epoch 34/120
322/322 - 4s - loss: 0.4691 - val_loss: 0.4651 - lr: 2.5000e-04 - 4s/epoch - 12ms/step
Epoch 35/120
322/322 - 4s - loss: 0.4744 - val_loss: 0.4646 - lr: 2.5000e-04 - 4s/epoch - 12ms/step
Epoch 36/120
322/322 - 4s - loss: 0.4684 - val_loss: 0.5007 - lr: 2.5000e-04 - 4s/epoch - 12ms/step
Epoch 37/120
322/322 - 4s - loss: 0.4696 - val_loss: 0.4876 - lr: 2.5000e-04 - 4s/epoch - 12ms/step
Epoch 38/120
322/322 - 4s - loss: 0.4657 - val_loss: 0.4608 - lr: 2.5000e-04 - 4s/epoch - 12ms/step
Epoch 39/120
322/322 - 4s - loss: 0.4659 - val_loss: 0.4708 - lr: 2.5000e-04 - 4s/epoch - 12ms/step
Epoch 40/120
322/322 - 4s - loss: 0.4677 - val_loss: 0.4746 - lr: 2.5000e-04 - 4s/epoch - 12ms/step
Epoch 41/120
322/322 - 4s - loss: 0.4590 - val_loss: 0.4677 - lr: 2.5000e-04 - 4s/epoch - 12ms/step
Epoch 42/120
322/322 - 4s - loss: 0.4583 - val_loss: 0.4798 - lr: 2.5000e-04 - 4s/epoch - 12ms/step
Epoch 43/120
322/322 - 4s - loss: 0.4615 - val_loss: 0.4723 - lr: 2.5000e-04 - 4s/epoch - 12ms/step
Epoch 44/120
322/322 - 4s - loss: 0.4627 - val_loss: 0.4872 - lr: 2.5000e-04 - 4s/epoch - 12ms/step
Epoch 45/120
322/322 - 4s - loss: 0.4615 - val_loss: 0.4545 - lr: 2.5000e-04 - 4s/epoch - 12ms/step
Epoch 46/120
322/322 - 4s - loss: 0.4575 - val_loss: 0.4687 - lr: 2.5000e-04 - 4s/epoch - 12ms/step
Epoch 47/120
322/322 - 4s - loss: 0.4594 - val_loss: 0.4907 - lr: 2.5000e-04 - 4s/epoch - 12ms/step
Epoch 48/120
322/322 - 4s - loss: 0.4575 - val_loss: 0.4734 - lr: 2.5000e-04 - 4s/epoch - 12ms/step
Epoch 49/120
322/322 - 4s - loss: 0.4550 - val_loss: 0.4614 - lr: 2.5000e-04 - 4s/epoch - 12ms/step
Epoch 50/120
322/322 - 4s - loss: 0.4551 - val_loss: 0.4694 - lr: 2.5000e-04 - 4s/epoch - 12ms/step
Epoch 51/120
322/322 - 4s - loss: 0.4536 - val_loss: 0.4828 - lr: 2.5000e-04 - 4s/epoch - 12ms/step
Epoch 52/120
322/322 - 4s - loss: 0.4561 - val_loss: 0.4338 - lr: 2.5000e-04 - 4s/epoch - 12ms/step
Epoch 53/120
322/322 - 4s - loss: 0.4517 - val_loss: 0.4880 - lr: 2.5000e-04 - 4s/epoch - 12ms/step
Epoch 54/120
322/322 - 4s - loss: 0.4473 - val_loss: 0.4504 - lr: 2.5000e-04 - 4s/epoch - 12ms/step
Epoch 55/120
322/322 - 4s - loss: 0.4516 - val_loss: 0.4469 - lr: 2.5000e-04 - 4s/epoch - 12ms/step
Epoch 56/120
322/322 - 4s - loss: 0.4451 - val_loss: 0.4497 - lr: 2.5000e-04 - 4s/epoch - 12ms/step
Epoch 57/120
322/322 - 4s - loss: 0.4473 - val_loss: 0.4675 - lr: 2.5000e-04 - 4s/epoch - 12ms/step
Epoch 58/120
322/322 - 4s - loss: 0.4404 - val_loss: 0.4409 - lr: 2.5000e-04 - 4s/epoch - 12ms/step
Epoch 59/120
322/322 - 4s - loss: 0.4430 - val_loss: 0.5168 - lr: 2.5000e-04 - 4s/epoch - 12ms/step
Epoch 60/120
322/322 - 4s - loss: 0.4431 - val_loss: 0.4650 - lr: 2.5000e-04 - 4s/epoch - 12ms/step
Epoch 61/120
322/322 - 3s - loss: 0.4450 - val_loss: 0.4717 - lr: 2.5000e-04 - 3s/epoch - 10ms/step
Epoch 62/120
322/322 - 3s - loss: 0.4377 - val_loss: 0.4482 - lr: 2.5000e-04 - 3s/epoch - 11ms/step
Epoch 63/120
322/322 - 4s - loss: 0.4304 - val_loss: 0.4618 - lr: 1.2500e-04 - 4s/epoch - 11ms/step
Epoch 64/120
322/322 - 4s - loss: 0.4308 - val_loss: 0.5120 - lr: 1.2500e-04 - 4s/epoch - 11ms/step
Epoch 65/120
322/322 - 4s - loss: 0.4327 - val_loss: 0.4729 - lr: 1.2500e-04 - 4s/epoch - 12ms/step
Epoch 66/120
322/322 - 4s - loss: 0.4279 - val_loss: 0.4417 - lr: 1.2500e-04 - 4s/epoch - 11ms/step
Epoch 67/120
322/322 - 4s - loss: 0.4300 - val_loss: 0.4475 - lr: 1.2500e-04 - 4s/epoch - 12ms/step
Epoch 68/120
322/322 - 4s - loss: 0.4263 - val_loss: 0.4781 - lr: 1.2500e-04 - 4s/epoch - 12ms/step
Epoch 69/120
322/322 - 4s - loss: 0.4276 - val_loss: 0.4657 - lr: 1.2500e-04 - 4s/epoch - 12ms/step
Epoch 70/120
322/322 - 4s - loss: 0.4260 - val_loss: 0.4494 - lr: 1.2500e-04 - 4s/epoch - 12ms/step
Epoch 71/120
322/322 - 4s - loss: 0.4257 - val_loss: 0.4565 - lr: 1.2500e-04 - 4s/epoch - 12ms/step
Epoch 72/120
322/322 - 4s - loss: 0.4219 - val_loss: 0.4548 - lr: 1.2500e-04 - 4s/epoch - 12ms/step
[OK] Done: /home/ai-station/Projects_code/SUT_Rice_Project_2024/BPH_Research/results/out_train_w60_h7_context/lstm_core

======================================
2) Train CNN-LSTM
======================================
2026-05-18 00:51:22.873217: E external/local_xla/xla/stream_executor/cuda/cuda_dnn.cc:9261] Unable to register cuDNN factory: Attempting to register factory for plugin cuDNN when one has already been registered
2026-05-18 00:51:22.873264: E external/local_xla/xla/stream_executor/cuda/cuda_fft.cc:607] Unable to register cuFFT factory: Attempting to register factory for plugin cuFFT when one has already been registered
2026-05-18 00:51:22.874565: E external/local_xla/xla/stream_executor/cuda/cuda_blas.cc:1515] Unable to register cuBLAS factory: Attempting to register factory for plugin cuBLAS when one has already been registered
2026-05-18 00:51:23.700972: W tensorflow/compiler/tf2tensorrt/utils/py_utils.cc:38] TF-TRT Warning: Could not find TensorRT
2026-05-18 00:51:24.289181: I external/local_xla/xla/stream_executor/cuda/cuda_executor.cc:901] successful NUMA node read from SysFS had negative value (-1), but there must be at least one NUMA node, so returning NUMA node zero. See more at https://github.com/torvalds/linux/blob/v6.0/Documentation/ABI/testing/sysfs-bus-pci#L344-L355
2026-05-18 00:51:24.322902: I external/local_xla/xla/stream_executor/cuda/cuda_executor.cc:901] successful NUMA node read from SysFS had negative value (-1), but there must be at least one NUMA node, so returning NUMA node zero. See more at https://github.com/torvalds/linux/blob/v6.0/Documentation/ABI/testing/sysfs-bus-pci#L344-L355
2026-05-18 00:51:24.323174: I external/local_xla/xla/stream_executor/cuda/cuda_executor.cc:901] successful NUMA node read from SysFS had negative value (-1), but there must be at least one NUMA node, so returning NUMA node zero. See more at https://github.com/torvalds/linux/blob/v6.0/Documentation/ABI/testing/sysfs-bus-pci#L344-L355
2026-05-18 00:51:24.876824: I external/local_xla/xla/stream_executor/cuda/cuda_executor.cc:901] successful NUMA node read from SysFS had negative value (-1), but there must be at least one NUMA node, so returning NUMA node zero. See more at https://github.com/torvalds/linux/blob/v6.0/Documentation/ABI/testing/sysfs-bus-pci#L344-L355
2026-05-18 00:51:24.877076: I external/local_xla/xla/stream_executor/cuda/cuda_executor.cc:901] successful NUMA node read from SysFS had negative value (-1), but there must be at least one NUMA node, so returning NUMA node zero. See more at https://github.com/torvalds/linux/blob/v6.0/Documentation/ABI/testing/sysfs-bus-pci#L344-L355
2026-05-18 00:51:24.877263: I external/local_xla/xla/stream_executor/cuda/cuda_executor.cc:901] successful NUMA node read from SysFS had negative value (-1), but there must be at least one NUMA node, so returning NUMA node zero. See more at https://github.com/torvalds/linux/blob/v6.0/Documentation/ABI/testing/sysfs-bus-pci#L344-L355
2026-05-18 00:51:24.945180: I external/local_xla/xla/stream_executor/cuda/cuda_executor.cc:901] successful NUMA node read from SysFS had negative value (-1), but there must be at least one NUMA node, so returning NUMA node zero. See more at https://github.com/torvalds/linux/blob/v6.0/Documentation/ABI/testing/sysfs-bus-pci#L344-L355
2026-05-18 00:51:24.945391: I external/local_xla/xla/stream_executor/cuda/cuda_executor.cc:901] successful NUMA node read from SysFS had negative value (-1), but there must be at least one NUMA node, so returning NUMA node zero. See more at https://github.com/torvalds/linux/blob/v6.0/Documentation/ABI/testing/sysfs-bus-pci#L344-L355
2026-05-18 00:51:24.945574: I external/local_xla/xla/stream_executor/cuda/cuda_executor.cc:901] successful NUMA node read from SysFS had negative value (-1), but there must be at least one NUMA node, so returning NUMA node zero. See more at https://github.com/torvalds/linux/blob/v6.0/Documentation/ABI/testing/sysfs-bus-pci#L344-L355
2026-05-18 00:51:24.945706: I tensorflow/core/common_runtime/gpu/gpu_device.cc:1929] Created device /job:localhost/replica:0/task:0/device:GPU:0 with 6951 MB memory:  -> device: 0, name: NVIDIA GeForce GTX 1070 Ti, pci bus id: 0000:01:00.0, compute capability: 6.1
2026-05-18 00:51:25.119323: I external/local_tsl/tsl/platform/default/subprocess.cc:304] Start cannot spawn child process: No such file or directory
Epoch 1/150
2026-05-18 00:51:27.691932: I external/local_xla/xla/stream_executor/cuda/cuda_dnn.cc:454] Loaded cuDNN version 8904
2026-05-18 00:51:28.159793: I external/local_tsl/tsl/platform/default/subprocess.cc:304] Start cannot spawn child process: No such file or directory
2026-05-18 00:51:30.492556: I external/local_xla/xla/service/service.cc:168] XLA service 0x7f92b806e500 initialized for platform CUDA (this does not guarantee that XLA will be used). Devices:
2026-05-18 00:51:30.492589: I external/local_xla/xla/service/service.cc:176]   StreamExecutor device (0): NVIDIA GeForce GTX 1070 Ti, Compute Capability 6.1
2026-05-18 00:51:30.499072: I tensorflow/compiler/mlir/tensorflow/utils/dump_mlir_util.cc:269] disabling MLIR crash reproducer, set env var `MLIR_CRASH_REPRODUCER_DIRECTORY` to enable.
WARNING: All log messages before absl::InitializeLog() is called are written to STDERR
I0000 00:00:1779040290.606612   10738 device_compiler.h:186] Compiled cluster using XLA!  This line is logged at most once for the lifetime of the process.
322/322 - 9s - loss: 0.6699 - val_loss: 0.5730 - lr: 5.0000e-04 - 9s/epoch - 29ms/step
Epoch 2/150
322/322 - 3s - loss: 0.5826 - val_loss: 0.5292 - lr: 5.0000e-04 - 3s/epoch - 9ms/step
Epoch 3/150
322/322 - 3s - loss: 0.5531 - val_loss: 0.4927 - lr: 5.0000e-04 - 3s/epoch - 9ms/step
Epoch 4/150
322/322 - 4s - loss: 0.5191 - val_loss: 0.4631 - lr: 5.0000e-04 - 4s/epoch - 11ms/step
Epoch 5/150
322/322 - 4s - loss: 0.5143 - val_loss: 0.4125 - lr: 5.0000e-04 - 4s/epoch - 11ms/step
Epoch 6/150
322/322 - 4s - loss: 0.4996 - val_loss: 0.4533 - lr: 5.0000e-04 - 4s/epoch - 11ms/step
Epoch 7/150
322/322 - 4s - loss: 0.4761 - val_loss: 0.3979 - lr: 5.0000e-04 - 4s/epoch - 12ms/step
Epoch 8/150
322/322 - 4s - loss: 0.4708 - val_loss: 0.5061 - lr: 5.0000e-04 - 4s/epoch - 11ms/step
Epoch 9/150
322/322 - 4s - loss: 0.4654 - val_loss: 0.4353 - lr: 5.0000e-04 - 4s/epoch - 11ms/step
Epoch 10/150
322/322 - 4s - loss: 0.4442 - val_loss: 0.4221 - lr: 5.0000e-04 - 4s/epoch - 11ms/step
Epoch 11/150
322/322 - 4s - loss: 0.4396 - val_loss: 0.4017 - lr: 5.0000e-04 - 4s/epoch - 11ms/step
Epoch 12/150
322/322 - 4s - loss: 0.4418 - val_loss: 0.3689 - lr: 5.0000e-04 - 4s/epoch - 11ms/step
Epoch 13/150
322/322 - 4s - loss: 0.4250 - val_loss: 0.4447 - lr: 5.0000e-04 - 4s/epoch - 11ms/step
Epoch 14/150
322/322 - 3s - loss: 0.4138 - val_loss: 0.4178 - lr: 5.0000e-04 - 3s/epoch - 11ms/step
Epoch 15/150
322/322 - 3s - loss: 0.4154 - val_loss: 0.3903 - lr: 5.0000e-04 - 3s/epoch - 11ms/step
Epoch 16/150
322/322 - 4s - loss: 0.4000 - val_loss: 0.4337 - lr: 5.0000e-04 - 4s/epoch - 11ms/step
Epoch 17/150
322/322 - 4s - loss: 0.3896 - val_loss: 0.4125 - lr: 5.0000e-04 - 4s/epoch - 11ms/step
Epoch 18/150
322/322 - 4s - loss: 0.3997 - val_loss: 0.4220 - lr: 5.0000e-04 - 4s/epoch - 11ms/step
Epoch 19/150
322/322 - 4s - loss: 0.3836 - val_loss: 0.4235 - lr: 5.0000e-04 - 4s/epoch - 11ms/step
Epoch 20/150
322/322 - 3s - loss: 0.3777 - val_loss: 0.3597 - lr: 5.0000e-04 - 3s/epoch - 11ms/step
Epoch 21/150
322/322 - 3s - loss: 0.3832 - val_loss: 0.4702 - lr: 5.0000e-04 - 3s/epoch - 11ms/step
Epoch 22/150
322/322 - 3s - loss: 0.3819 - val_loss: 0.4111 - lr: 5.0000e-04 - 3s/epoch - 10ms/step
Epoch 23/150
322/322 - 3s - loss: 0.3759 - val_loss: 0.3954 - lr: 5.0000e-04 - 3s/epoch - 11ms/step
Epoch 24/150
322/322 - 3s - loss: 0.3687 - val_loss: 0.3970 - lr: 5.0000e-04 - 3s/epoch - 11ms/step
Epoch 25/150
322/322 - 4s - loss: 0.3677 - val_loss: 0.4206 - lr: 5.0000e-04 - 4s/epoch - 11ms/step
Epoch 26/150
322/322 - 4s - loss: 0.3619 - val_loss: 0.3740 - lr: 5.0000e-04 - 4s/epoch - 11ms/step
Epoch 27/150
322/322 - 4s - loss: 0.3491 - val_loss: 0.3783 - lr: 5.0000e-04 - 4s/epoch - 11ms/step
Epoch 28/150
322/322 - 4s - loss: 0.3619 - val_loss: 0.3809 - lr: 5.0000e-04 - 4s/epoch - 11ms/step
Epoch 29/150
322/322 - 4s - loss: 0.3510 - val_loss: 0.3598 - lr: 5.0000e-04 - 4s/epoch - 11ms/step
Epoch 30/150
322/322 - 4s - loss: 0.3410 - val_loss: 0.4078 - lr: 5.0000e-04 - 4s/epoch - 11ms/step
Epoch 31/150
322/322 - 4s - loss: 0.3502 - val_loss: 0.4145 - lr: 5.0000e-04 - 4s/epoch - 11ms/step
Epoch 32/150
322/322 - 4s - loss: 0.3388 - val_loss: 0.4149 - lr: 5.0000e-04 - 4s/epoch - 11ms/step
Epoch 33/150
322/322 - 4s - loss: 0.3233 - val_loss: 0.3477 - lr: 2.5000e-04 - 4s/epoch - 11ms/step
Epoch 34/150
322/322 - 4s - loss: 0.3167 - val_loss: 0.3672 - lr: 2.5000e-04 - 4s/epoch - 11ms/step
Epoch 35/150
322/322 - 4s - loss: 0.3132 - val_loss: 0.3601 - lr: 2.5000e-04 - 4s/epoch - 11ms/step
Epoch 36/150
322/322 - 4s - loss: 0.3139 - val_loss: 0.3808 - lr: 2.5000e-04 - 4s/epoch - 11ms/step
Epoch 37/150
322/322 - 4s - loss: 0.3110 - val_loss: 0.3839 - lr: 2.5000e-04 - 4s/epoch - 11ms/step
Epoch 38/150
322/322 - 4s - loss: 0.3062 - val_loss: 0.3867 - lr: 2.5000e-04 - 4s/epoch - 11ms/step
Epoch 39/150
322/322 - 4s - loss: 0.3052 - val_loss: 0.3918 - lr: 2.5000e-04 - 4s/epoch - 11ms/step
Epoch 40/150
322/322 - 4s - loss: 0.3064 - val_loss: 0.3630 - lr: 2.5000e-04 - 4s/epoch - 11ms/step
Epoch 41/150
322/322 - 3s - loss: 0.3060 - val_loss: 0.3685 - lr: 2.5000e-04 - 3s/epoch - 10ms/step
Epoch 42/150
322/322 - 4s - loss: 0.3027 - val_loss: 0.4352 - lr: 2.5000e-04 - 4s/epoch - 11ms/step
Epoch 43/150
322/322 - 4s - loss: 0.3027 - val_loss: 0.3764 - lr: 2.5000e-04 - 4s/epoch - 11ms/step
Epoch 44/150
322/322 - 4s - loss: 0.2982 - val_loss: 0.4308 - lr: 2.5000e-04 - 4s/epoch - 11ms/step
Epoch 45/150
322/322 - 4s - loss: 0.2968 - val_loss: 0.4077 - lr: 2.5000e-04 - 4s/epoch - 11ms/step
Epoch 46/150
322/322 - 4s - loss: 0.2874 - val_loss: 0.4044 - lr: 1.2500e-04 - 4s/epoch - 11ms/step
Epoch 47/150
322/322 - 4s - loss: 0.2856 - val_loss: 0.4139 - lr: 1.2500e-04 - 4s/epoch - 11ms/step
Epoch 48/150
322/322 - 4s - loss: 0.2846 - val_loss: 0.3722 - lr: 1.2500e-04 - 4s/epoch - 11ms/step
Epoch 49/150
322/322 - 4s - loss: 0.2832 - val_loss: 0.4006 - lr: 1.2500e-04 - 4s/epoch - 11ms/step
Epoch 50/150
322/322 - 4s - loss: 0.2827 - val_loss: 0.4290 - lr: 1.2500e-04 - 4s/epoch - 11ms/step
Epoch 51/150
322/322 - 4s - loss: 0.2800 - val_loss: 0.4158 - lr: 1.2500e-04 - 4s/epoch - 11ms/step
Epoch 52/150
322/322 - 3s - loss: 0.2793 - val_loss: 0.4071 - lr: 1.2500e-04 - 3s/epoch - 11ms/step
Epoch 53/150
322/322 - 4s - loss: 0.2803 - val_loss: 0.4209 - lr: 1.2500e-04 - 4s/epoch - 11ms/step
Epoch 54/150
322/322 - 4s - loss: 0.2801 - val_loss: 0.3948 - lr: 1.2500e-04 - 4s/epoch - 11ms/step
Epoch 55/150
322/322 - 3s - loss: 0.2792 - val_loss: 0.3997 - lr: 1.2500e-04 - 3s/epoch - 11ms/step
Epoch 56/150
322/322 - 4s - loss: 0.2779 - val_loss: 0.4335 - lr: 1.2500e-04 - 4s/epoch - 11ms/step
Epoch 57/150
322/322 - 3s - loss: 0.2763 - val_loss: 0.3983 - lr: 1.2500e-04 - 3s/epoch - 11ms/step
Epoch 58/150
322/322 - 3s - loss: 0.2719 - val_loss: 0.4167 - lr: 6.2500e-05 - 3s/epoch - 10ms/step
[OK] Done: /home/ai-station/Projects_code/SUT_Rice_Project_2024/BPH_Research/results/out_train_w60_h7_context/cnn_lstm_core

======================================
3) Train Transformer
======================================
2026-05-18 00:55:01.291775: E external/local_xla/xla/stream_executor/cuda/cuda_dnn.cc:9261] Unable to register cuDNN factory: Attempting to register factory for plugin cuDNN when one has already been registered
2026-05-18 00:55:01.291809: E external/local_xla/xla/stream_executor/cuda/cuda_fft.cc:607] Unable to register cuFFT factory: Attempting to register factory for plugin cuFFT when one has already been registered
2026-05-18 00:55:01.293136: E external/local_xla/xla/stream_executor/cuda/cuda_blas.cc:1515] Unable to register cuBLAS factory: Attempting to register factory for plugin cuBLAS when one has already been registered
2026-05-18 00:55:02.139244: W tensorflow/compiler/tf2tensorrt/utils/py_utils.cc:38] TF-TRT Warning: Could not find TensorRT
2026-05-18 00:55:02.731536: I external/local_xla/xla/stream_executor/cuda/cuda_executor.cc:901] successful NUMA node read from SysFS had negative value (-1), but there must be at least one NUMA node, so returning NUMA node zero. See more at https://github.com/torvalds/linux/blob/v6.0/Documentation/ABI/testing/sysfs-bus-pci#L344-L355
2026-05-18 00:55:02.766416: I external/local_xla/xla/stream_executor/cuda/cuda_executor.cc:901] successful NUMA node read from SysFS had negative value (-1), but there must be at least one NUMA node, so returning NUMA node zero. See more at https://github.com/torvalds/linux/blob/v6.0/Documentation/ABI/testing/sysfs-bus-pci#L344-L355
2026-05-18 00:55:02.766683: I external/local_xla/xla/stream_executor/cuda/cuda_executor.cc:901] successful NUMA node read from SysFS had negative value (-1), but there must be at least one NUMA node, so returning NUMA node zero. See more at https://github.com/torvalds/linux/blob/v6.0/Documentation/ABI/testing/sysfs-bus-pci#L344-L355
2026-05-18 00:55:03.323347: I external/local_xla/xla/stream_executor/cuda/cuda_executor.cc:901] successful NUMA node read from SysFS had negative value (-1), but there must be at least one NUMA node, so returning NUMA node zero. See more at https://github.com/torvalds/linux/blob/v6.0/Documentation/ABI/testing/sysfs-bus-pci#L344-L355
2026-05-18 00:55:03.323560: I external/local_xla/xla/stream_executor/cuda/cuda_executor.cc:901] successful NUMA node read from SysFS had negative value (-1), but there must be at least one NUMA node, so returning NUMA node zero. See more at https://github.com/torvalds/linux/blob/v6.0/Documentation/ABI/testing/sysfs-bus-pci#L344-L355
2026-05-18 00:55:03.323704: I external/local_xla/xla/stream_executor/cuda/cuda_executor.cc:901] successful NUMA node read from SysFS had negative value (-1), but there must be at least one NUMA node, so returning NUMA node zero. See more at https://github.com/torvalds/linux/blob/v6.0/Documentation/ABI/testing/sysfs-bus-pci#L344-L355
2026-05-18 00:55:03.395153: I external/local_xla/xla/stream_executor/cuda/cuda_executor.cc:901] successful NUMA node read from SysFS had negative value (-1), but there must be at least one NUMA node, so returning NUMA node zero. See more at https://github.com/torvalds/linux/blob/v6.0/Documentation/ABI/testing/sysfs-bus-pci#L344-L355
2026-05-18 00:55:03.395472: I external/local_xla/xla/stream_executor/cuda/cuda_executor.cc:901] successful NUMA node read from SysFS had negative value (-1), but there must be at least one NUMA node, so returning NUMA node zero. See more at https://github.com/torvalds/linux/blob/v6.0/Documentation/ABI/testing/sysfs-bus-pci#L344-L355
2026-05-18 00:55:03.395798: I external/local_xla/xla/stream_executor/cuda/cuda_executor.cc:901] successful NUMA node read from SysFS had negative value (-1), but there must be at least one NUMA node, so returning NUMA node zero. See more at https://github.com/torvalds/linux/blob/v6.0/Documentation/ABI/testing/sysfs-bus-pci#L344-L355
2026-05-18 00:55:03.395907: I tensorflow/core/common_runtime/gpu/gpu_device.cc:1929] Created device /job:localhost/replica:0/task:0/device:GPU:0 with 6986 MB memory:  -> device: 0, name: NVIDIA GeForce GTX 1070 Ti, pci bus id: 0000:01:00.0, compute capability: 6.1
Epoch 1/200
2026-05-18 00:55:07.950156: I external/local_tsl/tsl/platform/default/subprocess.cc:304] Start cannot spawn child process: No such file or directory
2026-05-18 00:55:09.766869: I external/local_xla/xla/service/service.cc:168] XLA service 0x7d8af0caa1f0 initialized for platform CUDA (this does not guarantee that XLA will be used). Devices:
2026-05-18 00:55:09.766897: I external/local_xla/xla/service/service.cc:176]   StreamExecutor device (0): NVIDIA GeForce GTX 1070 Ti, Compute Capability 6.1
2026-05-18 00:55:09.772619: I tensorflow/compiler/mlir/tensorflow/utils/dump_mlir_util.cc:269] disabling MLIR crash reproducer, set env var `MLIR_CRASH_REPRODUCER_DIRECTORY` to enable.
2026-05-18 00:55:09.787263: I external/local_xla/xla/stream_executor/cuda/cuda_dnn.cc:454] Loaded cuDNN version 8904
WARNING: All log messages before absl::InitializeLog() is called are written to STDERR
I0000 00:00:1779040509.877648   12510 device_compiler.h:186] Compiled cluster using XLA!  This line is logged at most once for the lifetime of the process.
322/322 - 19s - loss: 0.6681 - val_loss: 0.6393 - lr: 5.0000e-04 - 19s/epoch - 59ms/step
Epoch 2/200
322/322 - 10s - loss: 0.5843 - val_loss: 0.6371 - lr: 5.0000e-04 - 10s/epoch - 32ms/step
Epoch 3/200
322/322 - 10s - loss: 0.5505 - val_loss: 0.6856 - lr: 5.0000e-04 - 10s/epoch - 31ms/step
Epoch 4/200
322/322 - 10s - loss: 0.5139 - val_loss: 0.4902 - lr: 5.0000e-04 - 10s/epoch - 30ms/step
Epoch 5/200
322/322 - 10s - loss: 0.4910 - val_loss: 0.4505 - lr: 5.0000e-04 - 10s/epoch - 31ms/step
Epoch 6/200
322/322 - 10s - loss: 0.4696 - val_loss: 0.5493 - lr: 5.0000e-04 - 10s/epoch - 32ms/step
Epoch 7/200
322/322 - 10s - loss: 0.4620 - val_loss: 0.4856 - lr: 5.0000e-04 - 10s/epoch - 31ms/step
Epoch 8/200
322/322 - 10s - loss: 0.4493 - val_loss: 0.5752 - lr: 5.0000e-04 - 10s/epoch - 31ms/step
Epoch 9/200
322/322 - 10s - loss: 0.4436 - val_loss: 0.5155 - lr: 5.0000e-04 - 10s/epoch - 31ms/step
Epoch 10/200
322/322 - 10s - loss: 0.4258 - val_loss: 0.4644 - lr: 5.0000e-04 - 10s/epoch - 31ms/step
Epoch 11/200
322/322 - 10s - loss: 0.4254 - val_loss: 0.4820 - lr: 5.0000e-04 - 10s/epoch - 31ms/step
Epoch 12/200
322/322 - 10s - loss: 0.4110 - val_loss: 0.4070 - lr: 5.0000e-04 - 10s/epoch - 32ms/step
Epoch 13/200
322/322 - 10s - loss: 0.4071 - val_loss: 0.4464 - lr: 5.0000e-04 - 10s/epoch - 31ms/step
Epoch 14/200
322/322 - 10s - loss: 0.4037 - val_loss: 0.4659 - lr: 5.0000e-04 - 10s/epoch - 30ms/step
Epoch 15/200
322/322 - 10s - loss: 0.3912 - val_loss: 0.4253 - lr: 5.0000e-04 - 10s/epoch - 31ms/step
Epoch 16/200
322/322 - 10s - loss: 0.3892 - val_loss: 0.4271 - lr: 5.0000e-04 - 10s/epoch - 31ms/step
Epoch 17/200
322/322 - 10s - loss: 0.3787 - val_loss: 0.4554 - lr: 5.0000e-04 - 10s/epoch - 31ms/step
Epoch 18/200
322/322 - 10s - loss: 0.3742 - val_loss: 0.4164 - lr: 5.0000e-04 - 10s/epoch - 31ms/step
Epoch 19/200
322/322 - 10s - loss: 0.3754 - val_loss: 0.4498 - lr: 5.0000e-04 - 10s/epoch - 31ms/step
Epoch 20/200
322/322 - 10s - loss: 0.3707 - val_loss: 0.4418 - lr: 5.0000e-04 - 10s/epoch - 31ms/step
Epoch 21/200
322/322 - 10s - loss: 0.3640 - val_loss: 0.4639 - lr: 5.0000e-04 - 10s/epoch - 32ms/step
Epoch 22/200
322/322 - 10s - loss: 0.3605 - val_loss: 0.4323 - lr: 5.0000e-04 - 10s/epoch - 31ms/step
Epoch 23/200
322/322 - 10s - loss: 0.3594 - val_loss: 0.4601 - lr: 5.0000e-04 - 10s/epoch - 31ms/step
Epoch 24/200
322/322 - 10s - loss: 0.3587 - val_loss: 0.4705 - lr: 5.0000e-04 - 10s/epoch - 31ms/step
Epoch 25/200
322/322 - 10s - loss: 0.3458 - val_loss: 0.4366 - lr: 5.0000e-04 - 10s/epoch - 32ms/step
Epoch 26/200
322/322 - 10s - loss: 0.3477 - val_loss: 0.4541 - lr: 5.0000e-04 - 10s/epoch - 30ms/step
Epoch 27/200
322/322 - 10s - loss: 0.3431 - val_loss: 0.4295 - lr: 5.0000e-04 - 10s/epoch - 31ms/step
Epoch 28/200
322/322 - 10s - loss: 0.3263 - val_loss: 0.4537 - lr: 2.5000e-04 - 10s/epoch - 32ms/step
Epoch 29/200
322/322 - 10s - loss: 0.3215 - val_loss: 0.4831 - lr: 2.5000e-04 - 10s/epoch - 31ms/step
Epoch 30/200
322/322 - 10s - loss: 0.3178 - val_loss: 0.4452 - lr: 2.5000e-04 - 10s/epoch - 31ms/step
Epoch 31/200
322/322 - 10s - loss: 0.3182 - val_loss: 0.4988 - lr: 2.5000e-04 - 10s/epoch - 31ms/step
Epoch 32/200
322/322 - 10s - loss: 0.3186 - val_loss: 0.4619 - lr: 2.5000e-04 - 10s/epoch - 31ms/step
Epoch 33/200
322/322 - 10s - loss: 0.3161 - val_loss: 0.4410 - lr: 2.5000e-04 - 10s/epoch - 31ms/step
Epoch 34/200
322/322 - 10s - loss: 0.3133 - val_loss: 0.4640 - lr: 2.5000e-04 - 10s/epoch - 31ms/step
Epoch 35/200
322/322 - 10s - loss: 0.3134 - val_loss: 0.4370 - lr: 2.5000e-04 - 10s/epoch - 31ms/step
Epoch 36/200
322/322 - 10s - loss: 0.3097 - val_loss: 0.4565 - lr: 2.5000e-04 - 10s/epoch - 31ms/step
Epoch 37/200
322/322 - 10s - loss: 0.3084 - val_loss: 0.4457 - lr: 2.5000e-04 - 10s/epoch - 31ms/step
Epoch 38/200
322/322 - 10s - loss: 0.3105 - val_loss: 0.4918 - lr: 2.5000e-04 - 10s/epoch - 31ms/step
Epoch 39/200
322/322 - 10s - loss: 0.3037 - val_loss: 0.4249 - lr: 2.5000e-04 - 10s/epoch - 31ms/step
Epoch 40/200
322/322 - 10s - loss: 0.3036 - val_loss: 0.4517 - lr: 2.5000e-04 - 10s/epoch - 31ms/step
Epoch 41/200
322/322 - 10s - loss: 0.3002 - val_loss: 0.4488 - lr: 2.5000e-04 - 10s/epoch - 31ms/step
Epoch 42/200
322/322 - 10s - loss: 0.3012 - val_loss: 0.4404 - lr: 2.5000e-04 - 10s/epoch - 32ms/step
[OK] Done: /home/ai-station/Projects_code/SUT_Rice_Project_2024/BPH_Research/results/out_train_w60_h7_context/transformer_core

======================================
4) Summarize Runs
======================================
Traceback (most recent call last):
  File "/home/ai-station/my_project/.tf251p310/lib/python3.10/site-packages/pandas/compat/_optional.py", line 135, in import_optional_dependency
    module = importlib.import_module(name)
  File "/usr/lib/python3.10/importlib/__init__.py", line 126, in import_module
    return _bootstrap._gcd_import(name[level:], package, level)
  File "<frozen importlib._bootstrap>", line 1050, in _gcd_import
  File "<frozen importlib._bootstrap>", line 1027, in _find_and_load
  File "<frozen importlib._bootstrap>", line 1004, in _find_and_load_unlocked
ModuleNotFoundError: No module named 'tabulate'

During handling of the above exception, another exception occurred:

Traceback (most recent call last):
  File "/home/ai-station/Projects_code/SUT_Rice_Project_2024/BPH_Research/scripts/summarize_runs.py", line 86, in <module>
    main()
  File "/home/ai-station/Projects_code/SUT_Rice_Project_2024/BPH_Research/scripts/summarize_runs.py", line 75, in main
    md = df[[
  File "/home/ai-station/my_project/.tf251p310/lib/python3.10/site-packages/pandas/util/_decorators.py", line 333, in wrapper
    return func(*args, **kwargs)
  File "/home/ai-station/my_project/.tf251p310/lib/python3.10/site-packages/pandas/core/frame.py", line 2994, in to_markdown
    tabulate = import_optional_dependency("tabulate")
  File "/home/ai-station/my_project/.tf251p310/lib/python3.10/site-packages/pandas/compat/_optional.py", line 138, in import_optional_dependency
    raise ImportError(msg)
ImportError: Missing optional dependency 'tabulate'.  Use pip or conda to install tabulate.

======================================
Completed
NPZ      : results/out_feature_sets_w60_h7/context/sequences_window60_h7.npz
OUT ROOT : results/out_train_w60_h7_context
Summary  : results/out_train_w60_h7_context/summary
Logs     : results/out_train_w60_h7_context/logs
======================================
=== START full ===
======================================
Start Training
NPZ      : results/out_feature_sets_w60_h7/full/sequences_window60_h7.npz
OUT ROOT : results/out_train_w60_h7_full
======================================

======================================
1) Train LSTM
======================================
2026-05-18 01:02:22.319773: E external/local_xla/xla/stream_executor/cuda/cuda_dnn.cc:9261] Unable to register cuDNN factory: Attempting to register factory for plugin cuDNN when one has already been registered
2026-05-18 01:02:22.319809: E external/local_xla/xla/stream_executor/cuda/cuda_fft.cc:607] Unable to register cuFFT factory: Attempting to register factory for plugin cuFFT when one has already been registered
2026-05-18 01:02:22.321121: E external/local_xla/xla/stream_executor/cuda/cuda_blas.cc:1515] Unable to register cuBLAS factory: Attempting to register factory for plugin cuBLAS when one has already been registered
2026-05-18 01:02:23.168751: W tensorflow/compiler/tf2tensorrt/utils/py_utils.cc:38] TF-TRT Warning: Could not find TensorRT
2026-05-18 01:02:23.762445: I external/local_xla/xla/stream_executor/cuda/cuda_executor.cc:901] successful NUMA node read from SysFS had negative value (-1), but there must be at least one NUMA node, so returning NUMA node zero. See more at https://github.com/torvalds/linux/blob/v6.0/Documentation/ABI/testing/sysfs-bus-pci#L344-L355
2026-05-18 01:02:23.796993: I external/local_xla/xla/stream_executor/cuda/cuda_executor.cc:901] successful NUMA node read from SysFS had negative value (-1), but there must be at least one NUMA node, so returning NUMA node zero. See more at https://github.com/torvalds/linux/blob/v6.0/Documentation/ABI/testing/sysfs-bus-pci#L344-L355
2026-05-18 01:02:23.797222: I external/local_xla/xla/stream_executor/cuda/cuda_executor.cc:901] successful NUMA node read from SysFS had negative value (-1), but there must be at least one NUMA node, so returning NUMA node zero. See more at https://github.com/torvalds/linux/blob/v6.0/Documentation/ABI/testing/sysfs-bus-pci#L344-L355
2026-05-18 01:02:24.874631: I external/local_xla/xla/stream_executor/cuda/cuda_executor.cc:901] successful NUMA node read from SysFS had negative value (-1), but there must be at least one NUMA node, so returning NUMA node zero. See more at https://github.com/torvalds/linux/blob/v6.0/Documentation/ABI/testing/sysfs-bus-pci#L344-L355
2026-05-18 01:02:24.874962: I external/local_xla/xla/stream_executor/cuda/cuda_executor.cc:901] successful NUMA node read from SysFS had negative value (-1), but there must be at least one NUMA node, so returning NUMA node zero. See more at https://github.com/torvalds/linux/blob/v6.0/Documentation/ABI/testing/sysfs-bus-pci#L344-L355
2026-05-18 01:02:24.875201: I external/local_xla/xla/stream_executor/cuda/cuda_executor.cc:901] successful NUMA node read from SysFS had negative value (-1), but there must be at least one NUMA node, so returning NUMA node zero. See more at https://github.com/torvalds/linux/blob/v6.0/Documentation/ABI/testing/sysfs-bus-pci#L344-L355
2026-05-18 01:02:24.949644: I external/local_xla/xla/stream_executor/cuda/cuda_executor.cc:901] successful NUMA node read from SysFS had negative value (-1), but there must be at least one NUMA node, so returning NUMA node zero. See more at https://github.com/torvalds/linux/blob/v6.0/Documentation/ABI/testing/sysfs-bus-pci#L344-L355
2026-05-18 01:02:24.949923: I external/local_xla/xla/stream_executor/cuda/cuda_executor.cc:901] successful NUMA node read from SysFS had negative value (-1), but there must be at least one NUMA node, so returning NUMA node zero. See more at https://github.com/torvalds/linux/blob/v6.0/Documentation/ABI/testing/sysfs-bus-pci#L344-L355
2026-05-18 01:02:24.950193: I external/local_xla/xla/stream_executor/cuda/cuda_executor.cc:901] successful NUMA node read from SysFS had negative value (-1), but there must be at least one NUMA node, so returning NUMA node zero. See more at https://github.com/torvalds/linux/blob/v6.0/Documentation/ABI/testing/sysfs-bus-pci#L344-L355
2026-05-18 01:02:24.950331: I tensorflow/core/common_runtime/gpu/gpu_device.cc:1929] Created device /job:localhost/replica:0/task:0/device:GPU:0 with 7186 MB memory:  -> device: 0, name: NVIDIA GeForce GTX 1070 Ti, pci bus id: 0000:01:00.0, compute capability: 6.1
2026-05-18 01:02:25.101291: I external/local_tsl/tsl/platform/default/subprocess.cc:304] Start cannot spawn child process: No such file or directory
Epoch 1/120
2026-05-18 01:02:28.416024: I external/local_xla/xla/stream_executor/cuda/cuda_dnn.cc:454] Loaded cuDNN version 8904
2026-05-18 01:02:29.425868: I external/local_xla/xla/service/service.cc:168] XLA service 0x78bd6713d270 initialized for platform CUDA (this does not guarantee that XLA will be used). Devices:
2026-05-18 01:02:29.425907: I external/local_xla/xla/service/service.cc:176]   StreamExecutor device (0): NVIDIA GeForce GTX 1070 Ti, Compute Capability 6.1
2026-05-18 01:02:29.433358: I tensorflow/compiler/mlir/tensorflow/utils/dump_mlir_util.cc:269] disabling MLIR crash reproducer, set env var `MLIR_CRASH_REPRODUCER_DIRECTORY` to enable.
WARNING: All log messages before absl::InitializeLog() is called are written to STDERR
I0000 00:00:1779040949.536635   14971 device_compiler.h:186] Compiled cluster using XLA!  This line is logged at most once for the lifetime of the process.
322/322 - 8s - loss: 0.5519 - val_loss: 0.4930 - lr: 5.0000e-04 - 8s/epoch - 25ms/step
Epoch 2/120
322/322 - 4s - loss: 0.4653 - val_loss: 0.4934 - lr: 5.0000e-04 - 4s/epoch - 12ms/step
Epoch 3/120
322/322 - 4s - loss: 0.4355 - val_loss: 0.4885 - lr: 5.0000e-04 - 4s/epoch - 12ms/step
Epoch 4/120
322/322 - 4s - loss: 0.4179 - val_loss: 0.4780 - lr: 5.0000e-04 - 4s/epoch - 12ms/step
Epoch 5/120
322/322 - 4s - loss: 0.4086 - val_loss: 0.4895 - lr: 5.0000e-04 - 4s/epoch - 12ms/step
Epoch 6/120
322/322 - 4s - loss: 0.4029 - val_loss: 0.4788 - lr: 5.0000e-04 - 4s/epoch - 12ms/step
Epoch 7/120
322/322 - 4s - loss: 0.3914 - val_loss: 0.5625 - lr: 5.0000e-04 - 4s/epoch - 11ms/step
Epoch 8/120
322/322 - 4s - loss: 0.3866 - val_loss: 0.5642 - lr: 5.0000e-04 - 4s/epoch - 12ms/step
Epoch 9/120
322/322 - 4s - loss: 0.3787 - val_loss: 0.5033 - lr: 5.0000e-04 - 4s/epoch - 12ms/step
Epoch 10/120
322/322 - 4s - loss: 0.3701 - val_loss: 0.5009 - lr: 5.0000e-04 - 4s/epoch - 12ms/step
Epoch 11/120
322/322 - 4s - loss: 0.3665 - val_loss: 0.4550 - lr: 5.0000e-04 - 4s/epoch - 12ms/step
Epoch 12/120
322/322 - 4s - loss: 0.3634 - val_loss: 0.5267 - lr: 5.0000e-04 - 4s/epoch - 12ms/step
Epoch 13/120
322/322 - 4s - loss: 0.3593 - val_loss: 0.4922 - lr: 5.0000e-04 - 4s/epoch - 12ms/step
Epoch 14/120
322/322 - 4s - loss: 0.3579 - val_loss: 0.5362 - lr: 5.0000e-04 - 4s/epoch - 12ms/step
Epoch 15/120
322/322 - 4s - loss: 0.3537 - val_loss: 0.5369 - lr: 5.0000e-04 - 4s/epoch - 12ms/step
Epoch 16/120
322/322 - 4s - loss: 0.3489 - val_loss: 0.5343 - lr: 5.0000e-04 - 4s/epoch - 11ms/step
Epoch 17/120
322/322 - 4s - loss: 0.3459 - val_loss: 0.4975 - lr: 5.0000e-04 - 4s/epoch - 12ms/step
Epoch 18/120
322/322 - 4s - loss: 0.3508 - val_loss: 0.5239 - lr: 5.0000e-04 - 4s/epoch - 11ms/step
Epoch 19/120
322/322 - 4s - loss: 0.3406 - val_loss: 0.5164 - lr: 5.0000e-04 - 4s/epoch - 12ms/step
Epoch 20/120
322/322 - 4s - loss: 0.3408 - val_loss: 0.5446 - lr: 5.0000e-04 - 4s/epoch - 12ms/step
Epoch 21/120
322/322 - 4s - loss: 0.3389 - val_loss: 0.5871 - lr: 5.0000e-04 - 4s/epoch - 12ms/step
Epoch 22/120
322/322 - 4s - loss: 0.3225 - val_loss: 0.5118 - lr: 2.5000e-04 - 4s/epoch - 12ms/step
Epoch 23/120
322/322 - 4s - loss: 0.3211 - val_loss: 0.4931 - lr: 2.5000e-04 - 4s/epoch - 11ms/step
Epoch 24/120
322/322 - 4s - loss: 0.3171 - val_loss: 0.5518 - lr: 2.5000e-04 - 4s/epoch - 12ms/step
Epoch 25/120
322/322 - 4s - loss: 0.3152 - val_loss: 0.5064 - lr: 2.5000e-04 - 4s/epoch - 11ms/step
Epoch 26/120
322/322 - 4s - loss: 0.3153 - val_loss: 0.5727 - lr: 2.5000e-04 - 4s/epoch - 12ms/step
Epoch 27/120
322/322 - 4s - loss: 0.3134 - val_loss: 0.5405 - lr: 2.5000e-04 - 4s/epoch - 12ms/step
Epoch 28/120
322/322 - 4s - loss: 0.3107 - val_loss: 0.5239 - lr: 2.5000e-04 - 4s/epoch - 12ms/step
Epoch 29/120
322/322 - 4s - loss: 0.3130 - val_loss: 0.5646 - lr: 2.5000e-04 - 4s/epoch - 12ms/step
Epoch 30/120
322/322 - 4s - loss: 0.3076 - val_loss: 0.5346 - lr: 2.5000e-04 - 4s/epoch - 12ms/step
Epoch 31/120
322/322 - 4s - loss: 0.3083 - val_loss: 0.5597 - lr: 2.5000e-04 - 4s/epoch - 12ms/step
[OK] Done: /home/ai-station/Projects_code/SUT_Rice_Project_2024/BPH_Research/results/out_train_w60_h7_full/lstm_core

======================================
2) Train CNN-LSTM
======================================
2026-05-18 01:04:32.994543: E external/local_xla/xla/stream_executor/cuda/cuda_dnn.cc:9261] Unable to register cuDNN factory: Attempting to register factory for plugin cuDNN when one has already been registered
2026-05-18 01:04:32.994576: E external/local_xla/xla/stream_executor/cuda/cuda_fft.cc:607] Unable to register cuFFT factory: Attempting to register factory for plugin cuFFT when one has already been registered
2026-05-18 01:04:32.995884: E external/local_xla/xla/stream_executor/cuda/cuda_blas.cc:1515] Unable to register cuBLAS factory: Attempting to register factory for plugin cuBLAS when one has already been registered
2026-05-18 01:04:33.853356: W tensorflow/compiler/tf2tensorrt/utils/py_utils.cc:38] TF-TRT Warning: Could not find TensorRT
2026-05-18 01:04:34.460361: I external/local_xla/xla/stream_executor/cuda/cuda_executor.cc:901] successful NUMA node read from SysFS had negative value (-1), but there must be at least one NUMA node, so returning NUMA node zero. See more at https://github.com/torvalds/linux/blob/v6.0/Documentation/ABI/testing/sysfs-bus-pci#L344-L355
2026-05-18 01:04:34.494773: I external/local_xla/xla/stream_executor/cuda/cuda_executor.cc:901] successful NUMA node read from SysFS had negative value (-1), but there must be at least one NUMA node, so returning NUMA node zero. See more at https://github.com/torvalds/linux/blob/v6.0/Documentation/ABI/testing/sysfs-bus-pci#L344-L355
2026-05-18 01:04:34.495052: I external/local_xla/xla/stream_executor/cuda/cuda_executor.cc:901] successful NUMA node read from SysFS had negative value (-1), but there must be at least one NUMA node, so returning NUMA node zero. See more at https://github.com/torvalds/linux/blob/v6.0/Documentation/ABI/testing/sysfs-bus-pci#L344-L355
2026-05-18 01:04:35.570104: I external/local_xla/xla/stream_executor/cuda/cuda_executor.cc:901] successful NUMA node read from SysFS had negative value (-1), but there must be at least one NUMA node, so returning NUMA node zero. See more at https://github.com/torvalds/linux/blob/v6.0/Documentation/ABI/testing/sysfs-bus-pci#L344-L355
2026-05-18 01:04:35.570299: I external/local_xla/xla/stream_executor/cuda/cuda_executor.cc:901] successful NUMA node read from SysFS had negative value (-1), but there must be at least one NUMA node, so returning NUMA node zero. See more at https://github.com/torvalds/linux/blob/v6.0/Documentation/ABI/testing/sysfs-bus-pci#L344-L355
2026-05-18 01:04:35.570437: I external/local_xla/xla/stream_executor/cuda/cuda_executor.cc:901] successful NUMA node read from SysFS had negative value (-1), but there must be at least one NUMA node, so returning NUMA node zero. See more at https://github.com/torvalds/linux/blob/v6.0/Documentation/ABI/testing/sysfs-bus-pci#L344-L355
2026-05-18 01:04:35.639209: I external/local_xla/xla/stream_executor/cuda/cuda_executor.cc:901] successful NUMA node read from SysFS had negative value (-1), but there must be at least one NUMA node, so returning NUMA node zero. See more at https://github.com/torvalds/linux/blob/v6.0/Documentation/ABI/testing/sysfs-bus-pci#L344-L355
2026-05-18 01:04:35.639429: I external/local_xla/xla/stream_executor/cuda/cuda_executor.cc:901] successful NUMA node read from SysFS had negative value (-1), but there must be at least one NUMA node, so returning NUMA node zero. See more at https://github.com/torvalds/linux/blob/v6.0/Documentation/ABI/testing/sysfs-bus-pci#L344-L355
2026-05-18 01:04:35.639612: I external/local_xla/xla/stream_executor/cuda/cuda_executor.cc:901] successful NUMA node read from SysFS had negative value (-1), but there must be at least one NUMA node, so returning NUMA node zero. See more at https://github.com/torvalds/linux/blob/v6.0/Documentation/ABI/testing/sysfs-bus-pci#L344-L355
2026-05-18 01:04:35.639754: I tensorflow/core/common_runtime/gpu/gpu_device.cc:1929] Created device /job:localhost/replica:0/task:0/device:GPU:0 with 7190 MB memory:  -> device: 0, name: NVIDIA GeForce GTX 1070 Ti, pci bus id: 0000:01:00.0, compute capability: 6.1
2026-05-18 01:04:35.814138: I external/local_tsl/tsl/platform/default/subprocess.cc:304] Start cannot spawn child process: No such file or directory
Epoch 1/150
2026-05-18 01:04:38.484365: I external/local_xla/xla/stream_executor/cuda/cuda_dnn.cc:454] Loaded cuDNN version 8904
2026-05-18 01:04:38.572997: I external/local_tsl/tsl/platform/default/subprocess.cc:304] Start cannot spawn child process: No such file or directory
2026-05-18 01:04:40.617393: I external/local_xla/xla/service/service.cc:168] XLA service 0x7bcefc0ac540 initialized for platform CUDA (this does not guarantee that XLA will be used). Devices:
2026-05-18 01:04:40.617426: I external/local_xla/xla/service/service.cc:176]   StreamExecutor device (0): NVIDIA GeForce GTX 1070 Ti, Compute Capability 6.1
2026-05-18 01:04:40.624352: I tensorflow/compiler/mlir/tensorflow/utils/dump_mlir_util.cc:269] disabling MLIR crash reproducer, set env var `MLIR_CRASH_REPRODUCER_DIRECTORY` to enable.
WARNING: All log messages before absl::InitializeLog() is called are written to STDERR
I0000 00:00:1779041080.744681   16125 device_compiler.h:186] Compiled cluster using XLA!  This line is logged at most once for the lifetime of the process.
322/322 - 9s - loss: 0.5459 - val_loss: 0.4758 - lr: 5.0000e-04 - 9s/epoch - 27ms/step
Epoch 2/150
322/322 - 4s - loss: 0.4352 - val_loss: 0.4673 - lr: 5.0000e-04 - 4s/epoch - 11ms/step
Epoch 3/150
322/322 - 4s - loss: 0.4061 - val_loss: 0.4344 - lr: 5.0000e-04 - 4s/epoch - 11ms/step
Epoch 4/150
322/322 - 4s - loss: 0.3946 - val_loss: 0.4626 - lr: 5.0000e-04 - 4s/epoch - 11ms/step
Epoch 5/150
322/322 - 4s - loss: 0.3837 - val_loss: 0.4546 - lr: 5.0000e-04 - 4s/epoch - 11ms/step
Epoch 6/150
322/322 - 4s - loss: 0.3703 - val_loss: 0.4727 - lr: 5.0000e-04 - 4s/epoch - 11ms/step
Epoch 7/150
322/322 - 4s - loss: 0.3614 - val_loss: 0.4583 - lr: 5.0000e-04 - 4s/epoch - 11ms/step
Epoch 8/150
322/322 - 4s - loss: 0.3591 - val_loss: 0.5295 - lr: 5.0000e-04 - 4s/epoch - 11ms/step
Epoch 9/150
322/322 - 4s - loss: 0.3560 - val_loss: 0.4563 - lr: 5.0000e-04 - 4s/epoch - 11ms/step
Epoch 10/150
322/322 - 4s - loss: 0.3392 - val_loss: 0.4487 - lr: 5.0000e-04 - 4s/epoch - 11ms/step
Epoch 11/150
322/322 - 4s - loss: 0.3380 - val_loss: 0.4602 - lr: 5.0000e-04 - 4s/epoch - 11ms/step
Epoch 12/150
322/322 - 4s - loss: 0.3301 - val_loss: 0.4810 - lr: 5.0000e-04 - 4s/epoch - 11ms/step
Epoch 13/150
322/322 - 4s - loss: 0.3253 - val_loss: 0.4150 - lr: 5.0000e-04 - 4s/epoch - 11ms/step
Epoch 14/150
322/322 - 4s - loss: 0.3202 - val_loss: 0.4782 - lr: 5.0000e-04 - 4s/epoch - 11ms/step
Epoch 15/150
322/322 - 4s - loss: 0.3101 - val_loss: 0.4332 - lr: 5.0000e-04 - 4s/epoch - 11ms/step
Epoch 16/150
322/322 - 4s - loss: 0.3056 - val_loss: 0.4771 - lr: 5.0000e-04 - 4s/epoch - 11ms/step
Epoch 17/150
322/322 - 4s - loss: 0.3000 - val_loss: 0.4676 - lr: 5.0000e-04 - 4s/epoch - 11ms/step
Epoch 18/150
322/322 - 4s - loss: 0.2950 - val_loss: 0.4847 - lr: 5.0000e-04 - 4s/epoch - 11ms/step
Epoch 19/150
322/322 - 4s - loss: 0.2923 - val_loss: 0.4932 - lr: 5.0000e-04 - 4s/epoch - 11ms/step
Epoch 20/150
322/322 - 4s - loss: 0.2845 - val_loss: 0.4772 - lr: 5.0000e-04 - 4s/epoch - 11ms/step
Epoch 21/150
322/322 - 3s - loss: 0.2894 - val_loss: 0.5074 - lr: 5.0000e-04 - 3s/epoch - 11ms/step
Epoch 22/150
322/322 - 4s - loss: 0.2883 - val_loss: 0.4791 - lr: 5.0000e-04 - 4s/epoch - 11ms/step
Epoch 23/150
322/322 - 4s - loss: 0.2794 - val_loss: 0.4853 - lr: 5.0000e-04 - 4s/epoch - 11ms/step
Epoch 24/150
322/322 - 4s - loss: 0.2804 - val_loss: 0.5134 - lr: 5.0000e-04 - 4s/epoch - 11ms/step
Epoch 25/150
322/322 - 4s - loss: 0.2869 - val_loss: 0.4739 - lr: 5.0000e-04 - 4s/epoch - 11ms/step
Epoch 26/150
322/322 - 4s - loss: 0.2584 - val_loss: 0.5067 - lr: 2.5000e-04 - 4s/epoch - 11ms/step
Epoch 27/150
322/322 - 4s - loss: 0.2548 - val_loss: 0.4618 - lr: 2.5000e-04 - 4s/epoch - 11ms/step
Epoch 28/150
322/322 - 4s - loss: 0.2536 - val_loss: 0.5580 - lr: 2.5000e-04 - 4s/epoch - 11ms/step
Epoch 29/150
322/322 - 4s - loss: 0.2548 - val_loss: 0.4999 - lr: 2.5000e-04 - 4s/epoch - 11ms/step
Epoch 30/150
322/322 - 4s - loss: 0.2485 - val_loss: 0.5170 - lr: 2.5000e-04 - 4s/epoch - 11ms/step
Epoch 31/150
322/322 - 4s - loss: 0.2473 - val_loss: 0.5010 - lr: 2.5000e-04 - 4s/epoch - 11ms/step
Epoch 32/150
322/322 - 4s - loss: 0.2482 - val_loss: 0.4901 - lr: 2.5000e-04 - 4s/epoch - 11ms/step
Epoch 33/150
322/322 - 4s - loss: 0.2464 - val_loss: 0.5179 - lr: 2.5000e-04 - 4s/epoch - 11ms/step
Epoch 34/150
322/322 - 4s - loss: 0.2460 - val_loss: 0.5017 - lr: 2.5000e-04 - 4s/epoch - 11ms/step
Epoch 35/150
322/322 - 3s - loss: 0.2450 - val_loss: 0.5078 - lr: 2.5000e-04 - 3s/epoch - 11ms/step
Epoch 36/150
322/322 - 4s - loss: 0.2446 - val_loss: 0.5192 - lr: 2.5000e-04 - 4s/epoch - 11ms/step
Epoch 37/150
322/322 - 4s - loss: 0.2430 - val_loss: 0.5105 - lr: 2.5000e-04 - 4s/epoch - 11ms/step
Epoch 38/150
322/322 - 4s - loss: 0.2341 - val_loss: 0.5080 - lr: 1.2500e-04 - 4s/epoch - 11ms/step
[OK] Done: /home/ai-station/Projects_code/SUT_Rice_Project_2024/BPH_Research/results/out_train_w60_h7_full/cnn_lstm_core

======================================
3) Train Transformer
======================================
2026-05-18 01:07:04.736676: E external/local_xla/xla/stream_executor/cuda/cuda_dnn.cc:9261] Unable to register cuDNN factory: Attempting to register factory for plugin cuDNN when one has already been registered
2026-05-18 01:07:04.736712: E external/local_xla/xla/stream_executor/cuda/cuda_fft.cc:607] Unable to register cuFFT factory: Attempting to register factory for plugin cuFFT when one has already been registered
2026-05-18 01:07:04.738128: E external/local_xla/xla/stream_executor/cuda/cuda_blas.cc:1515] Unable to register cuBLAS factory: Attempting to register factory for plugin cuBLAS when one has already been registered
2026-05-18 01:07:05.581433: W tensorflow/compiler/tf2tensorrt/utils/py_utils.cc:38] TF-TRT Warning: Could not find TensorRT
2026-05-18 01:07:06.169439: I external/local_xla/xla/stream_executor/cuda/cuda_executor.cc:901] successful NUMA node read from SysFS had negative value (-1), but there must be at least one NUMA node, so returning NUMA node zero. See more at https://github.com/torvalds/linux/blob/v6.0/Documentation/ABI/testing/sysfs-bus-pci#L344-L355
2026-05-18 01:07:06.203459: I external/local_xla/xla/stream_executor/cuda/cuda_executor.cc:901] successful NUMA node read from SysFS had negative value (-1), but there must be at least one NUMA node, so returning NUMA node zero. See more at https://github.com/torvalds/linux/blob/v6.0/Documentation/ABI/testing/sysfs-bus-pci#L344-L355
2026-05-18 01:07:06.203695: I external/local_xla/xla/stream_executor/cuda/cuda_executor.cc:901] successful NUMA node read from SysFS had negative value (-1), but there must be at least one NUMA node, so returning NUMA node zero. See more at https://github.com/torvalds/linux/blob/v6.0/Documentation/ABI/testing/sysfs-bus-pci#L344-L355
2026-05-18 01:07:07.275604: I external/local_xla/xla/stream_executor/cuda/cuda_executor.cc:901] successful NUMA node read from SysFS had negative value (-1), but there must be at least one NUMA node, so returning NUMA node zero. See more at https://github.com/torvalds/linux/blob/v6.0/Documentation/ABI/testing/sysfs-bus-pci#L344-L355
2026-05-18 01:07:07.275882: I external/local_xla/xla/stream_executor/cuda/cuda_executor.cc:901] successful NUMA node read from SysFS had negative value (-1), but there must be at least one NUMA node, so returning NUMA node zero. See more at https://github.com/torvalds/linux/blob/v6.0/Documentation/ABI/testing/sysfs-bus-pci#L344-L355
2026-05-18 01:07:07.276082: I external/local_xla/xla/stream_executor/cuda/cuda_executor.cc:901] successful NUMA node read from SysFS had negative value (-1), but there must be at least one NUMA node, so returning NUMA node zero. See more at https://github.com/torvalds/linux/blob/v6.0/Documentation/ABI/testing/sysfs-bus-pci#L344-L355
2026-05-18 01:07:07.347620: I external/local_xla/xla/stream_executor/cuda/cuda_executor.cc:901] successful NUMA node read from SysFS had negative value (-1), but there must be at least one NUMA node, so returning NUMA node zero. See more at https://github.com/torvalds/linux/blob/v6.0/Documentation/ABI/testing/sysfs-bus-pci#L344-L355
2026-05-18 01:07:07.347849: I external/local_xla/xla/stream_executor/cuda/cuda_executor.cc:901] successful NUMA node read from SysFS had negative value (-1), but there must be at least one NUMA node, so returning NUMA node zero. See more at https://github.com/torvalds/linux/blob/v6.0/Documentation/ABI/testing/sysfs-bus-pci#L344-L355
2026-05-18 01:07:07.348028: I external/local_xla/xla/stream_executor/cuda/cuda_executor.cc:901] successful NUMA node read from SysFS had negative value (-1), but there must be at least one NUMA node, so returning NUMA node zero. See more at https://github.com/torvalds/linux/blob/v6.0/Documentation/ABI/testing/sysfs-bus-pci#L344-L355
2026-05-18 01:07:07.348155: I tensorflow/core/common_runtime/gpu/gpu_device.cc:1929] Created device /job:localhost/replica:0/task:0/device:GPU:0 with 7190 MB memory:  -> device: 0, name: NVIDIA GeForce GTX 1070 Ti, pci bus id: 0000:01:00.0, compute capability: 6.1
Epoch 1/200
2026-05-18 01:07:12.118791: I external/local_tsl/tsl/platform/default/subprocess.cc:304] Start cannot spawn child process: No such file or directory
2026-05-18 01:07:14.067109: I external/local_xla/xla/service/service.cc:168] XLA service 0x73b414b6d870 initialized for platform CUDA (this does not guarantee that XLA will be used). Devices:
2026-05-18 01:07:14.067142: I external/local_xla/xla/service/service.cc:176]   StreamExecutor device (0): NVIDIA GeForce GTX 1070 Ti, Compute Capability 6.1
2026-05-18 01:07:14.072747: I tensorflow/compiler/mlir/tensorflow/utils/dump_mlir_util.cc:269] disabling MLIR crash reproducer, set env var `MLIR_CRASH_REPRODUCER_DIRECTORY` to enable.
2026-05-18 01:07:14.087740: I external/local_xla/xla/stream_executor/cuda/cuda_dnn.cc:454] Loaded cuDNN version 8904
WARNING: All log messages before absl::InitializeLog() is called are written to STDERR
I0000 00:00:1779041234.174992   17451 device_compiler.h:186] Compiled cluster using XLA!  This line is logged at most once for the lifetime of the process.
322/322 - 19s - loss: 0.5707 - val_loss: 0.5578 - lr: 5.0000e-04 - 19s/epoch - 59ms/step
Epoch 2/200
322/322 - 10s - loss: 0.4581 - val_loss: 0.5229 - lr: 5.0000e-04 - 10s/epoch - 31ms/step
Epoch 3/200
322/322 - 10s - loss: 0.4185 - val_loss: 0.5156 - lr: 5.0000e-04 - 10s/epoch - 32ms/step
Epoch 4/200
322/322 - 10s - loss: 0.4017 - val_loss: 0.4829 - lr: 5.0000e-04 - 10s/epoch - 31ms/step
Epoch 5/200
322/322 - 10s - loss: 0.3880 - val_loss: 0.4621 - lr: 5.0000e-04 - 10s/epoch - 31ms/step
Epoch 6/200
322/322 - 10s - loss: 0.3784 - val_loss: 0.4815 - lr: 5.0000e-04 - 10s/epoch - 31ms/step
Epoch 7/200
322/322 - 10s - loss: 0.3703 - val_loss: 0.4461 - lr: 5.0000e-04 - 10s/epoch - 32ms/step
Epoch 8/200
322/322 - 10s - loss: 0.3644 - val_loss: 0.5239 - lr: 5.0000e-04 - 10s/epoch - 31ms/step
Epoch 9/200
322/322 - 10s - loss: 0.3594 - val_loss: 0.5519 - lr: 5.0000e-04 - 10s/epoch - 31ms/step
Epoch 10/200
322/322 - 10s - loss: 0.3452 - val_loss: 0.4524 - lr: 5.0000e-04 - 10s/epoch - 31ms/step
Epoch 11/200
322/322 - 10s - loss: 0.3430 - val_loss: 0.5110 - lr: 5.0000e-04 - 10s/epoch - 31ms/step
Epoch 12/200
322/322 - 10s - loss: 0.3347 - val_loss: 0.4893 - lr: 5.0000e-04 - 10s/epoch - 30ms/step
Epoch 13/200
322/322 - 10s - loss: 0.3302 - val_loss: 0.5140 - lr: 5.0000e-04 - 10s/epoch - 31ms/step
Epoch 14/200
322/322 - 10s - loss: 0.3202 - val_loss: 0.5059 - lr: 5.0000e-04 - 10s/epoch - 31ms/step
Epoch 15/200
322/322 - 10s - loss: 0.3122 - val_loss: 0.5406 - lr: 5.0000e-04 - 10s/epoch - 30ms/step
Epoch 16/200
322/322 - 10s - loss: 0.3137 - val_loss: 0.4717 - lr: 5.0000e-04 - 10s/epoch - 31ms/step
Epoch 17/200
322/322 - 10s - loss: 0.3091 - val_loss: 0.5391 - lr: 5.0000e-04 - 10s/epoch - 31ms/step
Epoch 18/200
322/322 - 10s - loss: 0.3065 - val_loss: 0.5380 - lr: 5.0000e-04 - 10s/epoch - 30ms/step
Epoch 19/200
322/322 - 10s - loss: 0.2999 - val_loss: 0.5501 - lr: 5.0000e-04 - 10s/epoch - 31ms/step
Epoch 20/200
322/322 - 10s - loss: 0.3002 - val_loss: 0.4976 - lr: 5.0000e-04 - 10s/epoch - 30ms/step
Epoch 21/200
322/322 - 10s - loss: 0.2963 - val_loss: 0.4809 - lr: 5.0000e-04 - 10s/epoch - 31ms/step
Epoch 22/200
322/322 - 10s - loss: 0.2949 - val_loss: 0.4841 - lr: 5.0000e-04 - 10s/epoch - 30ms/step
Epoch 23/200
322/322 - 10s - loss: 0.2789 - val_loss: 0.5224 - lr: 2.5000e-04 - 10s/epoch - 30ms/step
Epoch 24/200
322/322 - 10s - loss: 0.2767 - val_loss: 0.5262 - lr: 2.5000e-04 - 10s/epoch - 31ms/step
Epoch 25/200
322/322 - 10s - loss: 0.2741 - val_loss: 0.5253 - lr: 2.5000e-04 - 10s/epoch - 32ms/step
Epoch 26/200
322/322 - 10s - loss: 0.2773 - val_loss: 0.5340 - lr: 2.5000e-04 - 10s/epoch - 31ms/step
Epoch 27/200
322/322 - 10s - loss: 0.2742 - val_loss: 0.5027 - lr: 2.5000e-04 - 10s/epoch - 31ms/step
Epoch 28/200
322/322 - 10s - loss: 0.2740 - val_loss: 0.5797 - lr: 2.5000e-04 - 10s/epoch - 31ms/step
Epoch 29/200
322/322 - 10s - loss: 0.2706 - val_loss: 0.5312 - lr: 2.5000e-04 - 10s/epoch - 31ms/step
Epoch 30/200
322/322 - 10s - loss: 0.2688 - val_loss: 0.5185 - lr: 2.5000e-04 - 10s/epoch - 31ms/step
Epoch 31/200
322/322 - 10s - loss: 0.2691 - val_loss: 0.5305 - lr: 2.5000e-04 - 10s/epoch - 31ms/step
Epoch 32/200
322/322 - 10s - loss: 0.2673 - val_loss: 0.5431 - lr: 2.5000e-04 - 10s/epoch - 31ms/step
Epoch 33/200
322/322 - 10s - loss: 0.2679 - val_loss: 0.5414 - lr: 2.5000e-04 - 10s/epoch - 32ms/step
Epoch 34/200
322/322 - 10s - loss: 0.2656 - val_loss: 0.5171 - lr: 2.5000e-04 - 10s/epoch - 31ms/step
Epoch 35/200
322/322 - 10s - loss: 0.2653 - val_loss: 0.5081 - lr: 2.5000e-04 - 10s/epoch - 30ms/step
Epoch 36/200
322/322 - 10s - loss: 0.2647 - val_loss: 0.4921 - lr: 2.5000e-04 - 10s/epoch - 31ms/step
Epoch 37/200
322/322 - 10s - loss: 0.2657 - val_loss: 0.5119 - lr: 2.5000e-04 - 10s/epoch - 31ms/step
[OK] Done: /home/ai-station/Projects_code/SUT_Rice_Project_2024/BPH_Research/results/out_train_w60_h7_full/transformer_core

======================================
4) Summarize Runs
======================================
Traceback (most recent call last):
  File "/home/ai-station/my_project/.tf251p310/lib/python3.10/site-packages/pandas/compat/_optional.py", line 135, in import_optional_dependency
    module = importlib.import_module(name)
  File "/usr/lib/python3.10/importlib/__init__.py", line 126, in import_module
    return _bootstrap._gcd_import(name[level:], package, level)
  File "<frozen importlib._bootstrap>", line 1050, in _gcd_import
  File "<frozen importlib._bootstrap>", line 1027, in _find_and_load
  File "<frozen importlib._bootstrap>", line 1004, in _find_and_load_unlocked
ModuleNotFoundError: No module named 'tabulate'

During handling of the above exception, another exception occurred:

Traceback (most recent call last):
  File "/home/ai-station/Projects_code/SUT_Rice_Project_2024/BPH_Research/scripts/summarize_runs.py", line 86, in <module>
    main()
  File "/home/ai-station/Projects_code/SUT_Rice_Project_2024/BPH_Research/scripts/summarize_runs.py", line 75, in main
    md = df[[
  File "/home/ai-station/my_project/.tf251p310/lib/python3.10/site-packages/pandas/util/_decorators.py", line 333, in wrapper
    return func(*args, **kwargs)
  File "/home/ai-station/my_project/.tf251p310/lib/python3.10/site-packages/pandas/core/frame.py", line 2994, in to_markdown
    tabulate = import_optional_dependency("tabulate")
  File "/home/ai-station/my_project/.tf251p310/lib/python3.10/site-packages/pandas/compat/_optional.py", line 138, in import_optional_dependency
    raise ImportError(msg)
ImportError: Missing optional dependency 'tabulate'.  Use pip or conda to install tabulate.

======================================
Completed
NPZ      : results/out_feature_sets_w60_h7/full/sequences_window60_h7.npz
OUT ROOT : results/out_train_w60_h7_full
Summary  : results/out_train_w60_h7_full/summary
Logs     : results/out_train_w60_h7_full/logs
======================================
=== ALL DONE ===
